Warp 1.14.0 initialized:
   CUDA Toolkit 12.9, Driver 13.3
   Devices:
     "cpu"      : "CPU"
     "cuda:0"   : "NVIDIA RTX A500 Laptop GPU" (4 GiB, sm_86, mempool enabled)
   Kernel cache:
     /home/kuceral4/.cache/warp/1.14.0
section-6 benchmark [corridor]: 32 seeds x 5 policies + oracle
Module helhest.engine.envelope 8494861 load on device 'cuda:0' took 1.09 ms  (cached)
Module helhest.engine.step b170777 load on device 'cuda:0' took 7.16 ms  (cached)
Module helhest.planning.costtogo f250786 load on device 'cuda:0' took 0.95 ms  (cached)
Module helhest.planning.lattice_solver 4e28ec9 load on device 'cuda:0' took 0.71 ms  (cached)
Module helhest.control.mppi a8801d8 load on device 'cuda:0' took 1.16 ms  (cached)
  seed  0 gap_y +5.5 | oracle  213 | none  435 sigm  440 entr  324 cvar  272 attr  272
  seed  1 gap_y +0.0 | oracle  132 | none  132 sigm  166 entr  164 cvar  167 attr  167
  seed  2 gap_y -5.5 | oracle  208 | none  428 sigm  235 entr  259 cvar  235 attr  235
  seed  3 gap_y +0.0 | oracle  131 | none  133 sigm  166 entr  165 cvar  165 attr  165
  seed  4 gap_y +5.5 | oracle  213 | none  234 sigm  436 entr  323 cvar  274 attr  274
  seed  5 gap_y +0.0 | oracle  132 | none  131 sigm  165 entr  164 cvar  165 attr  165
  seed  6 gap_y -5.5 | oracle  208 | none  226 sigm  233 entr  453 cvar  235 attr  235
  seed  7 gap_y +0.0 | oracle  132 | none  132 sigm  165 entr  164 cvar  165 attr  165
  seed  8 gap_y +5.5 | oracle  212 | none  434 sigm  240 entr  266 cvar  238 attr  238
  seed  9 gap_y +0.0 | oracle  132 | none  133 sigm  165 entr  164 cvar  165 attr  165
  seed 10 gap_y -5.5 | oracle  207 | none  226 sigm  423 entr  449 cvar  342 attr  342
  seed 11 gap_y +0.0 | oracle  133 | none  133 sigm  165 entr  164 cvar  165 attr  165
  seed 12 gap_y +5.5 | oracle  213 | none  434 sigm  439 entr  266 cvar  349 attr  349
  seed 13 gap_y +0.0 | oracle  133 | none  131 sigm  166 entr  164 cvar  166 attr  166
  seed 14 gap_y -5.5 | oracle  208 | none  227 sigm  424 entr  445 cvar  341 attr  339
  seed 15 gap_y +0.0 | oracle  132 | none  133 sigm  164 entr  163 cvar  165 attr  165
  seed 16 gap_y +5.5 | oracle  213 | none  236 sigm  437 entr  325 cvar  273 attr  273
  seed 17 gap_y +0.0 | oracle  131 | none  132 sigm  164 entr  164 cvar  164 attr  164
  seed 18 gap_y -5.5 | oracle  207 | none  227 sigm  425 entr  258 cvar  339 attr  339
  seed 19 gap_y +0.0 | oracle  132 | none  133 sigm  164 entr  165 cvar  165 attr  165
  seed 20 gap_y +5.5 | oracle  213 | none  236 sigm  240 entr  266 cvar  240 attr  240
  seed 21 gap_y +0.0 | oracle  133 | none  131 sigm  165 entr  164 cvar  166 attr  166
  seed 22 gap_y -5.5 | oracle  208 | none  226 sigm  235 entr  323 cvar  236 attr  236
  seed 23 gap_y +0.0 | oracle  132 | none  131 sigm  164 entr  164 cvar  164 attr  164
  seed 24 gap_y +5.5 | oracle  216 | none  236 sigm  436 entr  324 cvar  272 attr  272
  seed 25 gap_y +0.0 | oracle  131 | none  133 sigm  165 entr  164 cvar  165 attr  165
  seed 26 gap_y -5.5 | oracle  208 | none  226 sigm  422 entr  323 cvar  415 attr  415
  seed 27 gap_y +0.0 | oracle  132 | none  132 sigm  165 entr  165 cvar  165 attr  165
  seed 28 gap_y +5.5 | oracle  215 | none  235 sigm  437 entr  266 cvar  274 attr  274
  seed 29 gap_y +0.0 | oracle  132 | none  132 sigm  165 entr  164 cvar  164 attr  164
  seed 30 gap_y -5.5 | oracle  207 | none  430 sigm  428 entr  259 cvar  337 attr  337
  seed 31 gap_y +0.0 | oracle  133 | none  132 sigm  165 entr  165 cvar  165 attr  165

oracle: reached 32/32, median time 170 frames

policy         reached  median t  vs oracle  headroom rec  looks  @gap  @decoy  contacts
none           32/32         180      1.06x           0%    0.0   0.0     0.0       0.0
sigma          32/32         200      1.17x        -995%    4.0   1.5     0.0       0.0
entropy        32/32         212      1.24x        -489%    4.0   0.4     1.4       0.0
cvar           32/32         201      1.18x        -193%    4.0   1.4     0.0       0.0
attribution    32/32         201      1.18x        -193%    4.0   1.4     0.0       0.0

policy         hard: median t  easy: median t   (hard = gap on the far side)
none                      236             132
sigma                     424             165
entropy                   323             164
cvar                      274             165
attribution               274             165
oracle                    210             132

paired vs attribution (per-seed time difference, negative = attribution faster)
  vs none         median     +32 frames, attribution faster on 5/32 seeds
  vs sigma        median      +0 frames, attribution faster on 14/32 seeds
  vs entropy      median      +0 frames, attribution faster on 11/32 seeds
  vs cvar         median      +0 frames, attribution faster on 1/32 seeds

wrote /home/kuceral4/projects/helhest_stack/studies/out/bench/results_corridor.json
BIGRUN DONE
