111 windows to score (0 already in crosssite_rows.jsonl), 8 workers
[14:32:55] keble-college-02-default/window_000 flagged sigma
[14:35:02] keble-college-02-default/window_001 flagged sigma
[14:35:04] keble-college-02-default/window_008 flagged sigma
[14:35:34] keble-college-02-default/window_004 flagged sigma
[14:35:43] keble-college-02-default/window_002 flagged sigma
[14:35:45] keble-college-02-default/window_003 flagged sigma
[14:36:01] keble-college-02-default/window_007 flagged sigma
[14:36:22] keble-college-02-default/window_006 flagged sigma
[14:36:22] keble-college-02-default/window_005 flagged sigma
[14:36:46] keble-college-02-default/window_009 flagged sigma
[14:36:53] keble-college-02-default/window_010 flagged sigma
[14:37:17] keble-college-02-default/window_014 flagged sigma
[14:38:18] keble-college-02-default/window_011 flagged sigma
[14:38:21] keble-college-03-default/window_003 flagged sigma
[14:38:39] keble-college-02-default/window_013 flagged sigma
[14:38:41] keble-college-03-default/window_000 flagged sigma
[14:38:48] keble-college-03-default/window_004 flagged sigma
[14:38:52] keble-college-03-default/window_002 flagged sigma
[14:39:08] keble-college-03-default/window_005 flagged sigma
[14:40:01] keble-college-03-default/window_006 flagged sigma
[14:40:21] keble-college-02-default/window_012 flagged sigma
[14:41:45] keble-college-03-default/window_001 flagged sigma
[14:43:51] keble-college-03-default/window_007 flagged sigma
[14:44:06] keble-college-03-default/window_011 flagged sigma
[14:44:16] keble-college-03-default/window_009 flagged sigma
[14:44:25] keble-college-03-default/window_010 flagged sigma
[14:44:32] keble-college-03-default/window_008 flagged sigma
[14:44:38] keble-college-03-default/window_012 flagged sigma
[14:44:44] keble-college-03-default/window_013 flagged sigma
[14:45:08] virgin-2024-03-14-blenheim-palace-01/window_000 flagged sigma
[14:48:25] virgin-2024-03-14-blenheim-palace-01/window_001 flagged sigma
[14:48:32] virgin-2024-03-14-blenheim-palace-01/window_008 flagged sigma
[14:48:42] virgin-2024-03-14-blenheim-palace-01/window_007 flagged sigma
[14:48:57] virgin-2024-03-14-blenheim-palace-01/window_003 flagged sigma
[14:49:03] virgin-2024-03-14-blenheim-palace-01/window_002 flagged sigma
[14:49:10] virgin-2024-03-14-blenheim-palace-01/window_005 flagged sigma
[14:49:15] virgin-2024-03-14-blenheim-palace-01/window_004 flagged sigma
[14:50:01] virgin-2024-03-14-blenheim-palace-01/window_006 flagged sigma
[14:51:59] virgin-2024-03-14-blenheim-palace-01/window_010 flagged sigma
[14:52:15] virgin-2024-03-14-blenheim-palace-01/window_009 flagged sigma
[14:52:25] virgin-2024-03-14-blenheim-palace-01/window_011 flagged sigma
[14:54:09] virgin-2024-03-14-blenheim-palace-01/window_013 flagged sigma
[14:54:10] virgin-2024-03-14-blenheim-palace-01/window_012 flagged sigma
[14:54:58] virgin-2024-03-14-blenheim-palace-01/window_014 flagged sigma
[14:55:08] virgin-2024-03-14-blenheim-palace-01/window_015 flagged sigma
[14:55:32] virgin-2024-03-14-blenheim-palace-01/window_019 flagged sigma
[14:55:34] virgin-2024-03-14-blenheim-palace-01/window_016 flagged sigma
[14:56:18] virgin-2024-03-14-blenheim-palace-01/window_018 flagged sigma
[14:56:24] virgin-2024-03-14-blenheim-palace-01/window_017 flagged sigma
[14:57:19] virgin-2024-03-14-blenheim-palace-02/window_000 flagged sigma
[14:58:44] virgin-2024-03-14-blenheim-palace-02/window_003 flagged sigma
[14:58:57] virgin-2024-03-14-blenheim-palace-02/window_001 flagged sigma
[14:59:04] virgin-2024-03-14-blenheim-palace-02/window_002 flagged sigma
[14:59:46] virgin-2024-03-14-blenheim-palace-02/window_005 flagged sigma
[14:59:50] virgin-2024-03-14-blenheim-palace-02/window_004 flagged sigma
[14:59:55] virgin-2024-03-14-blenheim-palace-02/window_006 flagged sigma
[15:00:10] virgin-2024-03-14-blenheim-palace-02/window_007 flagged sigma
[15:00:16] virgin-2024-03-14-blenheim-palace-02/window_008 flagged sigma
[15:02:03] virgin-2024-03-14-blenheim-palace-02/window_009 flagged sigma
[15:02:04] virgin-2024-03-14-blenheim-palace-02/window_010 flagged sigma
[15:03:40] virgin-2024-03-14-blenheim-palace-02/window_011 flagged sigma
[15:03:48] virgin-2024-03-14-blenheim-palace-02/window_012 flagged sigma
[15:04:28] virgin-2024-03-14-blenheim-palace-02/window_013 flagged sigma
[15:04:36] virgin-2024-03-14-blenheim-palace-02/window_016 flagged sigma
[15:04:40] virgin-2024-03-14-blenheim-palace-02/window_014 flagged sigma
[15:05:03] virgin-2024-03-18-christ-church-02/window_000 flagged sigma
[15:05:15] virgin-2024-03-14-blenheim-palace-02/window_015 flagged sigma
[15:06:54] virgin-2024-03-14-blenheim-palace-02/window_017 flagged sigma
[15:08:14] virgin-2024-03-18-christ-church-02/window_013 flagged sigma
[15:09:31] virgin-2024-03-18-christ-church-02/window_014 flagged sigma
[15:09:32] virgin-2024-03-18-christ-church-02/window_001 flagged sigma
[15:09:34] virgin-2024-03-18-christ-church-02/window_002 flagged sigma
[15:10:08] virgin-2024-03-18-christ-church-02/window_011 flagged sigma
[15:10:27] virgin-2024-03-18-christ-church-02/window_003 flagged sigma
[15:10:49] virgin-2024-03-18-christ-church-02/window_005 flagged sigma
[15:11:36] virgin-2024-03-18-christ-church-02/window_015 flagged sigma
[15:11:46] virgin-2024-03-18-christ-church-02/window_019 flagged sigma
[15:11:49] virgin-2024-03-18-christ-church-02/window_012 flagged sigma
[15:12:14] virgin-2024-03-18-christ-church-02/window_018 flagged sigma
[15:12:32] virgin-2024-03-18-christ-church-02/window_020 flagged sigma
[15:13:05] virgin-2024-03-18-christ-church-02/window_016 flagged sigma
[15:13:36] virgin-2024-03-18-christ-church-02/window_017 flagged sigma
[15:14:22] virgin-2024-03-18-christ-church-02/window_021 flagged sigma
[15:14:26] virgin-2024-03-18-christ-church-02/window_027 flagged sigma
[15:16:19] virgin-2024-03-18-christ-church-02/window_025 flagged sigma
[15:16:27] virgin-2024-03-18-christ-church-02/window_022 flagged sigma
[15:16:31] virgin-2024-03-18-christ-church-02/window_023 flagged sigma
[15:16:43] virgin-2024-03-18-christ-church-02/window_026 flagged sigma
[15:16:56] virgin-2024-03-18-christ-church-02/window_024 flagged sigma
[15:17:06] virgin-2024-03-18-christ-church-03/window_000 flagged sigma
[15:17:25] virgin-2024-03-18-christ-church-03/window_001 flagged sigma
[15:17:58] virgin-2024-03-18-christ-church-03/window_004 flagged sigma
[15:18:28] virgin-2024-03-18-christ-church-03/window_002 flagged sigma
[15:18:40] virgin-2024-03-18-christ-church-03/window_011 flagged sigma
[15:18:40] virgin-2024-03-18-christ-church-03/window_012 flagged coverage,sigma
[15:18:51] virgin-2024-03-18-christ-church-03/window_010 flagged sigma
[15:19:11] virgin-2024-03-18-christ-church-03/window_003 flagged sigma
[15:19:40] virgin-2024-03-18-christ-church-03/window_005 flagged sigma
[15:19:43] virgin-2024-03-18-christ-church-03/window_006 flagged sigma
[15:19:54] virgin-2024-03-18-christ-church-03/window_009 flagged sigma
[15:20:03] virgin-2024-03-18-christ-church-03/window_008 flagged sigma
[15:20:48] virgin-2024-03-18-christ-church-03/window_007 flagged sigma
[15:21:04] virgin-2024-03-18-christ-church-03/window_013 flagged sigma
[15:21:34] virgin-2024-03-18-christ-church-03/window_015 flagged sigma
[15:25:14] virgin-2024-03-18-christ-church-03/window_014 flagged sigma
