111 windows, 14 workers
[13:46:03] keble-college-02-default/window_009 flagged sigma
[13:46:05] keble-college-02-default/window_000 flagged sigma
[13:46:11] keble-college-02-default/window_010 flagged sigma
[13:46:32] keble-college-02-default/window_008 flagged sigma
[13:47:08] keble-college-02-default/window_011 flagged sigma
[13:47:18] keble-college-02-default/window_013 flagged sigma
[13:47:22] keble-college-02-default/window_014 flagged sigma
[13:48:13] keble-college-03-default/window_005 flagged sigma
[13:48:17] keble-college-02-default/window_001 flagged sigma
[13:48:29] keble-college-03-default/window_000 flagged sigma
[13:48:38] keble-college-03-default/window_003 flagged sigma
[13:48:41] keble-college-03-default/window_002 flagged sigma
[13:48:52] keble-college-03-default/window_004 flagged sigma
[13:48:53] keble-college-02-default/window_004 flagged sigma
[13:49:03] keble-college-02-default/window_002 flagged sigma
[13:49:05] keble-college-02-default/window_003 flagged sigma
[13:49:08] keble-college-02-default/window_012 flagged sigma
[13:49:18] keble-college-02-default/window_007 flagged sigma
[13:49:43] keble-college-02-default/window_006 flagged sigma
[13:49:43] keble-college-02-default/window_005 flagged sigma
[13:49:55] keble-college-03-default/window_006 flagged sigma
[13:51:45] keble-college-03-default/window_001 flagged sigma
[13:52:36] virgin-2024-03-14-blenheim-palace-01/window_000 flagged sigma
[13:53:37] keble-college-03-default/window_013 flagged sigma
[13:53:40] keble-college-03-default/window_012 flagged sigma
[13:53:46] keble-college-03-default/window_007 flagged sigma
[13:53:54] virgin-2024-03-14-blenheim-palace-01/window_001 flagged sigma
[13:54:00] keble-college-03-default/window_011 flagged sigma
[13:54:15] keble-college-03-default/window_009 flagged sigma
[13:54:26] virgin-2024-03-14-blenheim-palace-01/window_002 flagged sigma
[13:54:28] keble-college-03-default/window_010 flagged sigma
[13:54:34] virgin-2024-03-14-blenheim-palace-01/window_003 flagged sigma
[13:54:39] keble-college-03-default/window_008 flagged sigma
[13:54:41] virgin-2024-03-14-blenheim-palace-01/window_004 flagged sigma
[13:54:47] virgin-2024-03-14-blenheim-palace-01/window_005 flagged sigma
[13:56:44] virgin-2024-03-14-blenheim-palace-01/window_007 flagged sigma
[13:57:06] virgin-2024-03-14-blenheim-palace-01/window_008 flagged sigma
[13:57:18] virgin-2024-03-14-blenheim-palace-01/window_006 flagged sigma
[13:57:19] virgin-2024-03-14-blenheim-palace-01/window_010 flagged sigma
[13:57:38] virgin-2024-03-14-blenheim-palace-01/window_009 flagged sigma
[13:57:44] virgin-2024-03-14-blenheim-palace-01/window_011 flagged sigma
[13:57:58] virgin-2024-03-14-blenheim-palace-01/window_019 flagged sigma
[13:58:54] virgin-2024-03-14-blenheim-palace-01/window_018 flagged sigma
[13:59:14] virgin-2024-03-14-blenheim-palace-01/window_017 flagged sigma
[13:59:24] virgin-2024-03-14-blenheim-palace-01/window_012 flagged sigma
[13:59:31] virgin-2024-03-14-blenheim-palace-01/window_013 flagged sigma
[14:00:00] virgin-2024-03-14-blenheim-palace-02/window_000 flagged sigma
[14:00:19] virgin-2024-03-14-blenheim-palace-01/window_016 flagged sigma
[14:00:21] virgin-2024-03-14-blenheim-palace-01/window_014 flagged sigma
[14:00:29] virgin-2024-03-14-blenheim-palace-01/window_015 flagged sigma
[14:01:00] virgin-2024-03-14-blenheim-palace-02/window_003 flagged sigma
[14:01:33] virgin-2024-03-14-blenheim-palace-02/window_002 flagged sigma
[14:01:42] virgin-2024-03-14-blenheim-palace-02/window_006 flagged sigma
[14:02:01] virgin-2024-03-14-blenheim-palace-02/window_001 flagged sigma
[14:02:03] virgin-2024-03-14-blenheim-palace-02/window_005 flagged sigma
[14:02:04] virgin-2024-03-14-blenheim-palace-02/window_004 flagged sigma
[14:02:15] virgin-2024-03-14-blenheim-palace-02/window_008 flagged sigma
[14:02:42] virgin-2024-03-14-blenheim-palace-02/window_010 flagged sigma
[14:02:46] virgin-2024-03-14-blenheim-palace-02/window_007 flagged sigma
[14:02:47] virgin-2024-03-14-blenheim-palace-02/window_009 flagged sigma
[14:04:39] virgin-2024-03-14-blenheim-palace-02/window_012 flagged sigma
[14:05:04] virgin-2024-03-14-blenheim-palace-02/window_011 flagged sigma
[14:05:13] virgin-2024-03-18-christ-church-02/window_000 flagged sigma
[14:05:24] virgin-2024-03-14-blenheim-palace-02/window_013 flagged sigma
[14:05:29] virgin-2024-03-14-blenheim-palace-02/window_014 flagged sigma
[14:06:05] virgin-2024-03-14-blenheim-palace-02/window_016 flagged sigma
[14:06:13] virgin-2024-03-14-blenheim-palace-02/window_015 flagged sigma
[14:06:49] virgin-2024-03-14-blenheim-palace-02/window_017 flagged sigma
[14:07:46] virgin-2024-03-18-christ-church-02/window_014 flagged sigma
[14:07:51] virgin-2024-03-18-christ-church-02/window_013 flagged sigma
[14:07:55] virgin-2024-03-18-christ-church-02/window_019 flagged sigma
[14:08:42] virgin-2024-03-18-christ-church-02/window_015 flagged sigma
[14:08:47] virgin-2024-03-18-christ-church-02/window_002 flagged sigma
[14:08:50] virgin-2024-03-18-christ-church-02/window_018 flagged sigma
[14:08:50] virgin-2024-03-18-christ-church-02/window_003 flagged sigma
[14:08:51] virgin-2024-03-18-christ-church-02/window_001 flagged sigma
[14:08:57] virgin-2024-03-18-christ-church-02/window_020 flagged sigma
[14:09:05] virgin-2024-03-18-christ-church-02/window_016 flagged sigma
[14:09:41] virgin-2024-03-18-christ-church-02/window_017 flagged sigma
[14:10:01] virgin-2024-03-18-christ-church-02/window_011 flagged sigma
[14:10:11] virgin-2024-03-18-christ-church-02/window_005 flagged sigma
[14:10:13] virgin-2024-03-18-christ-church-02/window_027 flagged sigma
[14:11:25] virgin-2024-03-18-christ-church-02/window_021 flagged sigma
[14:11:34] virgin-2024-03-18-christ-church-02/window_012 flagged sigma
[14:11:34] virgin-2024-03-18-christ-church-03/window_004 flagged sigma
[14:12:03] virgin-2024-03-18-christ-church-03/window_001 flagged sigma
[14:12:27] virgin-2024-03-18-christ-church-03/window_000 flagged sigma
[14:12:38] virgin-2024-03-18-christ-church-03/window_003 flagged sigma
[14:12:38] virgin-2024-03-18-christ-church-03/window_012 flagged coverage,sigma
[14:12:38] virgin-2024-03-18-christ-church-03/window_011 flagged sigma
[14:12:46] virgin-2024-03-18-christ-church-02/window_023 flagged sigma
[14:12:47] virgin-2024-03-18-christ-church-02/window_022 flagged sigma
[14:12:57] virgin-2024-03-18-christ-church-02/window_025 flagged sigma
[14:12:57] virgin-2024-03-18-christ-church-03/window_010 flagged sigma
[14:13:09] virgin-2024-03-18-christ-church-02/window_026 flagged sigma
[14:13:12] virgin-2024-03-18-christ-church-03/window_002 flagged sigma
[14:13:19] virgin-2024-03-18-christ-church-03/window_006 flagged sigma
[14:13:25] virgin-2024-03-18-christ-church-03/window_005 flagged sigma
[14:13:53] virgin-2024-03-18-christ-church-02/window_024 flagged sigma
[14:14:07] virgin-2024-03-18-christ-church-03/window_009 flagged sigma
[14:14:32] virgin-2024-03-18-christ-church-03/window_008 flagged sigma
[14:15:04] virgin-2024-03-18-christ-church-03/window_013 flagged sigma
[14:15:09] virgin-2024-03-18-christ-church-03/window_015 flagged sigma
[14:15:18] virgin-2024-03-18-christ-church-03/window_007 flagged sigma
[14:19:02] virgin-2024-03-18-christ-church-03/window_014 flagged sigma
