573 fans to score (0 already done), 24 workers
[18:34:51] foresight 2023-07-20_18-12-05/window_026 reproduces c-fosm top1=True
[18:34:56] foresight 2023-07-20_18-12-05/window_025 reproduces c-fosm top1=True
[18:35:00] foresight 2023-07-20_18-12-05/window_022 reproduces c-fosm top1=True
[18:35:03] foresight 2023-07-20_18-12-05/window_023 reproduces c-fosm top1=True
[18:35:06] foresight 2023-07-20_18-12-05/window_009 reproduces c-fosm top1=True
[18:35:06] foresight 2023-07-20_18-12-05/window_013 reproduces c-fosm top1=True
[18:35:06] foresight 2023-07-20_18-12-05/window_018 reproduces c-fosm top1=True
[18:35:07] foresight 2023-07-20_18-12-05/window_021 reproduces c-fosm top1=True
[18:35:07] foresight 2023-07-20_18-12-05/window_017 reproduces c-fosm top1=True
[18:35:08] foresight 2023-07-20_18-12-05/window_016 reproduces c-fosm top1=True
[18:35:08] foresight 2023-07-20_18-12-05/window_006 reproduces c-fosm top1=False
[18:35:08] foresight 2023-07-20_18-12-05/window_004 reproduces c-fosm top1=False
[18:35:08] foresight 2023-07-20_18-12-05/window_014 reproduces c-fosm top1=True
[18:35:08] foresight 2023-07-20_18-12-05/window_008 reproduces c-fosm top1=True
[18:35:08] foresight 2023-07-20_18-12-05/window_010 reproduces c-fosm top1=True
[18:35:09] foresight 2023-07-21_12-38-15/window_001 reproduces c-fosm top1=True
[18:35:09] foresight 2023-07-20_18-12-05/window_002 reproduces c-fosm top1=True
[18:35:09] foresight 2023-07-20_18-12-05/window_011 reproduces c-fosm top1=True
[18:35:09] foresight 2023-07-20_18-12-05/window_019 reproduces c-fosm top1=True
[18:35:09] foresight 2023-07-20_18-12-05/window_007 reproduces c-fosm top1=True
[18:35:09] foresight 2023-07-20_18-12-05/window_001 reproduces c-fosm top1=True
[18:35:09] foresight 2023-07-20_18-12-05/window_005 reproduces c-fosm top1=True
[18:35:09] foresight 2023-07-20_18-12-05/window_012 reproduces c-fosm top1=True
[18:35:09] foresight 2023-07-20_18-12-05/window_020 reproduces c-fosm top1=True
[18:35:10] foresight 2023-07-21_12-38-15/window_002 reproduces c-fosm top1=True
[18:35:12] foresight 2023-07-21_12-38-15/window_008 reproduces c-fosm top1=True
[18:35:14] foresight 2023-07-21_12-38-15/window_003 reproduces c-fosm top1=True
[18:35:16] foresight 2023-07-21_12-38-15/window_004 reproduces c-fosm top1=True
[18:35:16] foresight 2023-07-21_12-58-11/window_018 reproduces c-fosm top1=True
[18:35:18] foresight 2023-07-21_12-58-11/window_003 reproduces c-fosm top1=True
[18:35:21] foresight 2023-07-21_12-38-15/window_005 reproduces c-fosm top1=True
[18:35:22] foresight 2023-07-21_12-38-15/window_007 reproduces c-fosm top1=True
[18:35:23] foresight 2023-07-21_12-38-15/window_009 reproduces c-fosm top1=True
[18:35:23] foresight 2023-07-21_12-38-15/window_006 reproduces c-fosm top1=True
[18:35:24] foresight 2023-07-21_12-58-11/window_017 reproduces c-fosm top1=True
[18:35:25] foresight 2023-07-21_12-38-15/window_011 reproduces c-fosm top1=True
[18:35:26] foresight 2023-07-21_12-58-11/window_004 reproduces c-fosm top1=False
[18:35:26] foresight 2023-07-21_12-38-15/window_012 reproduces c-fosm top1=True
[18:35:26] foresight 2023-07-21_12-58-11/window_008 reproduces c-fosm top1=True
[18:35:26] foresight 2023-07-21_12-38-15/window_013 reproduces c-fosm top1=True
[18:35:26] foresight 2023-07-21_12-58-11/window_001 reproduces c-fosm top1=True
[18:35:27] foresight 2023-07-21_12-58-11/window_005 reproduces c-fosm top1=True
[18:35:27] foresight 2023-07-21_12-58-11/window_016 reproduces c-fosm top1=True
[18:35:27] foresight 2023-07-21_12-58-11/window_012 reproduces c-fosm top1=True
[18:35:27] foresight 2023-07-21_12-58-11/window_006 reproduces c-fosm top1=True
[18:35:28] foresight 2023-07-21_12-58-11/window_014 reproduces c-fosm top1=True
[18:35:28] foresight 2023-07-21_12-58-11/window_011 reproduces c-fosm top1=True
[18:35:28] foresight 2023-07-21_12-58-11/window_007 reproduces c-fosm top1=True
[18:35:28] foresight 2023-07-21_12-58-11/window_015 reproduces c-fosm top1=True
[18:35:28] foresight 2023-07-21_12-58-11/window_010 reproduces c-fosm top1=True
[18:35:32] foresight 2023-07-21_12-58-11/window_019 reproduces c-fosm top1=True
[18:35:33] foresight 2023-07-21_12-58-11/window_027 reproduces c-fosm top1=True
[18:35:34] foresight 2023-07-21_12-58-11/window_020 reproduces c-fosm top1=True
[18:35:34] foresight 2023-07-21_12-58-11/window_021 reproduces c-fosm top1=True
[18:35:35] foresight 2023-07-21_12-58-11/window_025 reproduces c-fosm top1=True
[18:35:36] foresight 2023-07-21_12-58-11/window_028 reproduces c-fosm top1=True
[18:35:36] foresight 2023-07-21_12-58-11/window_022 reproduces c-fosm top1=True
[18:35:37] foresight 2023-07-21_12-58-11/window_033 reproduces c-fosm top1=True
[18:35:37] foresight 2023-07-21_12-58-11/window_032 reproduces c-fosm top1=True
[18:35:38] foresight 2023-07-21_12-58-11/window_023 reproduces c-fosm top1=True
[18:35:40] foresight 2023-07-21_12-58-11/window_024 reproduces c-fosm top1=True
[18:35:40] foresight 2023-07-21_13-43-00/window_007 reproduces c-fosm top1=True
[18:35:43] foresight 2023-07-21_12-58-11/window_029 reproduces c-fosm top1=True
[18:35:43] foresight 2023-07-21_14-08-29/window_004 reproduces c-fosm top1=True
[18:35:44] foresight 2023-07-21_12-58-11/window_031 reproduces c-fosm top1=True
[18:35:44] foresight 2023-07-21_13-43-00/window_009 reproduces c-fosm top1=True
[18:35:45] foresight 2023-07-21_12-58-11/window_037 reproduces c-fosm top1=True
[18:35:45] foresight 2023-07-21_14-08-29/window_005 reproduces c-fosm top1=True
[18:35:45] foresight 2023-07-21_12-58-11/window_035 reproduces c-fosm top1=True
[18:35:45] foresight 2023-07-21_12-58-11/window_036 reproduces c-fosm top1=True
[18:35:45] foresight 2023-07-21_12-58-11/window_038 reproduces c-fosm top1=True
[18:35:45] foresight 2023-07-21_13-43-00/window_006 reproduces c-fosm top1=True
[18:35:45] foresight 2023-07-21_13-43-00/window_002 reproduces c-fosm top1=True
[18:35:45] foresight 2023-07-21_13-43-00/window_001 reproduces c-fosm top1=True
[18:35:46] foresight 2023-07-21_13-43-00/window_003 reproduces c-fosm top1=True
[18:35:46] foresight 2023-07-21_14-08-29/window_001 reproduces c-fosm top1=True
[18:35:46] foresight 2023-07-21_13-59-14/window_001 reproduces c-fosm top1=True
[18:35:48] foresight 2023-07-21_14-08-29/window_002 reproduces c-fosm top1=True
[18:35:48] foresight 2023-07-21_13-59-14/window_003 reproduces c-fosm top1=True
[18:35:50] foresight 2023-07-21_14-08-29/window_007 reproduces c-fosm top1=True
[18:35:50] foresight 2023-07-21_13-59-14/window_002 reproduces c-fosm top1=True
[18:35:51] foresight 2023-07-21_13-59-14/window_005 reproduces c-fosm top1=True
[18:35:51] foresight 2023-07-21_13-59-14/window_004 reproduces c-fosm top1=False
[18:35:51] foresight 2023-07-21_14-08-29/window_003 reproduces c-fosm top1=True
[18:35:52] foresight 2023-07-21_14-08-29/window_020 reproduces c-fosm top1=True
[18:35:53] foresight 2023-07-21_14-08-29/window_027 reproduces c-fosm top1=True
[18:35:54] foresight 2023-07-21_14-08-29/window_024 reproduces c-fosm top1=True
[18:35:54] foresight 2023-07-21_14-08-29/window_008 reproduces c-fosm top1=True
[18:35:56] foresight 2023-07-21_14-08-29/window_006 reproduces c-fosm top1=True
[18:35:58] foresight 2023-07-21_14-08-29/window_009 reproduces c-fosm top1=True
[18:35:59] foresight 2023-07-21_14-08-29/window_013 reproduces c-fosm top1=True
[18:36:01] foresight 2023-07-21_14-08-29/window_010 reproduces c-fosm top1=True
[18:36:01] foresight 2023-07-21_14-08-29/window_011 reproduces c-fosm top1=True
[18:36:02] foresight 2023-07-21_14-08-29/window_012 reproduces c-fosm top1=True
[18:36:02] foresight 2023-07-21_14-08-29/window_023 reproduces c-fosm top1=True
[18:36:02] foresight 2023-07-21_14-08-29/window_015 reproduces c-fosm top1=True
[18:36:03] foresight 2023-07-21_14-08-29/window_017 reproduces c-fosm top1=True
[18:36:03] foresight 2023-07-21_14-08-29/window_018 reproduces c-fosm top1=True
[18:36:03] foresight 2023-07-21_14-08-29/window_016 reproduces c-fosm top1=True
[18:36:03] foresight 2023-07-21_14-08-29/window_014 reproduces c-fosm top1=True
[18:36:03] foresight 2023-07-21_14-08-29/window_019 reproduces c-fosm top1=True
[18:36:04] foresight 2023-07-21_14-08-29/window_022 reproduces c-fosm top1=True
[18:36:06] foresight 2023-07-21_14-08-29/window_025 reproduces c-fosm top1=True
[18:36:06] foresight 2023-07-21_14-08-29/window_028 reproduces c-fosm top1=True
[18:36:06] foresight 2023-07-21_14-08-29/window_026 reproduces c-fosm top1=True
[18:36:09] foresight 2023-07-21_17-07-00/window_001 reproduces c-fosm top1=True
[18:36:09] foresight 2023-07-21_14-44-56/window_003 reproduces c-fosm top1=True
[18:36:09] foresight 2023-07-21_17-07-00/window_002 reproduces c-fosm top1=True
[18:36:10] foresight 2023-07-21_17-07-00/window_004 reproduces c-fosm top1=True
[18:36:11] foresight 2023-07-21_17-07-00/window_014 reproduces c-fosm top1=True
[18:36:11] foresight 2023-07-21_17-07-00/window_005 reproduces c-fosm top1=True
[18:36:12] foresight 2023-07-21_17-07-00/window_006 reproduces c-fosm top1=True
[18:36:12] foresight 2023-07-21_17-07-00/window_007 reproduces c-fosm top1=True
[18:36:13] foresight 2023-07-21_17-07-00/window_008 reproduces c-fosm top1=True
[18:36:15] foresight 2023-07-21_17-07-00/window_009 reproduces c-fosm top1=True
[18:36:16] foresight 2023-07-21_17-45-42/window_003 reproduces c-fosm top1=True
[18:36:17] foresight 2023-07-21_17-07-00/window_010 reproduces c-fosm top1=True
[18:36:19] foresight 2023-07-21_17-07-00/window_011 reproduces c-fosm top1=True
[18:36:19] foresight 2023-07-21_17-07-00/window_012 reproduces c-fosm top1=True
[18:36:19] foresight 2023-07-21_17-07-00/window_013 reproduces c-fosm top1=True
[18:36:20] foresight 2023-07-21_17-07-00/window_015 reproduces c-fosm top1=True
[18:36:21] foresight 2023-07-21_17-07-00/window_016 reproduces c-fosm top1=True
[18:36:21] foresight 2023-07-21_17-07-00/window_017 reproduces c-fosm top1=True
[18:36:21] foresight 2023-07-21_17-34-18/window_008 reproduces c-fosm top1=True
[18:36:21] foresight 2023-07-21_17-07-00/window_020 reproduces c-fosm top1=True
[18:36:21] foresight 2023-07-21_17-07-00/window_018 reproduces c-fosm top1=True
[18:36:21] foresight 2023-07-21_17-07-00/window_021 reproduces c-fosm top1=True
[18:36:21] foresight 2023-07-21_17-07-00/window_019 reproduces c-fosm top1=True
[18:36:22] foresight 2023-07-21_17-45-42/window_004 reproduces c-fosm top1=True
[18:36:22] foresight 2023-07-21_17-45-42/window_002 reproduces c-fosm top1=True
[18:36:24] foresight 2023-07-21_17-07-00/window_022 reproduces c-fosm top1=True
[18:36:24] foresight 2023-07-21_17-34-18/window_001 reproduces c-fosm top1=True
[18:36:24] foresight 2023-07-21_17-34-18/window_003 reproduces c-fosm top1=True
[18:36:27] foresight 2023-07-21_17-34-18/window_005 reproduces c-fosm top1=True
[18:36:27] foresight 2023-07-21_17-34-18/window_004 reproduces c-fosm top1=True
[18:36:27] foresight 2023-07-21_17-34-18/window_006 reproduces c-fosm top1=True
[18:36:27] foresight 2023-07-21_17-34-18/window_007 reproduces c-fosm top1=True
[18:36:30] foresight 2023-07-21_17-45-42/window_005 reproduces c-fosm top1=True
[18:36:31] foresight 2023-07-22_13-28-55/window_001 reproduces c-fosm top1=True
[18:36:32] foresight 2023-07-22_13-00-57/window_005 reproduces c-fosm top1=True
[18:36:33] foresight 2023-07-21_17-45-42/window_006 reproduces c-fosm top1=True
[18:36:33] foresight 2023-07-21_17-45-42/window_007 reproduces c-fosm top1=True
[18:36:34] foresight 2023-07-21_17-45-42/window_010 reproduces c-fosm top1=True
[18:36:34] foresight 2023-07-22_13-28-55/window_004 reproduces c-fosm top1=True
[18:36:34] foresight 2023-07-22_13-28-55/window_006 reproduces c-fosm top1=True
[18:36:34] foresight 2023-07-21_17-45-42/window_008 reproduces c-fosm top1=True
[18:36:37] foresight 2023-07-21_17-45-42/window_012 reproduces c-fosm top1=True
[18:36:37] foresight 2023-07-21_17-45-42/window_013 reproduces c-fosm top1=True
[18:36:38] foresight 2023-07-21_17-45-42/window_014 reproduces c-fosm top1=True
[18:36:39] foresight 2023-07-22_13-00-57/window_003 reproduces c-fosm top1=True
[18:36:39] foresight 2023-07-21_17-45-42/window_015 reproduces c-fosm top1=True
[18:36:39] foresight 2023-07-21_17-45-42/window_016 reproduces c-fosm top1=True
[18:36:39] foresight 2023-07-21_17-45-42/window_017 reproduces c-fosm top1=True
[18:36:39] foresight 2023-07-22_13-00-57/window_002 reproduces c-fosm top1=True
[18:36:39] foresight 2023-07-21_17-45-42/window_019 reproduces c-fosm top1=True
[18:36:39] foresight 2023-07-21_17-45-42/window_018 reproduces c-fosm top1=True
[18:36:39] foresight 2023-07-21_17-45-42/window_023 reproduces c-fosm top1=True
[18:36:39] foresight 2023-07-21_17-45-42/window_024 reproduces c-fosm top1=True
[18:36:40] foresight 2023-07-21_17-45-42/window_020 reproduces c-fosm top1=True
[18:36:40] foresight 2023-07-21_17-45-42/window_025 reproduces c-fosm top1=True
[18:36:41] foresight 2023-07-22_13-28-55/window_002 reproduces c-fosm top1=True
[18:36:43] foresight 2023-07-22_13-28-55/window_021 reproduces c-fosm top1=True
[18:36:43] foresight 2023-07-22_13-28-55/window_011 reproduces c-fosm top1=True
[18:36:45] foresight 2023-07-22_13-28-55/window_003 reproduces c-fosm top1=True
[18:36:46] foresight 2023-07-22_13-28-55/window_020 reproduces c-fosm top1=True
[18:36:46] foresight 2023-07-22_13-28-55/window_019 reproduces c-fosm top1=True
[18:36:48] foresight 2023-07-22_13-28-55/window_005 reproduces c-fosm top1=True
[18:36:50] foresight 2023-07-22_13-28-55/window_007 reproduces c-fosm top1=True
[18:36:51] foresight 2023-07-22_13-28-55/window_008 reproduces c-fosm top1=True
[18:36:51] foresight 2023-07-22_13-28-55/window_009 reproduces c-fosm top1=True
[18:36:51] foresight 2023-07-22_13-28-55/window_010 reproduces c-fosm top1=True
[18:36:52] foresight 2023-07-22_13-28-55/window_012 reproduces c-fosm top1=True
[18:36:52] foresight 2023-07-22_13-28-55/window_013 reproduces c-fosm top1=False
[18:36:54] foresight 2023-07-22_13-28-55/window_014 reproduces c-fosm top1=True
[18:36:55] foresight 2023-07-22_13-28-55/window_015 reproduces c-fosm top1=True
[18:36:56] foresight 2023-07-22_13-28-55/window_016 reproduces c-fosm top1=True
[18:36:57] foresight 2023-07-22_13-28-55/window_018 reproduces c-fosm top1=True
[18:36:57] foresight 2023-07-22_13-28-55/window_017 reproduces c-fosm top1=True
[18:36:57] foresight 2023-07-22_16-24-27/window_001 reproduces c-fosm top1=True
[18:36:57] foresight 2023-07-22_16-24-27/window_002 reproduces c-fosm top1=True
[18:36:57] foresight 2023-07-22_16-24-27/window_004 reproduces c-fosm top1=True
[18:36:58] foresight 2023-07-22_16-24-27/window_003 reproduces c-fosm top1=True
[18:36:58] foresight 2023-07-22_16-24-27/window_005 reproduces c-fosm top1=True
[18:36:59] foresight 2023-07-22_16-24-27/window_006 reproduces c-fosm top1=True
[18:36:59] foresight 2023-07-22_16-24-27/window_007 reproduces c-fosm top1=True
[18:37:01] foresight 2023-07-22_16-24-27/window_008 reproduces c-fosm top1=True
[18:37:01] foresight 2023-07-22_16-24-27/window_009 reproduces c-fosm top1=True
[18:37:01] foresight 2023-07-22_16-24-27/window_012 reproduces c-fosm top1=True
[18:37:02] foresight 2023-07-22_16-24-27/window_029 reproduces c-fosm top1=True
[18:37:02] foresight 2023-07-22_16-24-27/window_010 reproduces c-fosm top1=True
[18:37:03] foresight 2023-07-22_16-24-27/window_011 reproduces c-fosm top1=True
[18:37:04] foresight 2023-07-22_16-24-27/window_017 reproduces c-fosm top1=True
[18:37:04] foresight 2023-07-22_16-24-27/window_033 reproduces c-fosm top1=True
[18:37:04] foresight 2023-07-22_16-24-27/window_019 reproduces c-fosm top1=True
[18:37:05] foresight 2023-07-22_16-24-27/window_013 reproduces c-fosm top1=True
[18:37:08] foresight 2023-07-22_16-24-27/window_014 reproduces c-fosm top1=True
[18:37:08] foresight 2023-07-22_16-24-27/window_020 reproduces c-fosm top1=True
[18:37:08] foresight 2023-07-22_16-24-27/window_015 reproduces c-fosm top1=True
[18:37:09] foresight 2023-07-22_16-24-27/window_016 reproduces c-fosm top1=True
[18:37:10] foresight 2023-07-22_16-24-27/window_018 reproduces c-fosm top1=True
[18:37:10] foresight 2023-07-22_16-24-27/window_024 reproduces c-fosm top1=True
[18:37:12] foresight 2023-07-22_16-24-27/window_039 reproduces c-fosm top1=True
[18:37:12] foresight 2023-07-22_16-24-27/window_021 reproduces c-fosm top1=True
[18:37:14] foresight 2023-07-22_16-24-27/window_022 reproduces c-fosm top1=True
[18:37:15] foresight 2023-07-22_16-24-27/window_025 reproduces c-fosm top1=True
[18:37:15] foresight 2023-07-22_16-24-27/window_026 reproduces c-fosm top1=True
[18:37:15] foresight 2023-07-22_16-24-27/window_027 reproduces c-fosm top1=True
[18:37:15] foresight 2023-07-22_16-24-27/window_030 reproduces c-fosm top1=True
[18:37:16] foresight 2023-07-22_16-24-27/window_028 reproduces c-fosm top1=True
[18:37:16] foresight 2023-07-22_16-24-27/window_031 reproduces c-fosm top1=True
[18:37:17] foresight 2023-07-22_16-24-27/window_032 reproduces c-fosm top1=True
[18:37:17] foresight 2023-07-22_16-24-27/window_035 reproduces c-fosm top1=True
[18:37:18] foresight 2023-07-22_16-24-27/window_034 reproduces c-fosm top1=True
[18:37:20] foresight 2023-07-22_16-24-27/window_037 reproduces c-fosm top1=True
[18:37:20] foresight 2023-07-22_16-24-27/window_042 reproduces c-fosm top1=True
[18:37:20] foresight 2023-07-22_16-24-27/window_036 reproduces c-fosm top1=True
[18:37:21] foresight 2023-07-22_16-24-27/window_045 reproduces c-fosm top1=True
[18:37:21] foresight 2023-07-22_16-24-27/window_038 reproduces c-fosm top1=False
[18:37:22] foresight 2023-07-22_16-24-27/window_043 reproduces c-fosm top1=True
[18:37:23] foresight 2023-07-22_17-38-50/window_006 reproduces c-fosm top1=True
[18:37:23] foresight 2023-07-22_16-24-27/window_044 reproduces c-fosm top1=True
[18:37:25] foresight 2023-07-22_17-38-50/window_013 reproduces c-fosm top1=True
[18:37:26] foresight 2023-07-22_16-24-27/window_046 reproduces c-fosm top1=True
[18:37:26] foresight 2023-07-22_16-24-27/window_047 reproduces c-fosm top1=True
[18:37:27] foresight 2023-07-22_16-24-27/window_049 reproduces c-fosm top1=True
[18:37:28] foresight 2023-07-22_16-24-27/window_048 reproduces c-fosm top1=True
[18:37:28] foresight 2023-07-22_16-24-27/window_050 reproduces c-fosm top1=True
[18:37:29] foresight 2023-07-22_16-24-27/window_051 reproduces c-fosm top1=True
[18:37:29] foresight 2023-07-22_17-38-50/window_011 reproduces c-fosm top1=True
[18:37:30] foresight 2023-07-22_17-38-50/window_012 reproduces c-fosm top1=True
[18:37:31] foresight 2023-07-22_17-38-50/window_002 reproduces c-fosm top1=True
[18:37:32] foresight 2023-07-23_11-23-18/window_012 reproduces c-fosm top1=True
[18:37:33] foresight 2023-07-22_17-38-50/window_003 reproduces c-fosm top1=True
[18:37:33] foresight 2023-07-23_11-23-18/window_013 reproduces c-fosm top1=True
[18:37:33] foresight 2023-07-22_17-38-50/window_004 reproduces c-fosm top1=True
[18:37:34] foresight 2023-07-22_17-38-50/window_005 reproduces c-fosm top1=True
[18:37:34] foresight 2023-07-22_17-38-50/window_007 reproduces c-fosm top1=True
[18:37:34] foresight 2023-07-22_17-38-50/window_008 reproduces c-fosm top1=True
[18:37:34] foresight 2023-07-22_17-38-50/window_009 reproduces c-fosm top1=True
[18:37:35] foresight 2023-07-22_17-38-50/window_010 reproduces c-fosm top1=True
[18:37:37] foresight 2023-07-23_11-23-18/window_014 reproduces c-fosm top1=True
[18:37:37] foresight 2023-07-23_11-23-18/window_001 reproduces c-fosm top1=True
[18:37:38] foresight 2023-07-23_11-23-18/window_017 reproduces c-fosm top1=True
[18:37:38] foresight 2023-07-22_17-38-50/window_014 reproduces c-fosm top1=True
[18:37:38] foresight 2023-07-23_11-23-18/window_016 reproduces c-fosm top1=True
[18:37:39] foresight 2023-07-23_11-23-18/window_002 reproduces c-fosm top1=True
[18:37:39] foresight 2023-07-23_11-23-18/window_003 reproduces c-fosm top1=True
[18:37:40] foresight 2023-07-23_11-23-18/window_004 reproduces c-fosm top1=True
[18:37:41] foresight 2023-07-23_11-23-18/window_006 reproduces c-fosm top1=True
[18:37:41] foresight 2023-07-23_11-23-18/window_005 reproduces c-fosm top1=True
[18:37:43] foresight 2023-07-23_11-23-18/window_007 reproduces c-fosm top1=True
[18:37:43] foresight 2023-07-23_11-23-18/window_020 reproduces c-fosm top1=True
[18:37:44] foresight 2023-07-23_11-52-09/window_015 reproduces c-fosm top1=True
[18:37:44] foresight 2023-07-23_11-23-18/window_008 reproduces c-fosm top1=True
[18:37:44] foresight 2023-07-23_11-23-18/window_009 reproduces c-fosm top1=True
[18:37:45] foresight 2023-07-23_11-23-18/window_010 reproduces c-fosm top1=True
[18:37:45] foresight 2023-07-23_11-23-18/window_011 reproduces c-fosm top1=True
[18:37:48] foresight 2023-07-23_11-23-18/window_015 reproduces c-fosm top1=True
[18:37:50] foresight 2023-07-23_12-52-39/window_003 reproduces c-fosm top1=True
[18:37:51] foresight 2023-07-23_11-23-18/window_019 reproduces c-fosm top1=True
[18:37:51] foresight 2023-07-23_11-23-18/window_018 reproduces c-fosm top1=True
[18:37:51] foresight 2023-07-23_11-52-09/window_004 reproduces c-fosm top1=True
[18:37:52] foresight 2023-07-23_11-52-09/window_002 reproduces c-fosm top1=True
[18:37:52] foresight 2023-07-23_11-52-09/window_001 reproduces c-fosm top1=True
[18:37:53] foresight 2023-07-23_11-23-18/window_021 reproduces c-fosm top1=True
[18:37:53] foresight 2023-07-23_11-52-09/window_005 reproduces c-fosm top1=True
[18:37:55] foresight 2023-07-23_11-52-09/window_006 reproduces c-fosm top1=True
[18:37:55] foresight 2023-07-23_11-52-09/window_007 reproduces c-fosm top1=True
[18:37:56] foresight 2023-07-23_11-52-09/window_008 reproduces c-fosm top1=True
[18:37:56] foresight 2023-07-23_11-52-09/window_010 reproduces c-fosm top1=True
[18:37:56] foresight 2023-07-23_11-52-09/window_009 reproduces c-fosm top1=True
[18:37:56] foresight 2023-07-23_11-52-09/window_012 reproduces c-fosm top1=True
[18:37:56] foresight 2023-07-23_11-52-09/window_011 reproduces c-fosm top1=True
[18:37:58] foresight 2023-07-23_11-52-09/window_013 reproduces c-fosm top1=True
[18:37:58] foresight 2023-07-23_12-52-39/window_005 reproduces c-fosm top1=True
[18:37:59] foresight 2023-07-23_11-52-09/window_017 reproduces c-fosm top1=True
[18:38:00] foresight 2023-07-23_12-52-39/window_006 reproduces c-fosm top1=True
[18:38:01] foresight 2023-07-23_11-52-09/window_020 reproduces c-fosm top1=True
[18:38:01] foresight 2023-07-23_11-52-09/window_018 reproduces c-fosm top1=True
[18:38:01] foresight 2023-07-23_11-52-09/window_019 reproduces c-fosm top1=True
[18:38:02] foresight 2023-07-23_11-52-09/window_021 reproduces c-fosm top1=True
[18:38:02] foresight 2023-07-23_12-52-39/window_002 reproduces c-fosm top1=True
[18:38:06] foresight 2023-07-23_12-52-39/window_009 reproduces c-fosm top1=True
[18:38:06] foresight 2023-07-23_12-52-39/window_008 reproduces c-fosm top1=True
[18:38:07] hindsight 2023-07-20_18-12-05/window_026 reproduces c-fosm top1=True
[18:38:09] hindsight 2023-07-20_18-12-05/window_001 reproduces c-fosm top1=True
[18:38:09] hindsight 2023-07-20_18-12-05/window_002 reproduces c-fosm top1=True
[18:38:09] hindsight 2023-07-20_18-12-05/window_004 reproduces c-fosm top1=False
[18:38:10] hindsight 2023-07-20_18-12-05/window_003 reproduces c-fosm top1=True
[18:38:11] hindsight 2023-07-20_18-12-05/window_005 reproduces c-fosm top1=True
[18:38:11] hindsight 2023-07-20_18-12-05/window_022 reproduces c-fosm top1=True
[18:38:11] hindsight 2023-07-20_18-12-05/window_006 reproduces c-fosm top1=False
[18:38:12] hindsight 2023-07-20_18-12-05/window_009 reproduces c-fosm top1=True
[18:38:12] hindsight 2023-07-20_18-12-05/window_013 reproduces c-fosm top1=True
[18:38:13] hindsight 2023-07-20_18-12-05/window_008 reproduces c-fosm top1=True
[18:38:13] hindsight 2023-07-20_18-12-05/window_007 reproduces c-fosm top1=True
[18:38:14] hindsight 2023-07-20_18-12-05/window_010 reproduces c-fosm top1=False
[18:38:14] hindsight 2023-07-20_18-12-05/window_012 reproduces c-fosm top1=True
[18:38:14] hindsight 2023-07-20_18-12-05/window_011 reproduces c-fosm top1=True
[18:38:15] hindsight 2023-07-20_18-12-05/window_018 reproduces c-fosm top1=True
[18:38:15] hindsight 2023-07-20_18-12-05/window_017 reproduces c-fosm top1=True
[18:38:15] hindsight 2023-07-20_18-12-05/window_023 reproduces c-fosm top1=True
[18:38:16] hindsight 2023-07-20_18-12-05/window_014 reproduces c-fosm top1=True
[18:38:16] hindsight 2023-07-20_18-12-05/window_016 reproduces c-fosm top1=True
[18:38:17] hindsight 2023-07-21_12-38-15/window_008 reproduces c-fosm top1=True
[18:38:18] hindsight 2023-07-20_18-12-05/window_021 reproduces c-fosm top1=True
[18:38:19] hindsight 2023-07-20_18-12-05/window_019 reproduces c-fosm top1=True
[18:38:19] hindsight 2023-07-20_18-12-05/window_020 reproduces c-fosm top1=True
[18:38:23] hindsight 2023-07-21_12-58-11/window_003 reproduces c-fosm top1=True
[18:38:23] hindsight 2023-07-21_12-38-15/window_001 reproduces c-fosm top1=True
[18:38:25] hindsight 2023-07-21_12-38-15/window_002 reproduces c-fosm top1=True
[18:38:26] hindsight 2023-07-21_12-38-15/window_004 reproduces c-fosm top1=True
[18:38:27] hindsight 2023-07-21_12-38-15/window_003 reproduces c-fosm top1=True
[18:38:27] hindsight 2023-07-21_12-38-15/window_009 reproduces c-fosm top1=True
[18:38:27] hindsight 2023-07-21_12-58-11/window_018 reproduces c-fosm top1=False
[18:38:27] hindsight 2023-07-21_12-38-15/window_005 reproduces c-fosm top1=True
[18:38:27] hindsight 2023-07-21_12-38-15/window_006 reproduces c-fosm top1=True
[18:38:28] hindsight 2023-07-21_12-38-15/window_007 reproduces c-fosm top1=True
[18:38:29] hindsight 2023-07-21_12-38-15/window_012 reproduces c-fosm top1=True
[18:38:30] hindsight 2023-07-21_12-38-15/window_011 reproduces c-fosm top1=True
[18:38:31] hindsight 2023-07-21_12-38-15/window_013 reproduces c-fosm top1=True
[18:38:31] hindsight 2023-07-21_12-58-11/window_001 reproduces c-fosm top1=True
[18:38:31] hindsight 2023-07-21_12-58-11/window_004 reproduces c-fosm top1=False
[18:38:32] hindsight 2023-07-21_12-58-11/window_008 reproduces c-fosm top1=True
[18:38:32] hindsight 2023-07-21_12-58-11/window_005 reproduces c-fosm top1=True
[18:38:32] hindsight 2023-07-21_12-58-11/window_006 reproduces c-fosm top1=True
[18:38:33] hindsight 2023-07-21_12-58-11/window_007 reproduces c-fosm top1=True
[18:38:33] hindsight 2023-07-21_12-58-11/window_010 reproduces c-fosm top1=True
[18:38:34] hindsight 2023-07-21_12-58-11/window_011 reproduces c-fosm top1=True
[18:38:34] hindsight 2023-07-21_12-58-11/window_012 reproduces c-fosm top1=True
[18:38:36] hindsight 2023-07-21_12-58-11/window_014 reproduces c-fosm top1=True
[18:38:36] hindsight 2023-07-21_12-58-11/window_016 reproduces c-fosm top1=True
[18:38:36] hindsight 2023-07-21_12-58-11/window_015 reproduces c-fosm top1=True
[18:38:36] hindsight 2023-07-21_12-58-11/window_017 reproduces c-fosm top1=True
[18:38:38] hindsight 2023-07-21_12-58-11/window_027 reproduces c-fosm top1=True
[18:38:40] hindsight 2023-07-21_12-58-11/window_025 reproduces c-fosm top1=True
[18:38:41] hindsight 2023-07-21_12-58-11/window_028 reproduces c-fosm top1=True
[18:38:41] hindsight 2023-07-21_12-58-11/window_033 reproduces c-fosm top1=True
[18:38:43] hindsight 2023-07-21_12-58-11/window_032 reproduces c-fosm top1=True
[18:38:43] hindsight 2023-07-21_12-58-11/window_019 reproduces c-fosm top1=True
[18:38:44] hindsight 2023-07-21_12-58-11/window_024 reproduces c-fosm top1=True
[18:38:44] hindsight 2023-07-21_12-58-11/window_020 reproduces c-fosm top1=True
[18:38:45] hindsight 2023-07-21_12-58-11/window_023 reproduces c-fosm top1=True
[18:38:45] hindsight 2023-07-21_12-58-11/window_021 reproduces c-fosm top1=True
[18:38:45] hindsight 2023-07-21_12-58-11/window_022 reproduces c-fosm top1=True
[18:38:48] hindsight 2023-07-21_12-58-11/window_029 reproduces c-fosm top1=True
[18:38:48] hindsight 2023-07-21_12-58-11/window_031 reproduces c-fosm top1=True
[18:38:48] hindsight 2023-07-21_13-43-00/window_007 reproduces c-fosm top1=True
[18:38:49] hindsight 2023-07-21_12-58-11/window_037 reproduces c-fosm top1=True
[18:38:50] hindsight 2023-07-21_12-58-11/window_035 reproduces c-fosm top1=True
[18:38:50] hindsight 2023-07-21_14-08-29/window_004 reproduces c-fosm top1=True
[18:38:50] hindsight 2023-07-21_12-58-11/window_038 reproduces c-fosm top1=True
[18:38:51] hindsight 2023-07-21_12-58-11/window_036 reproduces c-fosm top1=True
[18:38:51] hindsight 2023-07-21_13-43-00/window_001 reproduces c-fosm top1=True
[18:38:51] hindsight 2023-07-21_13-43-00/window_002 reproduces c-fosm top1=True
[18:38:52] hindsight 2023-07-21_13-43-00/window_009 reproduces c-fosm top1=True
[18:38:52] hindsight 2023-07-21_13-43-00/window_003 reproduces c-fosm top1=True
[18:38:53] hindsight 2023-07-21_13-43-00/window_006 reproduces c-fosm top1=True
[18:38:53] hindsight 2023-07-21_13-59-14/window_003 reproduces c-fosm top1=True
[18:38:54] hindsight 2023-07-21_14-08-29/window_001 reproduces c-fosm top1=True
[18:38:54] hindsight 2023-07-21_13-59-14/window_001 reproduces c-fosm top1=True
[18:38:55] hindsight 2023-07-21_14-08-29/window_002 reproduces c-fosm top1=True
[18:38:56] hindsight 2023-07-21_13-59-14/window_002 reproduces c-fosm top1=True
[18:38:57] hindsight 2023-07-21_14-08-29/window_007 reproduces c-fosm top1=True
[18:38:57] hindsight 2023-07-21_14-08-29/window_005 reproduces c-fosm top1=True
[18:38:58] hindsight 2023-07-21_14-08-29/window_020 reproduces c-fosm top1=True
[18:38:58] hindsight 2023-07-21_13-59-14/window_004 reproduces c-fosm top1=True
[18:39:00] hindsight 2023-07-21_13-59-14/window_005 reproduces c-fosm top1=True
[18:39:00] hindsight 2023-07-21_14-08-29/window_003 reproduces c-fosm top1=True
[18:39:00] hindsight 2023-07-21_14-08-29/window_027 reproduces c-fosm top1=True
[18:39:00] hindsight 2023-07-21_14-08-29/window_024 reproduces c-fosm top1=True
[18:39:02] hindsight 2023-07-21_14-08-29/window_008 reproduces c-fosm top1=True
[18:39:03] hindsight 2023-07-21_14-08-29/window_006 reproduces c-fosm top1=True
[18:39:04] hindsight 2023-07-21_14-08-29/window_009 reproduces c-fosm top1=True
[18:39:04] hindsight 2023-07-21_14-08-29/window_013 reproduces c-fosm top1=True
[18:39:06] hindsight 2023-07-21_14-08-29/window_010 reproduces c-fosm top1=True
[18:39:07] hindsight 2023-07-21_14-08-29/window_011 reproduces c-fosm top1=True
[18:39:08] hindsight 2023-07-21_14-08-29/window_012 reproduces c-fosm top1=True
[18:39:08] hindsight 2023-07-21_14-08-29/window_014 reproduces c-fosm top1=True
[18:39:08] hindsight 2023-07-21_14-08-29/window_018 reproduces c-fosm top1=True
[18:39:09] hindsight 2023-07-21_14-08-29/window_016 reproduces c-fosm top1=True
[18:39:09] hindsight 2023-07-21_14-08-29/window_017 reproduces c-fosm top1=True
[18:39:09] hindsight 2023-07-21_14-08-29/window_015 reproduces c-fosm top1=False
[18:39:11] hindsight 2023-07-21_14-08-29/window_019 reproduces c-fosm top1=True
[18:39:12] hindsight 2023-07-21_14-08-29/window_022 reproduces c-fosm top1=True
[18:39:12] hindsight 2023-07-21_14-44-56/window_001 reproduces c-fosm top1=True
[18:39:12] hindsight 2023-07-21_14-08-29/window_023 reproduces c-fosm top1=True
[18:39:13] hindsight 2023-07-21_14-08-29/window_028 reproduces c-fosm top1=True
[18:39:13] hindsight 2023-07-21_14-08-29/window_025 reproduces c-fosm top1=True
[18:39:13] hindsight 2023-07-21_14-08-29/window_026 reproduces c-fosm top1=True
[18:39:16] hindsight 2023-07-21_14-44-56/window_003 reproduces c-fosm top1=True
[18:39:17] hindsight 2023-07-21_17-07-00/window_014 reproduces c-fosm top1=True
[18:39:17] hindsight 2023-07-21_17-07-00/window_001 reproduces c-fosm top1=True
[18:39:18] hindsight 2023-07-21_17-07-00/window_002 reproduces c-fosm top1=True
[18:39:18] hindsight 2023-07-21_17-07-00/window_005 reproduces c-fosm top1=True
[18:39:19] hindsight 2023-07-21_17-07-00/window_004 reproduces c-fosm top1=True
[18:39:21] hindsight 2023-07-21_17-07-00/window_006 reproduces c-fosm top1=True
[18:39:21] hindsight 2023-07-21_17-07-00/window_007 reproduces c-fosm top1=True
[18:39:22] hindsight 2023-07-21_17-07-00/window_008 reproduces c-fosm top1=True
[18:39:22] hindsight 2023-07-21_17-07-00/window_009 reproduces c-fosm top1=True
[18:39:24] hindsight 2023-07-21_17-07-00/window_010 reproduces c-fosm top1=True
[18:39:25] hindsight 2023-07-21_17-45-42/window_003 reproduces c-fosm top1=True
[18:39:25] hindsight 2023-07-21_17-07-00/window_011 reproduces c-fosm top1=True
[18:39:26] hindsight 2023-07-21_17-07-00/window_013 reproduces c-fosm top1=True
[18:39:26] hindsight 2023-07-21_17-07-00/window_012 reproduces c-fosm top1=True
[18:39:26] hindsight 2023-07-21_17-07-00/window_015 reproduces c-fosm top1=True
[18:39:28] hindsight 2023-07-21_17-07-00/window_016 reproduces c-fosm top1=False
[18:39:28] hindsight 2023-07-21_17-07-00/window_017 reproduces c-fosm top1=True
[18:39:29] hindsight 2023-07-21_17-07-00/window_018 reproduces c-fosm top1=True
[18:39:29] hindsight 2023-07-21_17-34-18/window_008 reproduces c-fosm top1=True
[18:39:30] hindsight 2023-07-21_17-07-00/window_021 reproduces c-fosm top1=True
[18:39:30] hindsight 2023-07-21_17-34-18/window_002 reproduces c-fosm top1=True
[18:39:30] hindsight 2023-07-21_17-07-00/window_020 reproduces c-fosm top1=True
[18:39:30] hindsight 2023-07-21_17-07-00/window_019 reproduces c-fosm top1=True
[18:39:31] hindsight 2023-07-21_17-07-00/window_022 reproduces c-fosm top1=True
[18:39:31] hindsight 2023-07-21_17-34-18/window_001 reproduces c-fosm top1=True
[18:39:31] hindsight 2023-07-21_17-45-42/window_004 reproduces c-fosm top1=True
[18:39:32] hindsight 2023-07-21_17-45-42/window_002 reproduces c-fosm top1=True
[18:39:34] hindsight 2023-07-21_17-34-18/window_003 reproduces c-fosm top1=True
[18:39:35] hindsight 2023-07-21_17-34-18/window_004 reproduces c-fosm top1=True
[18:39:35] hindsight 2023-07-21_17-34-18/window_005 reproduces c-fosm top1=True
[18:39:36] hindsight 2023-07-21_17-34-18/window_007 reproduces c-fosm top1=True
[18:39:36] hindsight 2023-07-21_17-34-18/window_006 reproduces c-fosm top1=True
[18:39:40] hindsight 2023-07-22_13-28-55/window_001 reproduces c-fosm top1=True
[18:39:40] hindsight 2023-07-21_17-45-42/window_005 reproduces c-fosm top1=True
[18:39:42] hindsight 2023-07-21_17-45-42/window_006 reproduces c-fosm top1=True
[18:39:42] hindsight 2023-07-21_17-45-42/window_010 reproduces c-fosm top1=True
[18:39:42] hindsight 2023-07-21_17-45-42/window_007 reproduces c-fosm top1=True
[18:39:43] hindsight 2023-07-21_17-45-42/window_008 reproduces c-fosm top1=True
[18:39:44] hindsight 2023-07-22_13-00-57/window_005 reproduces c-fosm top1=True
[18:39:44] hindsight 2023-07-21_17-45-42/window_012 reproduces c-fosm top1=True
[18:39:45] hindsight 2023-07-21_17-45-42/window_013 reproduces c-fosm top1=False
[18:39:45] hindsight 2023-07-21_17-45-42/window_014 reproduces c-fosm top1=True
[18:39:45] hindsight 2023-07-21_17-45-42/window_015 reproduces c-fosm top1=True
[18:39:46] hindsight 2023-07-22_13-28-55/window_006 reproduces c-fosm top1=True
[18:39:47] hindsight 2023-07-21_17-45-42/window_016 reproduces c-fosm top1=True
[18:39:47] hindsight 2023-07-21_17-45-42/window_022 reproduces c-fosm top1=True
[18:39:47] hindsight 2023-07-21_17-45-42/window_017 reproduces c-fosm top1=True
[18:39:47] hindsight 2023-07-21_17-45-42/window_018 reproduces c-fosm top1=True
[18:39:48] hindsight 2023-07-21_17-45-42/window_020 reproduces c-fosm top1=True
[18:39:48] hindsight 2023-07-21_17-45-42/window_019 reproduces c-fosm top1=True
[18:39:48] hindsight 2023-07-21_17-45-42/window_021 reproduces c-fosm top1=True
[18:39:49] hindsight 2023-07-22_13-00-57/window_003 reproduces c-fosm top1=True
[18:39:49] hindsight 2023-07-21_17-45-42/window_023 reproduces c-fosm top1=True
[18:39:49] hindsight 2023-07-22_13-28-55/window_004 reproduces c-fosm top1=True
[18:39:49] hindsight 2023-07-21_17-45-42/window_024 reproduces c-fosm top1=True
[18:39:50] hindsight 2023-07-21_17-45-42/window_025 reproduces c-fosm top1=True
[18:39:51] hindsight 2023-07-22_13-00-57/window_002 reproduces c-fosm top1=True
[18:39:52] hindsight 2023-07-22_13-00-57/window_001 reproduces c-fosm top1=True
[18:39:53] hindsight 2023-07-22_13-28-55/window_021 reproduces c-fosm top1=True
[18:39:54] hindsight 2023-07-22_13-28-55/window_002 reproduces c-fosm top1=True
[18:39:54] hindsight 2023-07-22_13-28-55/window_011 reproduces c-fosm top1=True
[18:39:55] hindsight 2023-07-22_13-28-55/window_019 reproduces c-fosm top1=True
[18:39:56] hindsight 2023-07-22_13-28-55/window_020 reproduces c-fosm top1=True
[18:39:58] hindsight 2023-07-22_13-28-55/window_003 reproduces c-fosm top1=True
[18:39:59] hindsight 2023-07-22_13-28-55/window_005 reproduces c-fosm top1=True
[18:40:00] hindsight 2023-07-22_13-28-55/window_007 reproduces c-fosm top1=True
[18:40:01] hindsight 2023-07-22_13-28-55/window_008 reproduces c-fosm top1=True
[18:40:02] hindsight 2023-07-22_13-28-55/window_009 reproduces c-fosm top1=True
[18:40:02] hindsight 2023-07-22_13-28-55/window_010 reproduces c-fosm top1=True
[18:40:03] hindsight 2023-07-22_13-28-55/window_012 reproduces c-fosm top1=True
[18:40:04] hindsight 2023-07-22_13-28-55/window_013 reproduces c-fosm top1=True
[18:40:05] hindsight 2023-07-22_13-28-55/window_016 reproduces c-fosm top1=True
[18:40:05] hindsight 2023-07-22_13-28-55/window_015 reproduces c-fosm top1=True
[18:40:05] hindsight 2023-07-22_13-28-55/window_014 reproduces c-fosm top1=True
[18:40:06] hindsight 2023-07-22_13-28-55/window_017 reproduces c-fosm top1=True
[18:40:06] hindsight 2023-07-22_13-28-55/window_018 reproduces c-fosm top1=True
[18:40:07] hindsight 2023-07-22_16-24-27/window_002 reproduces c-fosm top1=True
[18:40:07] hindsight 2023-07-22_16-24-27/window_001 reproduces c-fosm top1=True
[18:40:08] hindsight 2023-07-22_16-24-27/window_003 reproduces c-fosm top1=True
[18:40:08] hindsight 2023-07-22_16-24-27/window_023 reproduces c-fosm top1=True
[18:40:08] hindsight 2023-07-22_16-24-27/window_004 reproduces c-fosm top1=True
[18:40:09] hindsight 2023-07-22_16-24-27/window_005 reproduces c-fosm top1=True
[18:40:10] hindsight 2023-07-22_16-24-27/window_006 reproduces c-fosm top1=True
[18:40:11] hindsight 2023-07-22_16-24-27/window_007 reproduces c-fosm top1=True
[18:40:12] hindsight 2023-07-22_16-24-27/window_008 reproduces c-fosm top1=True
[18:40:12] hindsight 2023-07-22_16-24-27/window_009 reproduces c-fosm top1=True
[18:40:12] hindsight 2023-07-22_16-24-27/window_029 reproduces c-fosm top1=True
[18:40:14] hindsight 2023-07-22_16-24-27/window_010 reproduces c-fosm top1=True
[18:40:14] hindsight 2023-07-22_16-24-27/window_011 reproduces c-fosm top1=True
[18:40:14] hindsight 2023-07-22_16-24-27/window_012 reproduces c-fosm top1=True
[18:40:15] hindsight 2023-07-22_16-24-27/window_017 reproduces c-fosm top1=True
[18:40:15] hindsight 2023-07-22_16-24-27/window_033 reproduces c-fosm top1=True
[18:40:17] hindsight 2023-07-22_16-24-27/window_019 reproduces c-fosm top1=True
[18:40:17] hindsight 2023-07-22_16-24-27/window_013 reproduces c-fosm top1=True
[18:40:18] hindsight 2023-07-22_16-24-27/window_014 reproduces c-fosm top1=True
[18:40:19] hindsight 2023-07-22_16-24-27/window_024 reproduces c-fosm top1=True
[18:40:19] hindsight 2023-07-22_16-24-27/window_015 reproduces c-fosm top1=True
[18:40:20] hindsight 2023-07-22_16-24-27/window_016 reproduces c-fosm top1=True
[18:40:21] hindsight 2023-07-22_16-24-27/window_020 reproduces c-fosm top1=True
[18:40:21] hindsight 2023-07-22_16-24-27/window_018 reproduces c-fosm top1=True
[18:40:21] hindsight 2023-07-22_16-24-27/window_039 reproduces c-fosm top1=True
[18:40:23] hindsight 2023-07-22_16-24-27/window_021 reproduces c-fosm top1=True
[18:40:23] hindsight 2023-07-22_16-24-27/window_022 reproduces c-fosm top1=True
[18:40:24] hindsight 2023-07-22_16-24-27/window_025 reproduces c-fosm top1=True
[18:40:25] hindsight 2023-07-22_16-24-27/window_026 reproduces c-fosm top1=True
[18:40:26] hindsight 2023-07-22_16-24-27/window_027 reproduces c-fosm top1=True
[18:40:26] hindsight 2023-07-22_16-24-27/window_031 reproduces c-fosm top1=True
[18:40:26] hindsight 2023-07-22_16-24-27/window_028 reproduces c-fosm top1=True
[18:40:27] hindsight 2023-07-22_16-24-27/window_030 reproduces c-fosm top1=True
[18:40:27] hindsight 2023-07-22_16-24-27/window_035 reproduces c-fosm top1=True
[18:40:29] hindsight 2023-07-22_16-24-27/window_032 reproduces c-fosm top1=True
[18:40:30] hindsight 2023-07-22_16-24-27/window_034 reproduces c-fosm top1=True
[18:40:31] hindsight 2023-07-22_16-24-27/window_037 reproduces c-fosm top1=True
[18:40:32] hindsight 2023-07-22_16-24-27/window_042 reproduces c-fosm top1=False
[18:40:32] hindsight 2023-07-22_16-24-27/window_045 reproduces c-fosm top1=True
[18:40:32] hindsight 2023-07-22_16-24-27/window_036 reproduces c-fosm top1=False
[18:40:32] hindsight 2023-07-22_16-24-27/window_038 reproduces c-fosm top1=True
[18:40:33] hindsight 2023-07-22_17-38-50/window_006 reproduces c-fosm top1=True
[18:40:35] hindsight 2023-07-22_16-24-27/window_044 reproduces c-fosm top1=True
[18:40:35] hindsight 2023-07-22_16-24-27/window_043 reproduces c-fosm top1=True
[18:40:35] hindsight 2023-07-22_17-38-50/window_013 reproduces c-fosm top1=True
[18:40:36] hindsight 2023-07-22_16-24-27/window_047 reproduces c-fosm top1=True
[18:40:37] hindsight 2023-07-22_16-24-27/window_046 reproduces c-fosm top1=True
[18:40:38] hindsight 2023-07-22_16-24-27/window_048 reproduces c-fosm top1=True
[18:40:38] hindsight 2023-07-22_16-24-27/window_049 reproduces c-fosm top1=True
[18:40:38] hindsight 2023-07-22_16-24-27/window_050 reproduces c-fosm top1=True
[18:40:39] hindsight 2023-07-22_16-24-27/window_051 reproduces c-fosm top1=True
[18:40:41] hindsight 2023-07-22_17-38-50/window_011 reproduces c-fosm top1=True
[18:40:41] hindsight 2023-07-22_17-38-50/window_003 reproduces c-fosm top1=True
[18:40:41] hindsight 2023-07-22_17-38-50/window_002 reproduces c-fosm top1=True
[18:40:42] hindsight 2023-07-22_17-38-50/window_004 reproduces c-fosm top1=True
[18:40:42] hindsight 2023-07-23_11-23-18/window_012 reproduces c-fosm top1=True
[18:40:43] hindsight 2023-07-23_11-23-18/window_013 reproduces c-fosm top1=True
[18:40:43] hindsight 2023-07-22_17-38-50/window_012 reproduces c-fosm top1=True
[18:40:43] hindsight 2023-07-22_17-38-50/window_005 reproduces c-fosm top1=True
[18:40:44] hindsight 2023-07-22_17-38-50/window_007 reproduces c-fosm top1=True
[18:40:44] hindsight 2023-07-22_17-38-50/window_008 reproduces c-fosm top1=True
[18:40:44] hindsight 2023-07-22_17-38-50/window_009 reproduces c-fosm top1=True
[18:40:45] hindsight 2023-07-22_17-38-50/window_010 reproduces c-fosm top1=True
[18:40:47] hindsight 2023-07-23_11-23-18/window_017 reproduces c-fosm top1=True
[18:40:49] hindsight 2023-07-23_11-23-18/window_014 reproduces c-fosm top1=True
[18:40:49] hindsight 2023-07-23_11-23-18/window_001 reproduces c-fosm top1=True
[18:40:50] hindsight 2023-07-22_17-38-50/window_014 reproduces c-fosm top1=True
[18:40:50] hindsight 2023-07-23_11-23-18/window_003 reproduces c-fosm top1=True
[18:40:50] hindsight 2023-07-23_11-23-18/window_002 reproduces c-fosm top1=True
[18:40:51] hindsight 2023-07-23_11-23-18/window_004 reproduces c-fosm top1=True
[18:40:52] hindsight 2023-07-23_11-23-18/window_005 reproduces c-fosm top1=True
[18:40:52] hindsight 2023-07-23_11-23-18/window_020 reproduces c-fosm top1=True
[18:40:52] hindsight 2023-07-23_11-23-18/window_006 reproduces c-fosm top1=True
[18:40:53] hindsight 2023-07-23_11-23-18/window_007 reproduces c-fosm top1=True
[18:40:54] hindsight 2023-07-23_11-23-18/window_008 reproduces c-fosm top1=True
[18:40:54] hindsight 2023-07-23_11-23-18/window_011 reproduces c-fosm top1=True
[18:40:55] hindsight 2023-07-23_11-23-18/window_009 reproduces c-fosm top1=True
[18:40:55] hindsight 2023-07-23_11-52-09/window_015 reproduces c-fosm top1=True
[18:40:56] hindsight 2023-07-23_11-23-18/window_010 reproduces c-fosm top1=True
[18:40:59] hindsight 2023-07-23_11-23-18/window_015 reproduces c-fosm top1=True
[18:40:59] hindsight 2023-07-23_12-52-39/window_003 reproduces c-fosm top1=False
[18:41:00] hindsight 2023-07-23_11-23-18/window_018 reproduces c-fosm top1=True
[18:41:01] hindsight 2023-07-23_11-23-18/window_019 reproduces c-fosm top1=True
[18:41:01] hindsight 2023-07-23_11-23-18/window_021 reproduces c-fosm top1=True
[18:41:01] hindsight 2023-07-23_11-52-09/window_004 reproduces c-fosm top1=True
[18:41:01] hindsight 2023-07-23_11-52-09/window_001 reproduces c-fosm top1=True
[18:41:01] hindsight 2023-07-23_11-52-09/window_002 reproduces c-fosm top1=True
[18:41:03] hindsight 2023-07-23_11-52-09/window_005 reproduces c-fosm top1=True
[18:41:03] hindsight 2023-07-23_11-52-09/window_006 reproduces c-fosm top1=True
[18:41:05] hindsight 2023-07-23_11-52-09/window_007 reproduces c-fosm top1=True
[18:41:06] hindsight 2023-07-23_11-52-09/window_009 reproduces c-fosm top1=True
[18:41:07] hindsight 2023-07-23_11-52-09/window_008 reproduces c-fosm top1=True
[18:41:08] hindsight 2023-07-23_11-52-09/window_010 reproduces c-fosm top1=True
[18:41:08] hindsight 2023-07-23_11-52-09/window_011 reproduces c-fosm top1=True
[18:41:08] hindsight 2023-07-23_11-52-09/window_012 reproduces c-fosm top1=True
[18:41:08] hindsight 2023-07-23_12-52-39/window_005 reproduces c-fosm top1=True
[18:41:08] hindsight 2023-07-23_11-52-09/window_013 reproduces c-fosm top1=True
[18:41:10] hindsight 2023-07-23_11-52-09/window_017 reproduces c-fosm top1=True
[18:41:10] hindsight 2023-07-23_11-52-09/window_019 reproduces c-fosm top1=True
[18:41:10] hindsight 2023-07-23_11-52-09/window_018 reproduces c-fosm top1=True
[18:41:11] hindsight 2023-07-23_11-52-09/window_020 reproduces c-fosm top1=True
[18:41:12] hindsight 2023-07-23_12-52-39/window_006 reproduces c-fosm top1=True
[18:41:12] hindsight 2023-07-23_11-52-09/window_021 reproduces c-fosm top1=True
[18:41:13] hindsight 2023-07-23_12-52-39/window_002 reproduces c-fosm top1=True
[18:41:14] hindsight 2023-07-23_12-52-39/window_009 reproduces c-fosm top1=True
[18:41:15] hindsight 2023-07-23_12-52-39/window_008 reproduces c-fosm top1=True

== foresight: 284 fans, 284 reproduce the frozen arms
  top1: {'clark-corr': 279, 'clark': 279, 'clark-diag': 263, 'fosm': 272, 'step-form': 238, 'mean-map': 255, 'mc-2': 175, 'mc-32': 255, 'c-fosm': 278}
  paired: {'c-fosm_vs_fosm': {'ours_only': 7, 'theirs_only': 1, 'mcnemar_exact_p': 0.0703125}, 'c-fosm_vs_mc-32': {'ours_only': 24, 'theirs_only': 1, 'mcnemar_exact_p': 1.5497207641601562e-06}, 'c-fosm_vs_mean-map': {'ours_only': 25, 'theirs_only': 2, 'mcnemar_exact_p': 5.647540092468262e-06}, 'c-fosm_vs_clark-corr': {'ours_only': 2, 'theirs_only': 3, 'mcnemar_exact_p': 1.0}}

== hindsight: 289 fans, 289 reproduce the frozen arms
  top1: {'clark-corr': 283, 'clark': 283, 'clark-diag': 267, 'fosm': 270, 'step-form': 249, 'mean-map': 255, 'mc-2': 182, 'mc-32': 256, 'c-fosm': 278}
  paired: {'c-fosm_vs_fosm': {'ours_only': 8, 'theirs_only': 0, 'mcnemar_exact_p': 0.0078125}, 'c-fosm_vs_mc-32': {'ours_only': 26, 'theirs_only': 4, 'mcnemar_exact_p': 5.947612226009369e-05}, 'c-fosm_vs_mean-map': {'ours_only': 26, 'theirs_only': 3, 'mcnemar_exact_p': 1.5236437320709229e-05}, 'c-fosm_vs_clark-corr': {'ours_only': 0, 'theirs_only': 5, 'mcnemar_exact_p': 0.0625}}
wrote out/v2/fan_cfosm
