763 windows, 24 workers
[17:07:03] foresight 2023-07-20_18-12-05/window_003 flagged
[17:07:09] foresight 2023-07-20_18-12-05/window_010 ok
[17:07:09] foresight 2023-07-20_18-12-05/window_009 ok
[17:07:09] foresight 2023-07-20_18-12-05/window_014 ok
[17:07:09] foresight 2023-07-20_18-12-05/window_012 ok
[17:07:09] foresight 2023-07-20_18-12-05/window_013 ok
[17:07:09] foresight 2023-07-20_18-12-05/window_004 ok
[17:07:09] foresight 2023-07-20_18-12-05/window_017 ok
[17:07:09] foresight 2023-07-20_18-12-05/window_019 ok
[17:07:10] foresight 2023-07-20_18-12-05/window_018 ok
[17:07:10] foresight 2023-07-20_18-12-05/window_006 ok
[17:07:10] foresight 2023-07-20_18-12-05/window_007 ok
[17:07:10] foresight 2023-07-20_18-12-05/window_011 ok
[17:07:10] foresight 2023-07-20_18-12-05/window_005 ok
[17:07:10] foresight 2023-07-20_18-12-05/window_022 ok
[17:07:10] foresight 2023-07-20_18-12-05/window_002 ok
[17:07:10] foresight 2023-07-20_18-12-05/window_015 ok
[17:07:11] foresight 2023-07-20_18-12-05/window_024 ok
[17:07:12] foresight 2023-07-20_18-12-05/window_016 ok
[17:07:12] foresight 2023-07-20_18-12-05/window_020 ok
[17:07:12] foresight 2023-07-20_18-12-05/window_021 ok
[17:07:16] foresight 2023-07-20_18-12-05/window_023 ok
[17:07:17] foresight 2023-07-20_18-12-05/window_001 ok
[17:07:20] foresight 2023-07-20_18-12-05/window_008 ok
[17:07:20] foresight 2023-07-21_12-38-15/window_001 ok
[17:07:21] foresight 2023-07-20_18-12-05/window_025 ok
[17:07:22] foresight 2023-07-21_12-38-15/window_008 ok
[17:07:23] foresight 2023-07-21_12-38-15/window_003 ok
[17:07:23] foresight 2023-07-21_12-38-15/window_002 ok
[17:07:24] foresight 2023-07-21_12-38-15/window_010 ok
[17:07:24] foresight 2023-07-21_12-58-11/window_002 ok
[17:07:25] foresight 2023-07-21_12-38-15/window_011 ok
[17:07:25] foresight 2023-07-21_12-38-15/window_009 ok
[17:07:25] foresight 2023-07-21_12-38-15/window_004 ok
[17:07:26] foresight 2023-07-21_12-58-11/window_001 ok
[17:07:26] foresight 2023-07-21_12-58-11/window_006 ok
[17:07:27] foresight 2023-07-21_12-58-11/window_004 ok
[17:07:27] foresight 2023-07-21_12-58-11/window_005 ok
[17:07:29] foresight 2023-07-21_12-38-15/window_013 ok
[17:07:29] foresight 2023-07-21_12-38-15/window_007 ok
[17:07:30] foresight 2023-07-21_12-58-11/window_007 ok
[17:07:31] foresight 2023-07-21_12-38-15/window_012 ok
[17:07:31] foresight 2023-07-20_18-12-05/window_026 ok
[17:07:32] foresight 2023-07-21_12-38-15/window_005 ok
[17:07:32] foresight 2023-07-21_12-58-11/window_010 ok
[17:07:33] foresight 2023-07-21_12-38-15/window_006 ok
[17:07:34] foresight 2023-07-21_12-58-11/window_008 ok
[17:07:34] foresight 2023-07-21_12-58-11/window_003 ok
[17:07:36] foresight 2023-07-21_12-58-11/window_013 ok
[17:07:37] foresight 2023-07-21_12-58-11/window_009 ok
[17:07:38] foresight 2023-07-21_12-58-11/window_012 ok
[17:07:40] foresight 2023-07-21_12-58-11/window_011 ok
[17:07:41] foresight 2023-07-21_12-58-11/window_016 ok
[17:07:41] foresight 2023-07-21_12-58-11/window_020 ok
[17:07:42] foresight 2023-07-21_12-58-11/window_017 ok
[17:07:42] foresight 2023-07-21_12-58-11/window_022 ok
[17:07:42] foresight 2023-07-21_12-58-11/window_015 ok
[17:07:43] foresight 2023-07-21_12-58-11/window_028 ok
[17:07:43] foresight 2023-07-21_12-58-11/window_024 ok
[17:07:44] foresight 2023-07-21_12-58-11/window_014 ok
[17:07:44] foresight 2023-07-21_12-58-11/window_023 ok
[17:07:44] foresight 2023-07-21_12-58-11/window_025 ok
[17:07:46] foresight 2023-07-21_12-58-11/window_026 ok
[17:07:47] foresight 2023-07-21_12-58-11/window_030 ok
[17:07:47] foresight 2023-07-21_12-58-11/window_031 ok
[17:07:47] foresight 2023-07-21_12-58-11/window_018 ok
[17:07:47] foresight 2023-07-21_12-58-11/window_027 ok
[17:07:49] foresight 2023-07-21_12-58-11/window_019 ok
[17:07:49] foresight 2023-07-21_12-58-11/window_034 ok
[17:07:50] foresight 2023-07-21_12-58-11/window_021 ok
[17:07:50] foresight 2023-07-21_12-58-11/window_032 ok
[17:07:51] foresight 2023-07-21_12-58-11/window_035 ok
[17:07:52] foresight 2023-07-21_12-58-11/window_029 ok
[17:07:53] foresight 2023-07-21_12-58-11/window_033 ok
[17:07:56] foresight 2023-07-21_12-58-11/window_038 ok
[17:07:57] foresight 2023-07-21_13-43-00/window_005 ok
[17:07:57] foresight 2023-07-21_13-43-00/window_002 ok
[17:07:58] foresight 2023-07-21_12-58-11/window_036 ok
[17:07:58] foresight 2023-07-21_12-58-11/window_037 ok
[17:07:58] foresight 2023-07-21_13-43-00/window_008 ok
[17:07:59] foresight 2023-07-21_13-43-00/window_009 ok
[17:08:00] foresight 2023-07-21_13-59-14/window_004 ok
[17:08:00] foresight 2023-07-21_13-43-00/window_006 ok
[17:08:00] foresight 2023-07-21_13-59-14/window_001 ok
[17:08:00] foresight 2023-07-21_13-59-14/window_003 ok
[17:08:02] foresight 2023-07-21_13-43-00/window_001 ok
[17:08:04] foresight 2023-07-21_13-43-00/window_004 ok
[17:08:05] foresight 2023-07-21_13-59-14/window_005 ok
[17:08:05] foresight 2023-07-21_13-43-00/window_007 ok
[17:08:06] foresight 2023-07-21_13-43-00/window_003 ok
[17:08:06] foresight 2023-07-21_14-08-29/window_006 ok
[17:08:06] foresight 2023-07-21_14-08-29/window_001 ok
[17:08:07] foresight 2023-07-21_13-59-14/window_002 ok
[17:08:09] foresight 2023-07-21_14-08-29/window_003 ok
[17:08:10] foresight 2023-07-21_14-08-29/window_004 ok
[17:08:11] foresight 2023-07-21_14-08-29/window_009 ok
[17:08:11] foresight 2023-07-21_14-44-56/window_001 flagged
[17:08:11] foresight 2023-07-21_14-08-29/window_011 ok
[17:08:12] foresight 2023-07-21_14-08-29/window_005 ok
[17:08:12] foresight 2023-07-21_14-08-29/window_008 ok
[17:08:12] foresight 2023-07-21_14-08-29/window_012 ok
[17:08:13] foresight 2023-07-21_14-08-29/window_002 ok
[17:08:13] foresight 2023-07-21_14-08-29/window_014 ok
[17:08:13] foresight 2023-07-21_14-08-29/window_015 ok
[17:08:14] foresight 2023-07-21_14-08-29/window_016 ok
[17:08:15] foresight 2023-07-21_14-08-29/window_007 ok
[17:08:15] foresight 2023-07-21_14-08-29/window_018 ok
[17:08:16] foresight 2023-07-21_14-08-29/window_010 ok
[17:08:16] foresight 2023-07-21_14-08-29/window_017 ok
[17:08:18] foresight 2023-07-21_14-08-29/window_019 ok
[17:08:18] foresight 2023-07-21_14-08-29/window_013 ok
[17:08:18] foresight 2023-07-21_14-08-29/window_020 ok
[17:08:19] foresight 2023-07-21_14-08-29/window_024 ok
[17:08:20] foresight 2023-07-21_14-08-29/window_022 ok
[17:08:20] foresight 2023-07-21_14-44-56/window_002 ok
[17:08:21] foresight 2023-07-21_14-44-56/window_003 ok
[17:08:22] foresight 2023-07-21_14-08-29/window_025 ok
[17:08:24] foresight 2023-07-21_14-08-29/window_027 ok
[17:08:25] foresight 2023-07-21_14-08-29/window_028 ok
[17:08:26] foresight 2023-07-21_14-08-29/window_026 ok
[17:08:26] foresight 2023-07-21_17-07-00/window_003 ok
[17:08:26] foresight 2023-07-21_17-07-00/window_023 flagged
[17:08:26] foresight 2023-07-21_17-07-00/window_024 flagged
[17:08:27] foresight 2023-07-21_17-07-00/window_005 ok
[17:08:27] foresight 2023-07-21_17-34-18/window_002 flagged
[17:08:27] foresight 2023-07-21_17-07-00/window_007 ok
[17:08:27] foresight 2023-07-21_14-08-29/window_023 ok
[17:08:28] foresight 2023-07-21_14-08-29/window_021 ok
[17:08:28] foresight 2023-07-21_17-07-00/window_008 ok
[17:08:29] foresight 2023-07-21_17-07-00/window_002 ok
[17:08:30] foresight 2023-07-21_17-07-00/window_001 ok
[17:08:30] foresight 2023-07-21_17-07-00/window_011 ok
[17:08:30] foresight 2023-07-21_17-07-00/window_009 ok
[17:08:31] foresight 2023-07-21_17-07-00/window_010 ok
[17:08:31] foresight 2023-07-21_17-07-00/window_004 ok
[17:08:32] foresight 2023-07-21_17-07-00/window_006 ok
[17:08:34] foresight 2023-07-21_17-07-00/window_017 ok
[17:08:34] foresight 2023-07-21_17-07-00/window_016 ok
[17:08:35] foresight 2023-07-21_17-07-00/window_018 ok
[17:08:35] foresight 2023-07-21_17-34-18/window_003 ok
[17:08:35] foresight 2023-07-21_17-07-00/window_012 ok
[17:08:36] foresight 2023-07-21_17-07-00/window_014 ok
[17:08:37] foresight 2023-07-21_17-34-18/window_004 ok
[17:08:37] foresight 2023-07-21_17-07-00/window_020 ok
[17:08:38] foresight 2023-07-21_17-07-00/window_013 ok
[17:08:41] foresight 2023-07-21_17-07-00/window_019 ok
[17:08:41] foresight 2023-07-21_17-34-18/window_001 ok
[17:08:41] foresight 2023-07-21_17-07-00/window_021 ok
[17:08:42] foresight 2023-07-21_17-34-18/window_007 ok
[17:08:42] foresight 2023-07-21_17-34-18/window_008 ok
[17:08:43] foresight 2023-07-21_17-34-18/window_005 ok
[17:08:43] foresight 2023-07-21_17-45-42/window_021 flagged
[17:08:43] foresight 2023-07-21_17-34-18/window_006 ok
[17:08:43] foresight 2023-07-21_17-07-00/window_015 ok
[17:08:44] foresight 2023-07-21_17-45-42/window_004 ok
[17:08:45] foresight 2023-07-21_17-45-42/window_006 ok
[17:08:46] foresight 2023-07-21_17-45-42/window_005 ok
[17:08:46] foresight 2023-07-21_17-45-42/window_002 ok
[17:08:46] foresight 2023-07-21_17-07-00/window_022 ok
[17:08:48] foresight 2023-07-21_17-45-42/window_007 ok
[17:08:48] foresight 2023-07-21_17-45-42/window_001 ok
[17:08:48] foresight 2023-07-22_13-00-57/window_006 flagged
[17:08:48] foresight 2023-07-21_17-45-42/window_009 ok
[17:08:48] foresight 2023-07-21_17-45-42/window_008 ok
[17:08:49] foresight 2023-07-21_17-45-42/window_011 ok
[17:08:50] foresight 2023-07-21_17-45-42/window_022 flagged
[17:08:51] foresight 2023-07-21_17-45-42/window_013 ok
[17:08:52] foresight 2023-07-21_17-45-42/window_014 ok
[17:08:52] foresight 2023-07-21_17-45-42/window_003 ok
[17:08:52] foresight 2023-07-21_17-45-42/window_012 ok
[17:08:55] foresight 2023-07-22_13-00-57/window_007 ok
[17:08:55] foresight 2023-07-21_17-45-42/window_016 ok
[17:08:56] foresight 2023-07-22_13-00-57/window_001 ok
[17:08:56] foresight 2023-07-21_17-45-42/window_010 ok
[17:08:57] foresight 2023-07-21_17-45-42/window_023 ok
[17:08:57] foresight 2023-07-21_17-45-42/window_024 ok
[17:08:57] foresight 2023-07-21_17-45-42/window_020 ok
[17:08:58] foresight 2023-07-21_17-45-42/window_015 ok
[17:08:58] foresight 2023-07-21_17-45-42/window_019 ok
[17:08:59] foresight 2023-07-21_17-45-42/window_017 ok
[17:09:00] foresight 2023-07-21_17-45-42/window_025 ok
[17:09:00] foresight 2023-07-22_13-00-57/window_005 ok
[17:09:01] foresight 2023-07-22_13-28-55/window_003 ok
[17:09:01] foresight 2023-07-22_13-00-57/window_003 ok
[17:09:02] foresight 2023-07-22_13-00-57/window_004 ok
[17:09:03] foresight 2023-07-22_13-28-55/window_001 ok
[17:09:03] foresight 2023-07-22_13-28-55/window_002 ok
[17:09:04] foresight 2023-07-22_13-28-55/window_004 ok
[17:09:04] foresight 2023-07-22_13-00-57/window_002 ok
[17:09:04] foresight 2023-07-21_17-45-42/window_018 ok
[17:09:06] foresight 2023-07-22_13-28-55/window_008 ok
[17:09:06] foresight 2023-07-22_13-28-55/window_005 ok
[17:09:06] foresight 2023-07-22_13-28-55/window_006 ok
[17:09:06] foresight 2023-07-22_13-28-55/window_007 ok
[17:09:09] foresight 2023-07-22_13-28-55/window_012 ok
[17:09:10] foresight 2023-07-22_13-28-55/window_015 ok
[17:09:10] foresight 2023-07-22_13-28-55/window_011 ok
[17:09:11] foresight 2023-07-22_13-28-55/window_016 ok
[17:09:11] foresight 2023-07-22_13-28-55/window_013 ok
[17:09:12] foresight 2023-07-22_13-28-55/window_017 ok
[17:09:13] foresight 2023-07-22_13-28-55/window_014 ok
[17:09:15] foresight 2023-07-22_13-28-55/window_022 ok
[17:09:16] foresight 2023-07-22_13-28-55/window_009 ok
[17:09:16] foresight 2023-07-22_16-24-27/window_002 ok
[17:09:16] foresight 2023-07-22_16-24-27/window_004 ok
[17:09:17] foresight 2023-07-22_16-24-27/window_003 ok
[17:09:17] foresight 2023-07-22_13-28-55/window_018 ok
[17:09:18] foresight 2023-07-22_16-24-27/window_005 ok
[17:09:19] foresight 2023-07-22_13-28-55/window_021 ok
[17:09:19] foresight 2023-07-22_13-28-55/window_010 ok
[17:09:19] foresight 2023-07-22_13-28-55/window_020 ok
[17:09:19] foresight 2023-07-22_13-28-55/window_019 ok
[17:09:20] foresight 2023-07-22_16-24-27/window_010 ok
[17:09:22] foresight 2023-07-22_16-24-27/window_001 ok
[17:09:23] foresight 2023-07-22_16-24-27/window_009 ok
[17:09:23] foresight 2023-07-22_16-24-27/window_007 ok
[17:09:24] foresight 2023-07-22_16-24-27/window_012 ok
[17:09:24] foresight 2023-07-22_16-24-27/window_013 ok
[17:09:24] foresight 2023-07-22_16-24-27/window_014 ok
[17:09:26] foresight 2023-07-22_16-24-27/window_015 ok
[17:09:26] foresight 2023-07-22_16-24-27/window_008 ok
[17:09:28] foresight 2023-07-22_16-24-27/window_006 ok
[17:09:28] foresight 2023-07-22_16-24-27/window_017 ok
[17:09:28] foresight 2023-07-22_16-24-27/window_018 ok
[17:09:29] foresight 2023-07-22_16-24-27/window_020 ok
[17:09:31] foresight 2023-07-22_16-24-27/window_021 ok
[17:09:31] foresight 2023-07-22_16-24-27/window_022 ok
[17:09:31] foresight 2023-07-22_16-24-27/window_024 ok
[17:09:31] foresight 2023-07-22_16-24-27/window_023 ok
[17:09:32] foresight 2023-07-22_16-24-27/window_011 ok
[17:09:33] foresight 2023-07-22_16-24-27/window_019 ok
[17:09:34] foresight 2023-07-22_16-24-27/window_029 ok
[17:09:34] foresight 2023-07-22_16-24-27/window_026 ok
[17:09:35] foresight 2023-07-22_16-24-27/window_016 ok
[17:09:37] foresight 2023-07-22_16-24-27/window_032 ok
[17:09:37] foresight 2023-07-22_16-24-27/window_031 ok
[17:09:39] foresight 2023-07-22_16-24-27/window_033 ok
[17:09:40] foresight 2023-07-22_16-24-27/window_027 ok
[17:09:40] foresight 2023-07-22_16-24-27/window_034 ok
[17:09:40] foresight 2023-07-22_16-24-27/window_036 ok
[17:09:40] foresight 2023-07-22_16-24-27/window_037 ok
[17:09:41] foresight 2023-07-22_16-24-27/window_028 ok
[17:09:41] foresight 2023-07-22_16-24-27/window_025 ok
[17:09:42] foresight 2023-07-22_16-24-27/window_040 ok
[17:09:43] foresight 2023-07-22_16-24-27/window_041 ok
[17:09:43] foresight 2023-07-22_16-24-27/window_038 ok
[17:09:46] foresight 2023-07-22_16-24-27/window_044 ok
[17:09:46] foresight 2023-07-22_16-24-27/window_030 ok
[17:09:46] foresight 2023-07-22_16-24-27/window_042 ok
[17:09:46] foresight 2023-07-22_16-24-27/window_045 ok
[17:09:47] foresight 2023-07-22_16-24-27/window_035 ok
[17:09:47] foresight 2023-07-22_16-24-27/window_047 ok
[17:09:48] foresight 2023-07-22_16-24-27/window_039 ok
[17:09:49] foresight 2023-07-22_16-24-27/window_048 ok
[17:09:50] foresight 2023-07-22_17-31-58/window_001 ok
[17:09:51] foresight 2023-07-22_16-24-27/window_049 ok
[17:09:53] foresight 2023-07-22_17-38-50/window_004 ok
[17:09:53] foresight 2023-07-22_16-24-27/window_051 ok
[17:09:53] foresight 2023-07-22_17-38-50/window_002 ok
[17:09:53] foresight 2023-07-22_17-38-50/window_001 ok
[17:09:55] foresight 2023-07-22_17-38-50/window_003 ok
[17:09:55] foresight 2023-07-22_16-24-27/window_043 ok
[17:09:55] foresight 2023-07-22_16-24-27/window_050 ok
[17:09:55] foresight 2023-07-22_17-38-50/window_005 ok
[17:09:55] foresight 2023-07-22_17-38-50/window_007 ok
[17:09:55] foresight 2023-07-22_17-38-50/window_006 ok
[17:09:56] foresight 2023-07-22_16-24-27/window_046 ok
[17:09:57] foresight 2023-07-22_17-38-50/window_010 ok
[17:09:57] foresight 2023-07-22_17-38-50/window_008 ok
[17:09:59] foresight 2023-07-22_17-38-50/window_011 ok
[17:10:00] foresight 2023-07-22_17-38-50/window_012 ok
[17:10:00] foresight 2023-07-22_17-38-50/window_014 ok
[17:10:01] foresight 2023-07-23_11-23-18/window_001 ok
[17:10:02] foresight 2023-07-22_17-38-50/window_013 ok
[17:10:02] foresight 2023-07-23_11-23-18/window_002 ok
[17:10:03] foresight 2023-07-23_11-23-18/window_003 ok
[17:10:04] foresight 2023-07-23_11-23-18/window_004 ok
[17:10:05] foresight 2023-07-23_11-23-18/window_006 ok
[17:10:05] foresight 2023-07-22_17-38-50/window_009 ok
[17:10:05] foresight 2023-07-23_11-23-18/window_005 ok
[17:10:06] foresight 2023-07-23_11-23-18/window_007 ok
[17:10:07] foresight 2023-07-23_11-23-18/window_008 ok
[17:10:07] foresight 2023-07-23_11-23-18/window_010 ok
[17:10:07] foresight 2023-07-23_11-23-18/window_009 ok
[17:10:08] foresight 2023-07-23_11-23-18/window_011 ok
[17:10:08] foresight 2023-07-23_11-23-18/window_014 ok
[17:10:09] foresight 2023-07-23_11-23-18/window_013 ok
[17:10:09] foresight 2023-07-23_11-23-18/window_012 ok
[17:10:09] foresight 2023-07-23_11-23-18/window_015 ok
[17:10:11] foresight 2023-07-23_11-23-18/window_016 ok
[17:10:11] foresight 2023-07-23_11-23-18/window_019 ok
[17:10:12] foresight 2023-07-23_11-23-18/window_017 ok
[17:10:13] foresight 2023-07-23_11-23-18/window_020 ok
[17:10:15] foresight 2023-07-23_11-52-09/window_004 ok
[17:10:16] foresight 2023-07-23_11-52-09/window_005 ok
[17:10:17] foresight 2023-07-23_11-52-09/window_002 ok
[17:10:18] foresight 2023-07-23_11-52-09/window_003 ok
[17:10:18] foresight 2023-07-23_11-52-09/window_010 ok
[17:10:18] foresight 2023-07-23_11-52-09/window_008 ok
[17:10:19] foresight 2023-07-23_11-52-09/window_009 ok
[17:10:19] foresight 2023-07-23_11-52-09/window_012 ok
[17:10:20] foresight 2023-07-23_11-23-18/window_021 ok
[17:10:20] foresight 2023-07-23_11-52-09/window_007 ok
[17:10:21] foresight 2023-07-23_11-23-18/window_018 ok
[17:10:21] foresight 2023-07-23_11-52-09/window_013 ok
[17:10:22] foresight 2023-07-23_11-52-09/window_014 ok
[17:10:23] foresight 2023-07-23_11-52-09/window_016 ok
[17:10:23] foresight 2023-07-23_11-52-09/window_001 ok
[17:10:23] foresight 2023-07-23_11-52-09/window_018 ok
[17:10:23] foresight 2023-07-23_11-52-09/window_015 ok
[17:10:24] foresight 2023-07-23_11-52-09/window_017 ok
[17:10:24] foresight 2023-07-23_11-52-09/window_020 ok
[17:10:25] foresight 2023-07-23_11-52-09/window_011 ok
[17:10:26] foresight 2023-07-23_12-52-39/window_001 ok
[17:10:26] foresight 2023-07-23_11-52-09/window_006 ok
[17:10:28] foresight 2023-07-23_11-52-09/window_021 ok
[17:10:30] foresight 2023-07-23_12-52-39/window_004 ok
[17:10:30] foresight 2023-07-23_11-52-09/window_019 ok
[17:10:31] foresight 2023-07-23_12-52-39/window_008 ok
[17:10:32] foresight 2023-07-23_12-52-39/window_007 ok
[17:10:33] foresight 2023-07-23_12-52-39/window_006 ok
[17:10:34] foresight t1/window_001 ok
[17:10:34] foresight 2023-07-23_12-52-39/window_005 ok
[17:10:34] foresight t1/window_002 ok
[17:10:34] foresight t1/window_004 ok
[17:10:35] foresight 2023-07-23_12-52-39/window_003 ok
[17:10:35] foresight t1/window_003 ok
[17:10:36] foresight t1/window_007 ok
[17:10:37] foresight t1/window_008 ok
[17:10:39] foresight 2023-07-23_12-52-39/window_009 ok
[17:10:39] foresight t1/window_012 ok
[17:10:39] foresight 2023-07-23_12-52-39/window_002 ok
[17:10:40] foresight t1/window_011 ok
[17:10:41] foresight t2/window_002 ok
[17:10:41] foresight t1/window_010 ok
[17:10:44] foresight t1/window_009 ok
[17:10:45] foresight t2/window_007 ok
[17:10:46] foresight t2/window_004 ok
[17:10:46] foresight t2/window_005 ok
[17:10:46] foresight t1/window_005 ok
[17:10:46] foresight t1/window_006 ok
[17:10:47] foresight t2/window_009 ok
[17:10:47] foresight t2/window_003 ok
[17:10:49] foresight t2/window_014 ok
[17:10:50] foresight t2/window_001 ok
[17:10:51] foresight t2/window_006 ok
[17:10:51] foresight t2/window_015 ok
[17:10:51] foresight t2/window_011 ok
[17:10:51] hindsight 2023-07-20_18-12-05/window_000 flagged
[17:10:52] foresight t2/window_016 ok
[17:10:53] foresight t2/window_010 ok
[17:10:53] foresight t2/window_020 ok
[17:10:55] foresight t2/window_018 ok
[17:10:55] foresight t2/window_022 ok
[17:10:55] foresight t2/window_021 ok
[17:10:56] foresight t2/window_013 ok
[17:10:56] foresight t2/window_008 ok
[17:10:58] foresight t2/window_012 ok
[17:10:59] foresight t2/window_025 ok
[17:10:59] foresight t2/window_017 ok
[17:11:00] foresight t2/window_026 ok
[17:11:00] foresight t2/window_024 ok
[17:11:01] foresight t2/window_019 ok
[17:11:02] foresight t2/window_027 ok
[17:11:02] foresight t2/window_023 ok
[17:11:02] foresight t2/window_028 ok
[17:11:04] foresight t2/window_031 ok
[17:11:05] foresight t2/window_032 ok
[17:11:05] foresight t2/window_033 ok
[17:11:09] foresight t2/window_034 ok
[17:11:10] foresight t2/window_030 ok
[17:11:11] foresight t2/window_029 ok
[17:11:13] hindsight 2023-07-20_18-12-05/window_001 ok
[17:11:15] hindsight 2023-07-20_18-12-05/window_002 ok
[17:11:17] hindsight 2023-07-20_18-12-05/window_003 ok
[17:11:17] hindsight 2023-07-21_12-38-15/window_000 flagged
[17:11:17] hindsight 2023-07-20_18-12-05/window_004 ok
[17:11:18] hindsight 2023-07-20_18-12-05/window_006 ok
[17:11:19] hindsight 2023-07-20_18-12-05/window_005 ok
[17:11:19] hindsight 2023-07-20_18-12-05/window_007 ok
[17:11:20] hindsight 2023-07-20_18-12-05/window_008 ok
[17:11:20] hindsight 2023-07-20_18-12-05/window_009 ok
[17:11:22] hindsight 2023-07-20_18-12-05/window_010 ok
[17:11:23] hindsight 2023-07-20_18-12-05/window_011 ok
[17:11:23] hindsight 2023-07-20_18-12-05/window_012 ok
[17:11:24] hindsight 2023-07-20_18-12-05/window_013 ok
[17:11:24] hindsight 2023-07-20_18-12-05/window_014 ok
[17:11:24] hindsight 2023-07-20_18-12-05/window_016 ok
[17:11:25] hindsight 2023-07-20_18-12-05/window_015 ok
[17:11:25] hindsight 2023-07-21_12-58-11/window_000 flagged
[17:11:25] hindsight 2023-07-20_18-12-05/window_018 ok
[17:11:26] hindsight 2023-07-20_18-12-05/window_017 ok
[17:11:28] hindsight 2023-07-20_18-12-05/window_020 ok
[17:11:28] hindsight 2023-07-20_18-12-05/window_019 ok
[17:11:29] hindsight 2023-07-20_18-12-05/window_021 ok
[17:11:31] hindsight 2023-07-20_18-12-05/window_025 ok
[17:11:32] hindsight 2023-07-20_18-12-05/window_022 ok
[17:11:34] hindsight 2023-07-20_18-12-05/window_024 ok
[17:11:34] hindsight 2023-07-20_18-12-05/window_023 ok
[17:11:37] hindsight 2023-07-20_18-12-05/window_026 ok
[17:11:41] hindsight 2023-07-21_12-38-15/window_001 ok
[17:11:41] hindsight 2023-07-21_12-38-15/window_002 ok
[17:11:42] hindsight 2023-07-21_12-38-15/window_003 ok
[17:11:42] hindsight 2023-07-21_12-38-15/window_004 ok
[17:11:43] hindsight 2023-07-21_12-38-15/window_013 ok
[17:11:43] hindsight 2023-07-21_12-38-15/window_005 ok
[17:11:44] hindsight 2023-07-21_12-38-15/window_006 ok
[17:11:44] hindsight 2023-07-21_12-38-15/window_007 ok
[17:11:46] hindsight 2023-07-21_12-38-15/window_008 ok
[17:11:46] hindsight 2023-07-21_12-38-15/window_012 ok
[17:11:47] hindsight 2023-07-21_12-38-15/window_009 ok
[17:11:47] hindsight 2023-07-21_12-38-15/window_010 ok
[17:11:47] hindsight 2023-07-21_12-38-15/window_011 ok
[17:11:49] hindsight 2023-07-21_12-58-11/window_001 ok
[17:11:49] hindsight 2023-07-21_12-58-11/window_002 ok
[17:11:50] hindsight 2023-07-21_12-58-11/window_003 ok
[17:11:51] hindsight 2023-07-21_12-58-11/window_005 ok
[17:11:51] hindsight 2023-07-21_12-58-11/window_004 ok
[17:11:52] hindsight 2023-07-21_12-58-11/window_006 ok
[17:11:55] hindsight 2023-07-21_12-58-11/window_007 ok
[17:11:55] hindsight 2023-07-21_12-58-11/window_008 ok
[17:11:56] hindsight 2023-07-21_12-58-11/window_011 ok
[17:11:58] hindsight 2023-07-21_12-58-11/window_009 ok
[17:11:58] hindsight 2023-07-21_12-58-11/window_010 ok
[17:12:00] hindsight 2023-07-21_12-58-11/window_017 ok
[17:12:01] hindsight 2023-07-21_12-58-11/window_015 ok
[17:12:02] hindsight 2023-07-21_12-58-11/window_024 ok
[17:12:03] hindsight 2023-07-21_12-58-11/window_028 ok
[17:12:03] hindsight 2023-07-21_13-43-00/window_000 flagged
[17:12:04] hindsight 2023-07-21_12-58-11/window_023 ok
[17:12:05] hindsight 2023-07-21_12-58-11/window_012 ok
[17:12:05] hindsight 2023-07-21_12-58-11/window_013 ok
[17:12:06] hindsight 2023-07-21_12-58-11/window_014 ok
[17:12:06] hindsight 2023-07-21_12-58-11/window_016 ok
[17:12:07] hindsight 2023-07-21_12-58-11/window_022 ok
[17:12:08] hindsight 2023-07-21_12-58-11/window_018 ok
[17:12:08] hindsight 2023-07-21_12-58-11/window_019 ok
[17:12:10] hindsight 2023-07-21_12-58-11/window_020 ok
[17:12:10] hindsight 2023-07-21_13-59-14/window_000 flagged
[17:12:10] hindsight 2023-07-21_12-58-11/window_021 ok
[17:12:12] hindsight 2023-07-21_12-58-11/window_025 ok
[17:12:12] hindsight 2023-07-21_12-58-11/window_029 ok
[17:12:12] hindsight 2023-07-21_12-58-11/window_032 ok
[17:12:13] hindsight 2023-07-21_12-58-11/window_026 ok
[17:12:13] hindsight 2023-07-21_14-08-29/window_000 flagged
[17:12:14] hindsight 2023-07-21_12-58-11/window_027 ok
[17:12:16] hindsight 2023-07-21_12-58-11/window_030 ok
[17:12:19] hindsight 2023-07-21_12-58-11/window_031 ok
[17:12:19] hindsight 2023-07-21_12-58-11/window_037 ok
[17:12:20] hindsight 2023-07-21_12-58-11/window_033 ok
[17:12:21] hindsight 2023-07-21_12-58-11/window_034 ok
[17:12:22] hindsight 2023-07-21_12-58-11/window_035 ok
[17:12:24] hindsight 2023-07-21_13-43-00/window_001 ok
[17:12:24] hindsight 2023-07-21_12-58-11/window_036 ok
[17:12:25] hindsight 2023-07-21_12-58-11/window_038 ok
[17:12:26] hindsight 2023-07-21_13-43-00/window_004 ok
[17:12:27] hindsight 2023-07-21_13-43-00/window_002 ok
[17:12:28] hindsight 2023-07-21_13-43-00/window_003 ok
[17:12:29] hindsight 2023-07-21_13-43-00/window_007 ok
[17:12:29] hindsight 2023-07-21_13-59-14/window_005 ok
[17:12:30] hindsight 2023-07-21_13-43-00/window_006 ok
[17:12:30] hindsight 2023-07-21_13-43-00/window_005 ok
[17:12:32] hindsight 2023-07-21_13-43-00/window_008 ok
[17:12:32] hindsight 2023-07-21_13-43-00/window_009 ok
[17:12:34] hindsight 2023-07-21_13-59-14/window_001 ok
[17:12:34] hindsight 2023-07-21_13-59-14/window_002 ok
[17:12:34] hindsight 2023-07-21_13-59-14/window_004 ok
[17:12:35] hindsight 2023-07-21_13-59-14/window_003 ok
[17:12:36] hindsight 2023-07-21_14-08-29/window_001 ok
[17:12:36] hindsight 2023-07-21_14-08-29/window_003 ok
[17:12:37] hindsight 2023-07-21_14-08-29/window_002 ok
[17:12:39] hindsight 2023-07-21_14-08-29/window_004 ok
[17:12:43] hindsight 2023-07-21_14-08-29/window_007 ok
[17:12:43] hindsight 2023-07-21_14-44-56/window_000 flagged
[17:12:43] hindsight 2023-07-21_14-08-29/window_005 ok
[17:12:44] hindsight 2023-07-21_14-08-29/window_006 ok
[17:12:46] hindsight 2023-07-21_14-08-29/window_008 ok
[17:12:46] hindsight 2023-07-21_17-07-00/window_000 flagged
[17:12:48] hindsight 2023-07-21_14-08-29/window_009 ok
[17:12:48] hindsight 2023-07-21_14-08-29/window_010 ok
[17:12:49] hindsight 2023-07-21_14-08-29/window_011 ok
[17:12:50] hindsight 2023-07-21_14-08-29/window_012 ok
[17:12:51] hindsight 2023-07-21_14-08-29/window_013 ok
[17:12:51] hindsight 2023-07-21_14-08-29/window_015 ok
[17:12:52] hindsight 2023-07-21_14-08-29/window_014 ok
[17:12:53] hindsight 2023-07-21_14-08-29/window_016 ok
[17:12:54] hindsight 2023-07-21_14-08-29/window_018 ok
[17:12:54] hindsight 2023-07-21_14-08-29/window_017 ok
[17:12:56] hindsight 2023-07-21_14-08-29/window_019 ok
[17:12:56] hindsight 2023-07-21_14-08-29/window_020 ok
[17:12:56] hindsight 2023-07-21_14-08-29/window_023 ok
[17:12:57] hindsight 2023-07-21_14-08-29/window_026 ok
[17:12:57] hindsight 2023-07-21_14-08-29/window_021 ok
[17:12:58] hindsight 2023-07-21_14-08-29/window_022 ok
[17:12:59] hindsight 2023-07-21_14-08-29/window_024 ok
[17:13:00] hindsight 2023-07-21_14-08-29/window_025 ok
[17:13:01] hindsight 2023-07-21_14-08-29/window_027 ok
[17:13:03] hindsight 2023-07-21_14-08-29/window_028 ok
[17:13:04] hindsight 2023-07-21_17-07-00/window_001 ok
[17:13:04] hindsight 2023-07-21_14-44-56/window_001 ok
[17:13:04] hindsight 2023-07-21_17-07-00/window_023 flagged
[17:13:04] hindsight 2023-07-21_17-07-00/window_024 flagged
[17:13:04] hindsight 2023-07-21_17-34-18/window_000 flagged
[17:13:07] hindsight 2023-07-21_14-44-56/window_002 ok
[17:13:08] hindsight 2023-07-21_14-44-56/window_003 ok
[17:13:12] hindsight 2023-07-21_17-07-00/window_002 ok
[17:13:12] hindsight 2023-07-21_17-07-00/window_003 ok
[17:13:12] hindsight 2023-07-21_17-07-00/window_006 ok
[17:13:12] hindsight 2023-07-21_17-07-00/window_004 ok
[17:13:13] hindsight 2023-07-21_17-07-00/window_012 ok
[17:13:13] hindsight 2023-07-21_17-07-00/window_014 ok
[17:13:13] hindsight 2023-07-21_17-45-42/window_000 flagged
[17:13:14] hindsight 2023-07-21_17-07-00/window_005 ok
[17:13:15] hindsight 2023-07-21_17-07-00/window_007 ok
[17:13:16] hindsight 2023-07-21_17-07-00/window_008 ok
[17:13:17] hindsight 2023-07-21_17-07-00/window_009 ok
[17:13:17] hindsight 2023-07-21_17-07-00/window_013 ok
[17:13:18] hindsight 2023-07-21_17-07-00/window_011 ok
[17:13:18] hindsight 2023-07-21_17-07-00/window_010 ok
[17:13:20] hindsight 2023-07-21_17-07-00/window_015 ok
[17:13:21] hindsight 2023-07-21_17-07-00/window_016 ok
[17:13:21] hindsight 2023-07-21_17-07-00/window_017 ok
[17:13:23] hindsight 2023-07-21_17-07-00/window_018 ok
[17:13:24] hindsight 2023-07-21_17-07-00/window_019 ok
[17:13:25] hindsight 2023-07-21_17-07-00/window_020 ok
[17:13:27] hindsight 2023-07-21_17-07-00/window_021 ok
[17:13:27] hindsight 2023-07-21_17-34-18/window_005 ok
[17:13:28] hindsight 2023-07-21_17-07-00/window_022 ok
[17:13:28] hindsight 2023-07-21_17-34-18/window_001 ok
[17:13:30] hindsight 2023-07-21_17-45-42/window_002 ok
[17:13:30] hindsight 2023-07-21_17-34-18/window_002 ok
[17:13:31] hindsight 2023-07-21_17-34-18/window_003 ok
[17:13:32] hindsight 2023-07-21_17-45-42/window_001 ok
[17:13:32] hindsight 2023-07-21_17-34-18/window_004 ok
[17:13:36] hindsight 2023-07-21_17-34-18/window_006 ok
[17:13:36] hindsight 2023-07-21_17-45-42/window_003 ok
[17:13:36] hindsight 2023-07-21_17-34-18/window_007 ok
[17:13:36] hindsight 2023-07-22_13-00-57/window_000 flagged
[17:13:37] hindsight 2023-07-21_17-34-18/window_008 ok
[17:13:39] hindsight 2023-07-21_17-45-42/window_008 ok
[17:13:39] hindsight 2023-07-21_17-45-42/window_012 ok
[17:13:40] hindsight 2023-07-21_17-45-42/window_004 ok
[17:13:41] hindsight 2023-07-21_17-45-42/window_006 ok
[17:13:41] hindsight 2023-07-22_13-00-57/window_006 flagged
[17:13:41] hindsight 2023-07-21_17-45-42/window_005 ok
[17:13:41] hindsight 2023-07-22_13-28-55/window_000 flagged
[17:13:41] hindsight 2023-07-21_17-45-42/window_007 ok
[17:13:44] hindsight 2023-07-21_17-45-42/window_009 ok
[17:13:45] hindsight 2023-07-21_17-45-42/window_010 ok
[17:13:45] hindsight 2023-07-21_17-45-42/window_011 ok
[17:13:47] hindsight 2023-07-21_17-45-42/window_017 ok
[17:13:48] hindsight 2023-07-21_17-45-42/window_013 ok
[17:13:48] hindsight 2023-07-21_17-45-42/window_015 ok
[17:13:49] hindsight 2023-07-21_17-45-42/window_014 ok
[17:13:51] hindsight 2023-07-21_17-45-42/window_016 ok
[17:13:51] hindsight 2023-07-22_13-00-57/window_005 ok
[17:13:51] hindsight 2023-07-22_13-00-57/window_007 ok
[17:13:52] hindsight 2023-07-21_17-45-42/window_018 ok
[17:13:54] hindsight 2023-07-21_17-45-42/window_019 ok
[17:13:54] hindsight 2023-07-21_17-45-42/window_020 ok
[17:13:55] hindsight 2023-07-22_13-00-57/window_004 ok
[17:13:55] hindsight 2023-07-21_17-45-42/window_021 ok
[17:13:55] hindsight 2023-07-21_17-45-42/window_022 ok
[17:13:56] hindsight 2023-07-21_17-45-42/window_023 ok
[17:13:58] hindsight 2023-07-22_13-00-57/window_001 ok
[17:13:59] hindsight 2023-07-21_17-45-42/window_025 ok
[17:14:00] hindsight 2023-07-21_17-45-42/window_024 ok
[17:14:01] hindsight 2023-07-22_13-00-57/window_003 ok
[17:14:01] hindsight 2023-07-22_16-24-27/window_000 flagged
[17:14:01] hindsight 2023-07-22_13-00-57/window_002 ok
[17:14:05] hindsight 2023-07-22_13-28-55/window_002 ok
[17:14:05] hindsight 2023-07-22_13-28-55/window_001 ok
[17:14:08] hindsight 2023-07-22_13-28-55/window_003 ok
[17:14:09] hindsight 2023-07-22_13-28-55/window_005 ok
[17:14:09] hindsight 2023-07-22_13-28-55/window_004 ok
[17:14:11] hindsight 2023-07-22_13-28-55/window_006 ok
[17:14:11] hindsight 2023-07-22_13-28-55/window_007 ok
[17:14:12] hindsight 2023-07-22_13-28-55/window_008 ok
[17:14:13] hindsight 2023-07-22_13-28-55/window_009 ok
[17:14:15] hindsight 2023-07-22_13-28-55/window_010 ok
[17:14:15] hindsight 2023-07-22_13-28-55/window_011 ok
[17:14:15] hindsight 2023-07-22_13-28-55/window_012 ok
[17:14:16] hindsight 2023-07-22_13-28-55/window_019 ok
[17:14:16] hindsight 2023-07-22_13-28-55/window_013 ok
[17:14:16] hindsight 2023-07-22_13-28-55/window_021 ok
[17:14:18] hindsight 2023-07-22_13-28-55/window_014 ok
[17:14:18] hindsight 2023-07-22_13-28-55/window_015 ok
[17:14:18] hindsight 2023-07-22_13-28-55/window_018 ok
[17:14:19] hindsight 2023-07-22_13-28-55/window_016 ok
[17:14:19] hindsight 2023-07-22_13-28-55/window_017 ok
[17:14:20] hindsight 2023-07-22_13-28-55/window_020 ok
[17:14:24] hindsight 2023-07-22_13-28-55/window_022 ok
[17:14:25] hindsight 2023-07-22_16-24-27/window_001 ok
[17:14:25] hindsight 2023-07-22_16-24-27/window_002 ok
[17:14:29] hindsight 2023-07-22_16-24-27/window_003 ok
[17:14:29] hindsight 2023-07-22_16-24-27/window_004 ok
[17:14:31] hindsight 2023-07-22_16-24-27/window_005 ok
[17:14:33] hindsight 2023-07-22_16-24-27/window_006 ok
[17:14:33] hindsight 2023-07-22_16-24-27/window_007 ok
[17:14:35] hindsight 2023-07-22_16-24-27/window_008 ok
[17:14:35] hindsight 2023-07-22_16-24-27/window_009 ok
[17:14:36] hindsight 2023-07-22_16-24-27/window_010 ok
[17:14:37] hindsight 2023-07-22_16-24-27/window_011 ok
[17:14:39] hindsight 2023-07-22_16-24-27/window_012 ok
[17:14:39] hindsight 2023-07-22_16-24-27/window_013 ok
[17:14:39] hindsight 2023-07-22_16-24-27/window_014 ok
[17:14:39] hindsight 2023-07-22_16-24-27/window_015 ok
[17:14:40] hindsight 2023-07-22_16-24-27/window_016 ok
[17:14:40] hindsight 2023-07-22_16-24-27/window_017 ok
[17:14:41] hindsight 2023-07-22_16-24-27/window_018 ok
[17:14:42] hindsight 2023-07-22_16-24-27/window_019 ok
[17:14:42] hindsight 2023-07-22_16-24-27/window_020 ok
[17:14:43] hindsight 2023-07-22_16-24-27/window_021 ok
[17:14:43] hindsight 2023-07-22_16-24-27/window_022 ok
[17:14:43] hindsight 2023-07-22_16-24-27/window_023 ok
[17:14:47] hindsight 2023-07-22_16-24-27/window_025 ok
[17:14:47] hindsight 2023-07-22_16-24-27/window_024 ok
[17:14:49] hindsight 2023-07-22_16-24-27/window_026 ok
[17:14:49] hindsight 2023-07-22_16-24-27/window_027 ok
[17:14:52] hindsight 2023-07-22_16-24-27/window_034 ok
[17:14:52] hindsight 2023-07-22_17-18-36/window_000 flagged
[17:14:52] hindsight 2023-07-22_17-31-58/window_000 flagged
[17:14:53] hindsight 2023-07-22_16-24-27/window_028 ok
[17:14:53] hindsight 2023-07-22_17-38-50/window_000 flagged
[17:14:55] hindsight 2023-07-22_16-24-27/window_029 ok
[17:14:56] hindsight 2023-07-22_16-24-27/window_030 ok
[17:14:57] hindsight 2023-07-22_16-24-27/window_031 ok
[17:14:59] hindsight 2023-07-22_16-24-27/window_032 ok
[17:14:59] hindsight 2023-07-22_16-24-27/window_038 ok
[17:14:59] hindsight 2023-07-22_16-24-27/window_033 ok
[17:15:00] hindsight 2023-07-22_16-24-27/window_039 ok
[17:15:00] hindsight 2023-07-22_16-24-27/window_035 ok
[17:15:01] hindsight 2023-07-22_16-24-27/window_040 ok
[17:15:02] hindsight 2023-07-22_16-24-27/window_041 ok
[17:15:02] hindsight 2023-07-22_16-24-27/window_036 ok
[17:15:03] hindsight 2023-07-22_16-24-27/window_037 ok
[17:15:04] hindsight 2023-07-22_16-24-27/window_049 ok
[17:15:05] hindsight 2023-07-22_16-24-27/window_042 ok
[17:15:05] hindsight 2023-07-23_11-23-18/window_000 flagged
[17:15:06] hindsight 2023-07-22_16-24-27/window_043 ok
[17:15:06] hindsight 2023-07-22_16-24-27/window_044 ok
[17:15:06] hindsight 2023-07-22_16-24-27/window_046 ok
[17:15:07] hindsight 2023-07-22_16-24-27/window_045 ok
[17:15:07] hindsight 2023-07-22_16-24-27/window_047 ok
[17:15:08] hindsight 2023-07-22_16-24-27/window_050 ok
[17:15:11] hindsight 2023-07-22_16-24-27/window_048 ok
[17:15:13] hindsight 2023-07-22_16-24-27/window_051 ok
[17:15:13] hindsight 2023-07-22_17-31-58/window_001 ok
[17:15:15] hindsight 2023-07-22_17-38-50/window_008 ok
[17:15:17] hindsight 2023-07-22_17-38-50/window_001 ok
[17:15:19] hindsight 2023-07-22_17-38-50/window_002 ok
[17:15:20] hindsight 2023-07-22_17-38-50/window_003 ok
[17:15:21] hindsight 2023-07-22_17-38-50/window_004 ok
[17:15:22] hindsight 2023-07-22_17-38-50/window_009 ok
[17:15:22] hindsight 2023-07-22_17-38-50/window_007 ok
[17:15:23] hindsight 2023-07-22_17-38-50/window_005 ok
[17:15:23] hindsight 2023-07-22_17-38-50/window_006 ok
[17:15:25] hindsight 2023-07-22_17-38-50/window_010 ok
[17:15:26] hindsight 2023-07-22_17-38-50/window_011 ok
[17:15:26] hindsight 2023-07-22_17-38-50/window_012 ok
[17:15:26] hindsight 2023-07-23_11-52-09/window_000 unscoreable
[17:15:27] hindsight 2023-07-22_17-38-50/window_013 ok
[17:15:27] hindsight 2023-07-22_17-38-50/window_014 ok
[17:15:29] hindsight 2023-07-23_11-23-18/window_001 ok
[17:15:30] hindsight 2023-07-23_11-23-18/window_002 ok
[17:15:30] hindsight 2023-07-23_11-23-18/window_003 ok
[17:15:30] hindsight 2023-07-23_11-23-18/window_004 ok
[17:15:31] hindsight 2023-07-23_11-23-18/window_005 ok
[17:15:31] hindsight 2023-07-23_11-23-18/window_006 ok
[17:15:32] hindsight 2023-07-23_11-23-18/window_007 ok
[17:15:35] hindsight 2023-07-23_11-23-18/window_008 ok
[17:15:37] hindsight 2023-07-23_11-23-18/window_009 ok
[17:15:37] hindsight 2023-07-23_11-23-18/window_010 ok
[17:15:39] hindsight 2023-07-23_11-23-18/window_011 ok
[17:15:41] hindsight 2023-07-23_11-23-18/window_012 ok
[17:15:42] hindsight 2023-07-23_11-23-18/window_013 ok
[17:15:44] hindsight 2023-07-23_11-23-18/window_014 ok
[17:15:44] hindsight 2023-07-23_11-52-09/window_010 ok
[17:15:44] hindsight 2023-07-23_11-23-18/window_015 ok
[17:15:45] hindsight 2023-07-23_11-23-18/window_016 ok
[17:15:46] hindsight 2023-07-23_11-23-18/window_017 ok
[17:15:46] hindsight 2023-07-23_11-23-18/window_018 ok
[17:15:46] hindsight 2023-07-23_12-52-39/window_000 flagged
[17:15:46] hindsight 2023-07-23_11-23-18/window_021 ok
[17:15:47] hindsight 2023-07-23_11-23-18/window_019 ok
[17:15:49] hindsight 2023-07-23_11-23-18/window_020 ok
[17:15:49] hindsight 2023-07-23_11-52-09/window_001 ok
[17:15:51] hindsight 2023-07-23_11-52-09/window_002 ok
[17:15:51] hindsight 2023-07-23_11-52-09/window_003 ok
[17:15:53] hindsight 2023-07-23_11-52-09/window_007 ok
[17:15:53] hindsight 2023-07-23_11-52-09/window_004 ok
[17:15:53] hindsight 2023-07-23_11-52-09/window_011 ok
[17:15:53] hindsight t1/window_000 flagged
[17:15:54] hindsight 2023-07-23_11-52-09/window_005 ok
[17:15:54] hindsight 2023-07-23_11-52-09/window_006 ok
[17:15:54] hindsight 2023-07-23_11-52-09/window_008 ok
[17:15:55] hindsight 2023-07-23_11-52-09/window_009 ok
[17:16:00] hindsight 2023-07-23_11-52-09/window_012 ok
[17:16:01] hindsight 2023-07-23_11-52-09/window_013 ok
[17:16:03] hindsight 2023-07-23_11-52-09/window_014 ok
[17:16:05] hindsight 2023-07-23_11-52-09/window_015 ok
[17:16:06] hindsight 2023-07-23_11-52-09/window_016 ok
[17:16:08] hindsight 2023-07-23_11-52-09/window_017 ok
[17:16:08] hindsight 2023-07-23_11-52-09/window_018 ok
[17:16:08] hindsight 2023-07-23_11-52-09/window_019 ok
[17:16:08] hindsight t2/window_000 unscoreable
[17:16:09] hindsight 2023-07-23_11-52-09/window_020 ok
[17:16:09] hindsight 2023-07-23_11-52-09/window_021 ok
[17:16:10] hindsight 2023-07-23_12-52-39/window_002 ok
[17:16:10] hindsight 2023-07-23_12-52-39/window_001 ok
[17:16:11] hindsight 2023-07-23_12-52-39/window_003 ok
[17:16:12] hindsight 2023-07-23_12-52-39/window_009 ok
[17:16:13] hindsight 2023-07-23_12-52-39/window_005 ok
[17:16:13] hindsight 2023-07-23_12-52-39/window_004 ok
[17:16:13] hindsight 2023-07-23_12-52-39/window_006 ok
[17:16:14] hindsight 2023-07-23_12-52-39/window_007 ok
[17:16:17] hindsight 2023-07-23_12-52-39/window_008 ok
[17:16:17] hindsight t1/window_001 ok
[17:16:18] hindsight t1/window_002 ok
[17:16:18] hindsight t1/window_003 ok
[17:16:18] hindsight t1/window_004 ok
[17:16:19] hindsight t1/window_005 ok
[17:16:22] hindsight t1/window_012 ok
[17:16:24] hindsight t1/window_006 ok
[17:16:25] hindsight t1/window_007 ok
[17:16:27] hindsight t1/window_008 ok
[17:16:28] hindsight t1/window_009 ok
[17:16:30] hindsight t1/window_010 ok
[17:16:31] hindsight t2/window_011 ok
[17:16:31] hindsight t1/window_011 ok
[17:16:32] hindsight t2/window_001 ok
[17:16:33] hindsight t2/window_002 ok
[17:16:33] hindsight t2/window_003 ok
[17:16:34] hindsight t2/window_010 ok
[17:16:34] hindsight t2/window_005 ok
[17:16:34] hindsight t2/window_004 ok
[17:16:35] hindsight t2/window_006 ok
[17:16:36] hindsight t2/window_007 ok
[17:16:37] hindsight t2/window_008 ok
[17:16:37] hindsight t2/window_009 ok
[17:16:38] hindsight t2/window_013 ok
[17:16:39] hindsight t2/window_017 ok
[17:16:40] hindsight t2/window_012 ok
[17:16:42] hindsight t2/window_014 ok
[17:16:42] hindsight t2/window_015 ok
[17:16:42] hindsight t2/window_016 ok
[17:16:46] hindsight t2/window_019 ok
[17:16:46] hindsight t2/window_018 ok
[17:16:49] hindsight t2/window_020 ok
[17:16:50] hindsight t2/window_021 ok
[17:16:52] hindsight t2/window_022 ok
[17:16:54] hindsight t2/window_023 ok
[17:16:55] hindsight t2/window_024 ok
[17:16:55] hindsight t2/window_025 ok
[17:16:55] hindsight t2/window_027 ok
[17:16:56] hindsight t2/window_026 ok
[17:16:56] hindsight t2/window_032 ok
[17:16:57] hindsight t2/window_028 ok
[17:16:57] hindsight t2/window_029 ok
[17:16:58] hindsight t2/window_030 ok
[17:16:58] hindsight t2/window_031 ok
[17:17:00] hindsight t2/window_033 ok
[17:17:00] hindsight t2/window_034 ok

== foresight: 363 windows, belief tau median 0.94 cm, best global tau arm lse-0.005
  clark-corr  relE 1.98e-03 relSD 0.027 sd/mc 0.995 cvar med 0.0045 p95 0.120
  clark       relE 1.98e-03 relSD 0.060 sd/mc 0.940 cvar med 0.0087 p95 0.261
  fosm        relE 2.35e-02 relSD 0.039 sd/mc 1.001 cvar med 0.0126 p95 0.810
  hybrid      relE 1.98e-03 relSD 0.039 sd/mc 1.001 cvar med 0.0052 p95 0.171
  lse-0.005   relE 2.41e-02 relSD 0.045 sd/mc 0.964 cvar med 0.0128 p95 0.841
  lse-0.01    relE 2.89e-02 relSD 0.072 sd/mc 0.929 cvar med 0.0173 p95 0.956
  lse-0.02    relE 4.47e-02 relSD 0.121 sd/mc 0.879 cvar med 0.0253 p95 1.150
  lse-0.05    relE 9.17e-02 relSD 0.187 sd/mc 0.813 cvar med 0.0372 p95 2.237
  lse-0.1     relE 1.28e-01 relSD 0.230 sd/mc 0.770 cvar med 0.0448 p95 3.928
  lse-belief  relE 8.59e-03 relSD 0.104 sd/mc 0.896 cvar med 0.0148 p95 0.179
  paired: {'lse-0.005': {'E_err_below_fosm': 188, 'clark_E_err_below': 340, 'clark-corr_sd_err_below': 250, 'clark-corr_cvar_err_below': 287, 'hybrid_cvar_err_below': 282}, 'lse-belief': {'E_err_below_fosm': 295, 'clark_E_err_below': 335, 'clark-corr_sd_err_below': 312, 'clark-corr_cvar_err_below': 351, 'hybrid_cvar_err_below': 328}}

== hindsight: 368 windows, belief tau median 0.83 cm, best global tau arm lse-0.005
  clark-corr  relE 8.47e-04 relSD 0.019 sd/mc 1.012 cvar med 0.0019 p95 0.159
  clark       relE 8.47e-04 relSD 0.036 sd/mc 0.964 cvar med 0.0054 p95 0.261
  fosm        relE 1.45e-02 relSD 0.026 sd/mc 0.996 cvar med 0.0075 p95 0.921
  hybrid      relE 8.47e-04 relSD 0.026 sd/mc 0.996 cvar med 0.0032 p95 0.207
  lse-0.005   relE 8.02e-03 relSD 0.036 sd/mc 0.967 cvar med 0.0071 p95 0.918
  lse-0.01    relE 1.75e-02 relSD 0.066 sd/mc 0.935 cvar med 0.0121 p95 1.003
  lse-0.02    relE 3.62e-02 relSD 0.109 sd/mc 0.891 cvar med 0.0192 p95 1.318
  lse-0.05    relE 8.05e-02 relSD 0.169 sd/mc 0.831 cvar med 0.0324 p95 2.462
  lse-0.1     relE 1.16e-01 relSD 0.208 sd/mc 0.793 cvar med 0.0413 p95 4.189
  lse-belief  relE 5.30e-03 relSD 0.065 sd/mc 0.935 cvar med 0.0090 p95 0.196
  paired: {'lse-0.005': {'E_err_below_fosm': 227, 'clark_E_err_below': 337, 'clark-corr_sd_err_below': 243, 'clark-corr_cvar_err_below': 320, 'hybrid_cvar_err_below': 272}, 'lse-belief': {'E_err_below_fosm': 305, 'clark_E_err_below': 349, 'clark-corr_sd_err_below': 290, 'clark-corr_cvar_err_below': 350, 'hybrid_cvar_err_below': 318}}
wrote out/v2/softmax
