94 design windows, 24 workers
[15:12:36] foresight t1/window_002 relE fosm 3.9e-02 clark 4.0e-03 P[a>=2] 0.70 (193.1s)
[15:12:37] foresight t1/window_004 relE fosm 2.5e-02 clark 2.8e-03 P[a>=2] 0.64 (194.1s)
[15:12:39] foresight t2/window_009 relE fosm 1.8e-03 clark 6.6e-03 P[a>=2] 0.67 (195.5s)
[15:12:48] foresight t2/window_007 relE fosm 7.8e-04 clark 6.3e-04 P[a>=2] 0.72 (204.7s)
[15:12:54] foresight t1/window_007 relE fosm 1.3e-02 clark 3.7e-04 P[a>=2] 0.68 (211.1s)
[15:13:00] foresight t1/window_003 relE fosm 2.0e-02 clark 2.1e-03 P[a>=2] 0.67 (216.8s)
[15:13:02] foresight t1/window_001 relE fosm 6.0e-02 clark 6.1e-03 P[a>=2] 0.68 (219.0s)
[15:13:03] foresight t1/window_012 relE fosm 6.2e-02 clark 6.0e-04 P[a>=2] 0.73 (219.7s)
[15:13:04] foresight t2/window_002 relE fosm 2.1e-02 clark 3.9e-03 P[a>=2] 0.68 (221.3s)
[15:13:11] foresight t1/window_008 relE fosm 2.1e-02 clark 2.7e-03 P[a>=2] 0.70 (227.5s)
[15:13:15] foresight t1/window_011 relE fosm 1.7e-01 clark 1.7e-03 P[a>=2] 0.66 (231.7s)
[15:13:24] foresight t2/window_004 relE fosm 1.3e-02 clark 8.1e-05 P[a>=2] 0.73 (241.1s)
[15:13:27] foresight t2/window_005 relE fosm 9.7e-03 clark 8.3e-04 P[a>=2] 0.66 (243.9s)
[15:13:36] foresight t1/window_010 relE fosm 1.6e-02 clark 3.6e-04 P[a>=2] 0.73 (252.7s)
[15:13:38] foresight t2/window_011 relE fosm 3.7e-03 clark 1.2e-03 P[a>=2] 0.71 (254.9s)
[15:14:20] foresight t2/window_003 relE fosm 5.2e-02 clark 8.1e-03 P[a>=2] 0.68 (296.6s)
[15:14:34] foresight t2/window_006 relE fosm 1.5e-02 clark 6.9e-04 P[a>=2] 0.72 (311.0s)
[15:14:37] foresight t2/window_010 relE fosm 7.0e-02 clark 2.2e-03 P[a>=2] 0.67 (313.8s)
[15:14:52] foresight t1/window_009 relE fosm 3.1e-02 clark 5.1e-03 P[a>=2] 0.69 (328.9s)
[15:15:25] foresight t2/window_012 relE fosm 1.6e-03 clark 5.5e-04 P[a>=2] 0.64 (361.4s)
[15:15:27] foresight t1/window_005 relE fosm 2.5e-03 clark 1.6e-03 P[a>=2] 0.70 (364.0s)
[15:15:34] foresight t2/window_001 relE fosm 4.1e-02 clark 6.1e-03 P[a>=2] 0.65 (370.3s)
[15:15:34] foresight t2/window_008 relE fosm 4.9e-02 clark 1.4e-03 P[a>=2] 0.68 (370.7s)
[15:15:34] hindsight t1/window_000 flagged (0.0s)
[15:15:39] foresight t1/window_006 relE fosm 7.6e-02 clark 3.2e-03 P[a>=2] 0.62 (375.5s)
[15:16:02] foresight t2/window_014 relE fosm 5.9e-02 clark 4.1e-03 P[a>=2] 0.68 (204.9s)
[15:16:16] foresight t2/window_016 relE fosm 8.7e-02 clark 8.3e-03 P[a>=2] 0.62 (208.1s)
[15:16:19] foresight t2/window_020 relE fosm 1.1e-02 clark 2.1e-03 P[a>=2] 0.73 (196.2s)
[15:16:19] foresight t2/window_015 relE fosm 6.1e-02 clark 2.6e-04 P[a>=2] 0.69 (220.6s)
[15:16:28] foresight t2/window_022 relE fosm 5.6e-02 clark 2.1e-03 P[a>=2] 0.80 (197.6s)
[15:16:37] foresight t2/window_021 relE fosm 1.6e-01 clark 1.5e-02 P[a>=2] 0.66 (212.5s)
[15:16:41] foresight t2/window_025 relE fosm 6.7e-02 clark 4.8e-04 P[a>=2] 0.65 (194.0s)
[15:16:51] foresight t2/window_018 relE fosm 1.0e-01 clark 5.8e-03 P[a>=2] 0.61 (231.0s)
[15:16:57] foresight t2/window_026 relE fosm 2.9e-03 clark 8.4e-05 P[a>=2] 0.72 (201.2s)
[15:17:01] foresight t2/window_024 relE fosm 1.2e-02 clark 3.9e-04 P[a>=2] 0.76 (216.4s)
[15:17:31] foresight t2/window_027 relE fosm 2.7e-02 clark 3.6e-03 P[a>=2] 0.69 (233.2s)
[15:17:31] hindsight t2/window_000 unscoreable (0.0s)
[15:17:32] foresight t2/window_023 relE fosm 2.6e-02 clark 2.2e-03 P[a>=2] 0.66 (257.5s)
[15:17:57] foresight t2/window_013 relE fosm 4.8e-02 clark 4.5e-03 P[a>=2] 0.68 (320.7s)
[15:18:02] foresight t2/window_028 relE fosm 6.0e-02 clark 4.1e-04 P[a>=2] 0.70 (222.5s)
[15:18:03] foresight t2/window_017 relE fosm 7.7e-02 clark 5.1e-03 P[a>=2] 0.67 (308.4s)
[15:18:17] foresight t2/window_019 relE fosm 1.4e-01 clark 2.5e-03 P[a>=2] 0.70 (314.4s)
[15:18:25] foresight t2/window_031 relE fosm 1.5e-02 clark 6.7e-05 P[a>=2] 0.72 (212.6s)
[15:18:49] foresight t2/window_032 relE fosm 4.6e-03 clark 1.5e-03 P[a>=2] 0.69 (203.9s)
[15:18:59] foresight t2/window_033 relE fosm 3.2e-02 clark 2.0e-04 P[a>=2] 0.72 (211.8s)
[15:20:18] foresight t2/window_034 relE fosm 3.0e-02 clark 1.8e-03 P[a>=2] 0.69 (284.2s)
[15:20:26] hindsight t1/window_012 relE fosm 5.8e-02 clark 1.6e-04 P[a>=2] 0.75 (205.4s)
[15:20:29] foresight t2/window_030 relE fosm 5.4e-02 clark 5.3e-03 P[a>=2] 0.64 (352.1s)
[15:20:50] foresight t2/window_029 relE fosm 1.8e-01 clark 1.8e-02 P[a>=2] 0.65 (375.8s)
[15:21:38] hindsight t1/window_001 relE fosm 1.4e-02 clark 1.8e-03 P[a>=2] 0.70 (363.6s)
[15:21:54] hindsight t1/window_002 relE fosm 5.2e-03 clark 1.3e-03 P[a>=2] 0.73 (375.6s)
[15:21:56] hindsight t1/window_003 relE fosm 8.7e-04 clark 6.4e-04 P[a>=2] 0.66 (353.7s)
[15:22:21] hindsight t1/window_006 relE fosm 1.4e-02 clark 9.0e-04 P[a>=2] 0.69 (361.2s)
[15:22:22] hindsight t1/window_004 relE fosm 7.6e-03 clark 9.9e-04 P[a>=2] 0.69 (365.8s)
[15:22:28] hindsight t1/window_005 relE fosm 1.4e-02 clark 4.6e-04 P[a>=2] 0.72 (368.6s)
[15:22:37] hindsight t1/window_007 relE fosm 4.1e-02 clark 1.3e-03 P[a>=2] 0.71 (368.9s)
[15:22:43] hindsight t1/window_008 relE fosm 3.0e-03 clark 2.8e-04 P[a>=2] 0.73 (365.8s)
[15:22:51] hindsight t1/window_009 relE fosm 1.5e-02 clark 1.3e-04 P[a>=2] 0.75 (369.4s)
[15:22:55] hindsight t1/window_010 relE fosm 1.5e-03 clark 1.5e-04 P[a>=2] 0.78 (364.4s)
[15:23:08] hindsight t1/window_011 relE fosm 1.7e-01 clark 1.3e-04 P[a>=2] 0.70 (371.2s)
[15:23:37] hindsight t2/window_001 relE fosm 1.0e-02 clark 3.2e-03 P[a>=2] 0.69 (366.1s)
[15:23:49] hindsight t2/window_002 relE fosm 5.9e-03 clark 1.1e-03 P[a>=2] 0.74 (376.8s)
[15:23:55] hindsight t2/window_005 relE fosm 8.7e-03 clark 4.7e-05 P[a>=2] 0.75 (352.2s)
[15:24:03] hindsight t2/window_003 relE fosm 4.4e-03 clark 1.0e-03 P[a>=2] 0.79 (366.2s)
[15:24:04] hindsight t2/window_004 relE fosm 2.5e-03 clark 2.9e-04 P[a>=2] 0.82 (361.8s)
[15:24:17] hindsight t2/window_006 relE fosm 5.1e-03 clark 1.1e-04 P[a>=2] 0.75 (360.3s)
[15:24:31] hindsight t2/window_007 relE fosm 2.9e-03 clark 6.9e-04 P[a>=2] 0.78 (366.0s)
[15:24:42] hindsight t2/window_008 relE fosm 4.5e-02 clark 9.4e-04 P[a>=2] 0.70 (353.9s)
[15:24:46] hindsight t2/window_011 relE fosm 3.0e-04 clark 6.7e-04 P[a>=2] 0.71 (259.7s)
[15:25:07] hindsight t2/window_009 relE fosm 5.1e-03 clark 1.2e-03 P[a>=2] 0.72 (368.2s)
[15:25:32] hindsight t2/window_010 relE fosm 2.3e-02 clark 7.4e-04 P[a>=2] 0.73 (314.2s)
[15:26:34] hindsight t2/window_013 relE fosm 4.3e-02 clark 1.4e-03 P[a>=2] 0.72 (344.1s)
[15:26:36] hindsight t2/window_012 relE fosm 1.4e-02 clark 1.8e-06 P[a>=2] 0.69 (366.8s)
[15:27:29] hindsight t2/window_014 relE fosm 5.0e-02 clark 3.0e-03 P[a>=2] 0.72 (351.9s)
[15:27:35] hindsight t2/window_019 relE fosm 3.0e-02 clark 5.4e-04 P[a>=2] 0.71 (307.5s)
[15:27:40] hindsight t2/window_016 relE fosm 1.8e-02 clark 1.4e-03 P[a>=2] 0.70 (344.0s)
[15:27:55] hindsight t2/window_017 relE fosm 3.9e-02 clark 3.3e-03 P[a>=2] 0.72 (334.1s)
[15:28:00] hindsight t2/window_015 relE fosm 7.6e-02 clark 1.0e-03 P[a>=2] 0.76 (365.2s)
[15:28:17] hindsight t2/window_020 relE fosm 2.5e-02 clark 5.5e-04 P[a>=2] 0.72 (339.8s)
[15:28:22] hindsight t2/window_018 relE fosm 5.8e-01 clark 9.7e-03 P[a>=2] 0.65 (360.6s)
[15:28:26] hindsight t2/window_022 relE fosm 3.6e-02 clark 1.2e-03 P[a>=2] 0.79 (335.8s)
[15:28:29] hindsight t2/window_023 relE fosm 1.7e-02 clark 1.6e-03 P[a>=2] 0.76 (333.2s)
[15:28:37] hindsight t2/window_021 relE fosm 3.3e-02 clark 4.5e-03 P[a>=2] 0.66 (354.0s)
[15:29:04] hindsight t2/window_024 relE fosm 5.2e-03 clark 7.7e-04 P[a>=2] 0.84 (355.8s)
[15:29:19] hindsight t2/window_025 relE fosm 7.0e-02 clark 3.7e-05 P[a>=2] 0.71 (342.0s)
[15:29:22] hindsight t2/window_027 relE fosm 8.5e-03 clark 4.7e-04 P[a>=2] 0.76 (326.7s)
[15:29:28] hindsight t2/window_028 relE fosm 7.8e-02 clark 3.8e-04 P[a>=2] 0.74 (325.2s)
[15:29:32] hindsight t2/window_032 relE fosm 9.1e-03 clark 1.8e-03 P[a>=2] 0.77 (289.9s)
[15:29:33] hindsight t2/window_026 relE fosm 1.8e-03 clark 2.7e-04 P[a>=2] 0.76 (343.6s)
[15:29:42] hindsight t2/window_029 relE fosm 2.4e-02 clark 5.9e-03 P[a>=2] 0.70 (338.3s)
[15:29:49] hindsight t2/window_030 relE fosm 1.6e-03 clark 3.5e-04 P[a>=2] 0.73 (332.6s)
[15:30:09] hindsight t2/window_031 relE fosm 8.3e-03 clark 1.0e-04 P[a>=2] 0.77 (338.1s)
[15:30:24] hindsight t2/window_033 relE fosm 4.1e-02 clark 8.6e-04 P[a>=2] 0.80 (338.1s)
[15:30:40] hindsight t2/window_034 relE fosm 3.1e-02 clark 3.5e-04 P[a>=2] 0.70 (333.1s)
Traceback (most recent call last):
  File "<frozen runpy>", line 198, in _run_module_as_main
  File "<frozen runpy>", line 88, in _run_code
  File "/local/kuceral4/baseprod/studies_v2/baseprod/v2_gate_sweep.py", line 345, in <module>
    main()
  File "/local/kuceral4/baseprod/studies_v2/baseprod/v2_gate_sweep.py", line 340, in main
    print_summary(summ)
  File "/local/kuceral4/baseprod/studies_v2/baseprod/v2_gate_sweep.py", line 283, in print_summary
    print(f"\n== {cond}: {s['n_windows']} unflagged design windows ==")
                          ~^^^^^^^^^^^^^
KeyError: 'n_windows'

== foresight: 46 unflagged design windows ==
  frozen arms  relE      signed    relSD    sd/mc   cvarErr
  fosm        3.14e-02 +8.05e-03 0.043 1.006 0.0134
  clark       2.10e-03 -2.10e-03 0.052 0.948 0.0085
  clark-corr  2.10e-03 -2.10e-03 0.019 0.994 0.0057
  per-fold alpha (exact, pooled, 98952 real folds): P[alpha>=2] = 0.684, P[alpha>=3] = 0.567
  hist edges [0, 0.25, 0.5, 0.75, 1, 1.5, 2, 2.5, 3, 4, 6] 
  counts     [3241, 3631, 3768, 4065, 8677, 7846, 6543, 5102, 7941, 16704, 31434]
  gate=exact:  a*     relE      signed    relSD    sd/mc   cvarErr  gated(pooled) gated_w  declined_lift  E<=prev cvar<=prev
       0.0  3.14e-02 +8.05e-03 0.043 1.006 0.0134   1.000      1.000   8.02e-01        -       -
      0.25  1.93e-02 +7.94e-03 0.034 0.997 0.0110   0.967      0.968   5.12e-01       36      36
       0.5  1.45e-02 +3.96e-03 0.030 0.983 0.0052   0.930      0.928   3.19e-01       36      36
      0.75  6.81e-03 +2.12e-03 0.031 0.973 0.0046   0.892      0.886   1.86e-01       36      26
       1.0  3.59e-03 +1.04e-03 0.037 0.963 0.0057   0.851      0.845   1.06e-01       38      21
       1.5  1.48e-03 -9.68e-04 0.048 0.952 0.0069   0.764      0.757   2.88e-02       30      12
       2.0  1.79e-03 -1.79e-03 0.051 0.949 0.0081   0.684      0.683   6.28e-03       23      11
       2.5  1.90e-03 -1.90e-03 0.051 0.949 0.0084   0.618      0.619   9.41e-04       15       6
       3.0  2.09e-03 -2.09e-03 0.052 0.948 0.0085   0.567      0.575   1.45e-04       11       4
       inf  2.10e-03 -2.10e-03 0.052 0.948 0.0085   0.000      0.000   0.00e+00        7       1
  gate=marginal:  a*     relE      signed    relSD    sd/mc   cvarErr  gated(pooled) gated_w  declined_lift  E<=prev cvar<=prev
       0.0  3.14e-02 +8.05e-03 0.043 1.006 0.0134   1.000      1.000   8.02e-01        -       -
      0.25  1.89e-02 +7.75e-03 0.028 0.993 0.0097   0.949      0.949   3.98e-01       37      38
       0.5  9.47e-03 +3.50e-03 0.030 0.973 0.0047   0.894      0.892   1.93e-01       36      27
      0.75  3.07e-03 +5.52e-04 0.039 0.961 0.0064   0.833      0.831   8.58e-02       41      21
       1.0  2.10e-03 -6.78e-04 0.046 0.954 0.0070   0.767      0.764   3.32e-02       31      14
       1.5  1.84e-03 -1.84e-03 0.051 0.949 0.0082   0.653      0.653   3.47e-03       22       8
       2.0  1.97e-03 -1.97e-03 0.051 0.949 0.0085   0.573      0.571   2.67e-04       10       3
       2.5  2.10e-03 -2.10e-03 0.052 0.948 0.0085   0.510      0.515   1.66e-05       11       4
       3.0  2.10e-03 -2.10e-03 0.052 0.948 0.0085   0.450      0.456   7.11e-07        9       3
       inf  2.10e-03 -2.10e-03 0.052 0.948 0.0085   0.000      0.000   0.00e+00        9       2

== hindsight: 46 unflagged design windows ==
  frozen arms  relE      signed    relSD    sd/mc   cvarErr
  fosm        1.41e-02 +1.58e-03 0.028 0.996 0.0096
  clark       7.53e-04 -6.57e-04 0.034 0.966 0.0047
  clark-corr  7.53e-04 -6.57e-04 0.018 1.013 0.0018
  per-fold alpha (exact, pooled, 117000 real folds): P[alpha>=2] = 0.730, P[alpha>=3] = 0.614
  hist edges [0, 0.25, 0.5, 0.75, 1, 1.5, 2, 2.5, 3, 4, 6] 
  counts     [2995, 3333, 3971, 3887, 8469, 8882, 7981, 5615, 7514, 18753, 45600]
  gate=exact:  a*     relE      signed    relSD    sd/mc   cvarErr  gated(pooled) gated_w  declined_lift  E<=prev cvar<=prev
       0.0  1.41e-02 +1.58e-03 0.028 0.996 0.0096   1.000      1.000   4.96e-01        -       -
      0.25  1.15e-02 +3.69e-03 0.021 0.991 0.0051   0.974      0.974   3.50e-01       34      37
       0.5  8.75e-03 +2.32e-03 0.022 0.988 0.0043   0.946      0.947   2.35e-01       33      32
      0.75  3.71e-03 +9.37e-04 0.016 0.986 0.0032   0.912      0.911   1.37e-01       35      23
       1.0  2.52e-03 +1.26e-03 0.020 0.980 0.0035   0.879      0.877   8.05e-02       36      29
       1.5  8.26e-04 +2.54e-04 0.029 0.971 0.0040   0.806      0.802   2.34e-02       38      13
       2.0  8.15e-04 -3.99e-04 0.032 0.968 0.0045   0.730      0.725   5.53e-03       26       6
       2.5  7.19e-04 -5.39e-04 0.033 0.967 0.0047   0.662      0.666   8.03e-04       18      10
       3.0  7.47e-04 -6.54e-04 0.034 0.966 0.0047   0.614      0.633   1.06e-04       17       7
       inf  7.53e-04 -6.57e-04 0.034 0.966 0.0047   0.000      0.000   0.00e+00       10       7
  gate=marginal:  a*     relE      signed    relSD    sd/mc   cvarErr  gated(pooled) gated_w  declined_lift  E<=prev cvar<=prev
       0.0  1.41e-02 +1.58e-03 0.028 0.996 0.0096   1.000      1.000   4.96e-01        -       -
      0.25  1.06e-02 +5.54e-03 0.020 0.990 0.0045   0.960      0.962   2.88e-01       32      38
       0.5  3.80e-03 +1.51e-03 0.016 0.986 0.0039   0.911      0.908   1.38e-01       38      26
      0.75  2.42e-03 +9.48e-04 0.023 0.977 0.0037   0.859      0.857   5.73e-02       37      27
       1.0  7.91e-04 +2.25e-04 0.029 0.971 0.0040   0.803      0.802   2.32e-02       37      13
       1.5  8.09e-04 -4.91e-04 0.033 0.967 0.0045   0.690      0.694   2.30e-03       25       9
       2.0  7.98e-04 -6.45e-04 0.034 0.966 0.0047   0.609      0.621   1.21e-04       22       7
       2.5  7.51e-04 -6.57e-04 0.034 0.966 0.0047   0.560      0.562   7.36e-06       15       6
       3.0  7.53e-04 -6.57e-04 0.034 0.966 0.0047   0.511      0.515   3.39e-07       18      10
       inf  7.53e-04 -6.57e-04 0.034 0.966 0.0047   0.000      0.000   0.00e+00       14       6
