763 windows, 24 workers
[18:10:03] foresight 2023-07-20_18-12-05/window_003 flagged
[18:10:08] foresight 2023-07-20_18-12-05/window_007 ok
[18:10:08] foresight 2023-07-20_18-12-05/window_002 ok
[18:10:08] foresight 2023-07-20_18-12-05/window_019 ok
[18:10:08] foresight 2023-07-20_18-12-05/window_013 ok
[18:10:09] foresight 2023-07-20_18-12-05/window_012 ok
[18:10:09] foresight 2023-07-20_18-12-05/window_010 ok
[18:10:09] foresight 2023-07-20_18-12-05/window_005 ok
[18:10:09] foresight 2023-07-20_18-12-05/window_009 ok
[18:10:09] foresight 2023-07-20_18-12-05/window_022 ok
[18:10:10] foresight 2023-07-20_18-12-05/window_004 ok
[18:10:10] foresight 2023-07-20_18-12-05/window_006 ok
[18:10:10] foresight 2023-07-20_18-12-05/window_017 ok
[18:10:10] foresight 2023-07-20_18-12-05/window_015 ok
[18:10:10] foresight 2023-07-20_18-12-05/window_014 ok
[18:10:11] foresight 2023-07-20_18-12-05/window_011 ok
[18:10:11] foresight 2023-07-20_18-12-05/window_018 ok
[18:10:12] foresight 2023-07-20_18-12-05/window_024 ok
[18:10:12] foresight 2023-07-20_18-12-05/window_021 ok
[18:10:13] foresight 2023-07-20_18-12-05/window_016 ok
[18:10:13] foresight 2023-07-20_18-12-05/window_020 ok
[18:10:14] foresight 2023-07-20_18-12-05/window_023 ok
[18:10:14] foresight 2023-07-21_12-38-15/window_001 ok
[18:10:15] foresight 2023-07-20_18-12-05/window_001 ok
[18:10:15] foresight 2023-07-20_18-12-05/window_008 ok
[18:10:15] foresight 2023-07-20_18-12-05/window_025 ok
[18:10:17] foresight 2023-07-21_12-38-15/window_008 ok
[18:10:18] foresight 2023-07-21_12-38-15/window_002 ok
[18:10:18] foresight 2023-07-21_12-38-15/window_003 ok
[18:10:19] foresight 2023-07-21_12-38-15/window_010 ok
[18:10:19] foresight 2023-07-21_12-38-15/window_004 ok
[18:10:20] foresight 2023-07-21_12-38-15/window_009 ok
[18:10:21] foresight 2023-07-21_12-58-11/window_002 ok
[18:10:22] foresight 2023-07-21_12-38-15/window_007 ok
[18:10:22] foresight 2023-07-21_12-38-15/window_011 ok
[18:10:22] foresight 2023-07-20_18-12-05/window_026 ok
[18:10:22] foresight 2023-07-21_12-58-11/window_005 ok
[18:10:23] foresight 2023-07-21_12-58-11/window_001 ok
[18:10:23] foresight 2023-07-21_12-58-11/window_004 ok
[18:10:23] foresight 2023-07-21_12-38-15/window_005 ok
[18:10:23] foresight 2023-07-21_12-58-11/window_006 ok
[18:10:24] foresight 2023-07-21_12-38-15/window_013 ok
[18:10:24] foresight 2023-07-21_12-58-11/window_010 ok
[18:10:24] foresight 2023-07-21_12-38-15/window_006 ok
[18:10:24] foresight 2023-07-21_12-58-11/window_007 ok
[18:10:25] foresight 2023-07-21_12-38-15/window_012 ok
[18:10:26] foresight 2023-07-21_12-58-11/window_009 ok
[18:10:26] foresight 2023-07-21_12-58-11/window_008 ok
[18:10:27] foresight 2023-07-21_12-58-11/window_003 ok
[18:10:28] foresight 2023-07-21_12-58-11/window_013 ok
[18:10:29] foresight 2023-07-21_12-58-11/window_011 ok
[18:10:29] foresight 2023-07-21_12-58-11/window_012 ok
[18:10:31] foresight 2023-07-21_12-58-11/window_015 ok
[18:10:31] foresight 2023-07-21_12-58-11/window_028 ok
[18:10:31] foresight 2023-07-21_12-58-11/window_016 ok
[18:10:32] foresight 2023-07-21_12-58-11/window_024 ok
[18:10:32] foresight 2023-07-21_12-58-11/window_014 ok
[18:10:32] foresight 2023-07-21_12-58-11/window_017 ok
[18:10:33] foresight 2023-07-21_12-58-11/window_022 ok
[18:10:33] foresight 2023-07-21_12-58-11/window_020 ok
[18:10:33] foresight 2023-07-21_12-58-11/window_025 ok
[18:10:34] foresight 2023-07-21_12-58-11/window_021 ok
[18:10:34] foresight 2023-07-21_12-58-11/window_027 ok
[18:10:34] foresight 2023-07-21_12-58-11/window_026 ok
[18:10:35] foresight 2023-07-21_12-58-11/window_034 ok
[18:10:35] foresight 2023-07-21_12-58-11/window_023 ok
[18:10:35] foresight 2023-07-21_12-58-11/window_031 ok
[18:10:36] foresight 2023-07-21_12-58-11/window_030 ok
[18:10:37] foresight 2023-07-21_12-58-11/window_018 ok
[18:10:37] foresight 2023-07-21_12-58-11/window_032 ok
[18:10:37] foresight 2023-07-21_12-58-11/window_035 ok
[18:10:38] foresight 2023-07-21_12-58-11/window_029 ok
[18:10:39] foresight 2023-07-21_12-58-11/window_019 ok
[18:10:40] foresight 2023-07-21_12-58-11/window_033 ok
[18:10:41] foresight 2023-07-21_12-58-11/window_038 ok
[18:10:42] foresight 2023-07-21_13-43-00/window_008 ok
[18:10:42] foresight 2023-07-21_13-43-00/window_002 ok
[18:10:42] foresight 2023-07-21_13-43-00/window_009 ok
[18:10:43] foresight 2023-07-21_12-58-11/window_037 ok
[18:10:43] foresight 2023-07-21_13-43-00/window_001 ok
[18:10:43] foresight 2023-07-21_13-43-00/window_005 ok
[18:10:43] foresight 2023-07-21_13-59-14/window_001 ok
[18:10:44] foresight 2023-07-21_13-59-14/window_003 ok
[18:10:44] foresight 2023-07-21_13-59-14/window_004 ok
[18:10:44] foresight 2023-07-21_12-58-11/window_036 ok
[18:10:45] foresight 2023-07-21_13-43-00/window_006 ok
[18:10:45] foresight 2023-07-21_14-08-29/window_001 ok
[18:10:46] foresight 2023-07-21_13-43-00/window_004 ok
[18:10:48] foresight 2023-07-21_13-43-00/window_003 ok
[18:10:48] foresight 2023-07-21_13-59-14/window_002 ok
[18:10:49] foresight 2023-07-21_14-08-29/window_006 ok
[18:10:49] foresight 2023-07-21_13-59-14/window_005 ok
[18:10:49] foresight 2023-07-21_13-43-00/window_007 ok
[18:10:49] foresight 2023-07-21_14-08-29/window_009 ok
[18:10:50] foresight 2023-07-21_14-08-29/window_003 ok
[18:10:51] foresight 2023-07-21_14-08-29/window_008 ok
[18:10:51] foresight 2023-07-21_14-44-56/window_001 flagged
[18:10:52] foresight 2023-07-21_14-08-29/window_004 ok
[18:10:52] foresight 2023-07-21_14-08-29/window_015 ok
[18:10:52] foresight 2023-07-21_14-08-29/window_011 ok
[18:10:53] foresight 2023-07-21_14-08-29/window_014 ok
[18:10:53] foresight 2023-07-21_14-08-29/window_012 ok
[18:10:53] foresight 2023-07-21_14-08-29/window_005 ok
[18:10:53] foresight 2023-07-21_14-08-29/window_016 ok
[18:10:54] foresight 2023-07-21_14-08-29/window_017 ok
[18:10:54] foresight 2023-07-21_14-08-29/window_010 ok
[18:10:54] foresight 2023-07-21_14-08-29/window_018 ok
[18:10:55] foresight 2023-07-21_14-08-29/window_002 ok
[18:10:55] foresight 2023-07-21_14-08-29/window_020 ok
[18:10:55] foresight 2023-07-21_14-08-29/window_013 ok
[18:10:55] foresight 2023-07-21_14-08-29/window_019 ok
[18:10:55] foresight 2023-07-21_14-08-29/window_007 ok
[18:10:57] foresight 2023-07-21_14-08-29/window_022 ok
[18:10:58] foresight 2023-07-21_14-08-29/window_027 ok
[18:10:59] foresight 2023-07-21_14-44-56/window_002 ok
[18:10:59] foresight 2023-07-21_14-08-29/window_024 ok
[18:10:59] foresight 2023-07-21_14-44-56/window_003 ok
[18:10:59] foresight 2023-07-21_14-08-29/window_025 ok
[18:11:01] foresight 2023-07-21_14-08-29/window_028 ok
[18:11:01] foresight 2023-07-21_14-08-29/window_021 ok
[18:11:02] foresight 2023-07-21_17-07-00/window_003 ok
[18:11:02] foresight 2023-07-21_17-07-00/window_023 flagged
[18:11:02] foresight 2023-07-21_17-07-00/window_024 flagged
[18:11:02] foresight 2023-07-21_17-07-00/window_005 ok
[18:11:02] foresight 2023-07-21_17-34-18/window_002 flagged
[18:11:03] foresight 2023-07-21_14-08-29/window_026 ok
[18:11:03] foresight 2023-07-21_14-08-29/window_023 ok
[18:11:03] foresight 2023-07-21_17-07-00/window_007 ok
[18:11:04] foresight 2023-07-21_17-07-00/window_008 ok
[18:11:04] foresight 2023-07-21_17-07-00/window_002 ok
[18:11:04] foresight 2023-07-21_17-07-00/window_009 ok
[18:11:05] foresight 2023-07-21_17-07-00/window_011 ok
[18:11:05] foresight 2023-07-21_17-07-00/window_010 ok
[18:11:05] foresight 2023-07-21_17-07-00/window_001 ok
[18:11:06] foresight 2023-07-21_17-07-00/window_006 ok
[18:11:06] foresight 2023-07-21_17-07-00/window_004 ok
[18:11:07] foresight 2023-07-21_17-07-00/window_012 ok
[18:11:07] foresight 2023-07-21_17-07-00/window_014 ok
[18:11:08] foresight 2023-07-21_17-07-00/window_018 ok
[18:11:08] foresight 2023-07-21_17-07-00/window_017 ok
[18:11:08] foresight 2023-07-21_17-07-00/window_016 ok
[18:11:09] foresight 2023-07-21_17-34-18/window_003 ok
[18:11:09] foresight 2023-07-21_17-07-00/window_013 ok
[18:11:10] foresight 2023-07-21_17-07-00/window_020 ok
[18:11:10] foresight 2023-07-21_17-34-18/window_004 ok
[18:11:12] foresight 2023-07-21_17-34-18/window_001 ok
[18:11:12] foresight 2023-07-21_17-07-00/window_021 ok
[18:11:12] foresight 2023-07-21_17-07-00/window_019 ok
[18:11:13] foresight 2023-07-21_17-34-18/window_007 ok
[18:11:13] foresight 2023-07-21_17-07-00/window_015 ok
[18:11:13] foresight 2023-07-21_17-34-18/window_005 ok
[18:11:13] foresight 2023-07-21_17-45-42/window_021 flagged
[18:11:14] foresight 2023-07-21_17-34-18/window_008 ok
[18:11:14] foresight 2023-07-21_17-34-18/window_006 ok
[18:11:14] foresight 2023-07-21_17-45-42/window_002 ok
[18:11:15] foresight 2023-07-21_17-07-00/window_022 ok
[18:11:15] foresight 2023-07-21_17-45-42/window_004 ok
[18:11:15] foresight 2023-07-21_17-45-42/window_006 ok
[18:11:16] foresight 2023-07-21_17-45-42/window_005 ok
[18:11:17] foresight 2023-07-21_17-45-42/window_007 ok
[18:11:17] foresight 2023-07-21_17-45-42/window_009 ok
[18:11:17] foresight 2023-07-22_13-00-57/window_006 flagged
[18:11:17] foresight 2023-07-21_17-45-42/window_011 ok
[18:11:17] foresight 2023-07-21_17-45-42/window_008 ok
[18:11:18] foresight 2023-07-21_17-45-42/window_001 ok
[18:11:18] foresight 2023-07-21_17-45-42/window_013 ok
[18:11:19] foresight 2023-07-21_17-45-42/window_022 flagged
[18:11:20] foresight 2023-07-21_17-45-42/window_012 ok
[18:11:21] foresight 2023-07-21_17-45-42/window_014 ok
[18:11:21] foresight 2023-07-21_17-45-42/window_003 ok
[18:11:21] foresight 2023-07-21_17-45-42/window_023 ok
[18:11:22] foresight 2023-07-22_13-00-57/window_007 ok
[18:11:22] foresight 2023-07-21_17-45-42/window_016 ok
[18:11:22] foresight 2023-07-21_17-45-42/window_010 ok
[18:11:22] foresight 2023-07-22_13-00-57/window_001 ok
[18:11:24] foresight 2023-07-21_17-45-42/window_015 ok
[18:11:24] foresight 2023-07-22_13-00-57/window_003 ok
[18:11:24] foresight 2023-07-21_17-45-42/window_024 ok
[18:11:24] foresight 2023-07-21_17-45-42/window_017 ok
[18:11:25] foresight 2023-07-22_13-00-57/window_005 ok
[18:11:25] foresight 2023-07-21_17-45-42/window_020 ok
[18:11:25] foresight 2023-07-21_17-45-42/window_019 ok
[18:11:26] foresight 2023-07-21_17-45-42/window_025 ok
[18:11:26] foresight 2023-07-22_13-28-55/window_003 ok
[18:11:27] foresight 2023-07-22_13-00-57/window_002 ok
[18:11:27] foresight 2023-07-22_13-28-55/window_002 ok
[18:11:27] foresight 2023-07-22_13-00-57/window_004 ok
[18:11:27] foresight 2023-07-22_13-28-55/window_005 ok
[18:11:28] foresight 2023-07-22_13-28-55/window_001 ok
[18:11:28] foresight 2023-07-21_17-45-42/window_018 ok
[18:11:28] foresight 2023-07-22_13-28-55/window_004 ok
[18:11:30] foresight 2023-07-22_13-28-55/window_008 ok
[18:11:31] foresight 2023-07-22_13-28-55/window_006 ok
[18:11:32] foresight 2023-07-22_13-28-55/window_007 ok
[18:11:32] foresight 2023-07-22_13-28-55/window_012 ok
[18:11:32] foresight 2023-07-22_13-28-55/window_015 ok
[18:11:32] foresight 2023-07-22_13-28-55/window_013 ok
[18:11:33] foresight 2023-07-22_13-28-55/window_011 ok
[18:11:35] foresight 2023-07-22_13-28-55/window_017 ok
[18:11:35] foresight 2023-07-22_13-28-55/window_009 ok
[18:11:35] foresight 2023-07-22_13-28-55/window_014 ok
[18:11:35] foresight 2023-07-22_13-28-55/window_016 ok
[18:11:35] foresight 2023-07-22_13-28-55/window_018 ok
[18:11:36] foresight 2023-07-22_13-28-55/window_022 ok
[18:11:36] foresight 2023-07-22_16-24-27/window_004 ok
[18:11:37] foresight 2023-07-22_16-24-27/window_002 ok
[18:11:37] foresight 2023-07-22_16-24-27/window_003 ok
[18:11:37] foresight 2023-07-22_16-24-27/window_005 ok
[18:11:37] foresight 2023-07-22_13-28-55/window_021 ok
[18:11:38] foresight 2023-07-22_13-28-55/window_010 ok
[18:11:39] foresight 2023-07-22_13-28-55/window_020 ok
[18:11:39] foresight 2023-07-22_13-28-55/window_019 ok
[18:11:40] foresight 2023-07-22_16-24-27/window_012 ok
[18:11:41] foresight 2023-07-22_16-24-27/window_007 ok
[18:11:41] foresight 2023-07-22_16-24-27/window_001 ok
[18:11:42] foresight 2023-07-22_16-24-27/window_013 ok
[18:11:42] foresight 2023-07-22_16-24-27/window_010 ok
[18:11:42] foresight 2023-07-22_16-24-27/window_014 ok
[18:11:42] foresight 2023-07-22_16-24-27/window_009 ok
[18:11:44] foresight 2023-07-22_16-24-27/window_018 ok
[18:11:44] foresight 2023-07-22_16-24-27/window_017 ok
[18:11:44] foresight 2023-07-22_16-24-27/window_008 ok
[18:11:45] foresight 2023-07-22_16-24-27/window_006 ok
[18:11:45] foresight 2023-07-22_16-24-27/window_020 ok
[18:11:45] foresight 2023-07-22_16-24-27/window_023 ok
[18:11:46] foresight 2023-07-22_16-24-27/window_011 ok
[18:11:46] foresight 2023-07-22_16-24-27/window_015 ok
[18:11:46] foresight 2023-07-22_16-24-27/window_019 ok
[18:11:46] foresight 2023-07-22_16-24-27/window_022 ok
[18:11:47] foresight 2023-07-22_16-24-27/window_024 ok
[18:11:47] foresight 2023-07-22_16-24-27/window_021 ok
[18:11:48] foresight 2023-07-22_16-24-27/window_026 ok
[18:11:50] foresight 2023-07-22_16-24-27/window_016 ok
[18:11:51] foresight 2023-07-22_16-24-27/window_029 ok
[18:11:51] foresight 2023-07-22_16-24-27/window_031 ok
[18:11:51] foresight 2023-07-22_16-24-27/window_032 ok
[18:11:52] foresight 2023-07-22_16-24-27/window_037 ok
[18:11:52] foresight 2023-07-22_16-24-27/window_028 ok
[18:11:53] foresight 2023-07-22_16-24-27/window_033 ok
[18:11:53] foresight 2023-07-22_16-24-27/window_027 ok
[18:11:54] foresight 2023-07-22_16-24-27/window_025 ok
[18:11:54] foresight 2023-07-22_16-24-27/window_034 ok
[18:11:54] foresight 2023-07-22_16-24-27/window_036 ok
[18:11:55] foresight 2023-07-22_16-24-27/window_038 ok
[18:11:55] foresight 2023-07-22_16-24-27/window_044 ok
[18:11:55] foresight 2023-07-22_16-24-27/window_041 ok
[18:11:56] foresight 2023-07-22_16-24-27/window_040 ok
[18:11:56] foresight 2023-07-22_16-24-27/window_047 ok
[18:11:57] foresight 2023-07-22_16-24-27/window_045 ok
[18:11:57] foresight 2023-07-22_16-24-27/window_042 ok
[18:11:57] foresight 2023-07-22_16-24-27/window_035 ok
[18:11:57] foresight 2023-07-22_16-24-27/window_030 ok
[18:11:57] foresight 2023-07-22_16-24-27/window_039 ok
[18:11:58] foresight 2023-07-22_16-24-27/window_048 ok
[18:12:01] foresight 2023-07-22_16-24-27/window_051 ok
[18:12:01] foresight 2023-07-22_17-31-58/window_001 ok
[18:12:02] foresight 2023-07-22_17-38-50/window_001 ok
[18:12:02] foresight 2023-07-22_17-38-50/window_002 ok
[18:12:02] foresight 2023-07-22_17-38-50/window_004 ok
[18:12:02] foresight 2023-07-22_16-24-27/window_043 ok
[18:12:02] foresight 2023-07-22_16-24-27/window_049 ok
[18:12:03] foresight 2023-07-22_16-24-27/window_046 ok
[18:12:03] foresight 2023-07-22_17-38-50/window_003 ok
[18:12:04] foresight 2023-07-22_16-24-27/window_050 ok
[18:12:04] foresight 2023-07-22_17-38-50/window_006 ok
[18:12:04] foresight 2023-07-22_17-38-50/window_010 ok
[18:12:04] foresight 2023-07-22_17-38-50/window_007 ok
[18:12:05] foresight 2023-07-22_17-38-50/window_005 ok
[18:12:05] foresight 2023-07-22_17-38-50/window_012 ok
[18:12:06] foresight 2023-07-22_17-38-50/window_011 ok
[18:12:07] foresight 2023-07-22_17-38-50/window_013 ok
[18:12:07] foresight 2023-07-22_17-38-50/window_014 ok
[18:12:07] foresight 2023-07-22_17-38-50/window_008 ok
[18:12:07] foresight 2023-07-23_11-23-18/window_001 ok
[18:12:07] foresight 2023-07-23_11-23-18/window_003 ok
[18:12:08] foresight 2023-07-23_11-23-18/window_002 ok
[18:12:08] foresight 2023-07-23_11-23-18/window_004 ok
[18:12:09] foresight 2023-07-22_17-38-50/window_009 ok
[18:12:10] foresight 2023-07-23_11-23-18/window_006 ok
[18:12:10] foresight 2023-07-23_11-23-18/window_007 ok
[18:12:11] foresight 2023-07-23_11-23-18/window_005 ok
[18:12:11] foresight 2023-07-23_11-23-18/window_008 ok
[18:12:11] foresight 2023-07-23_11-23-18/window_010 ok
[18:12:12] foresight 2023-07-23_11-23-18/window_009 ok
[18:12:12] foresight 2023-07-23_11-23-18/window_011 ok
[18:12:13] foresight 2023-07-23_11-23-18/window_012 ok
[18:12:13] foresight 2023-07-23_11-23-18/window_014 ok
[18:12:14] foresight 2023-07-23_11-23-18/window_013 ok
[18:12:15] foresight 2023-07-23_11-23-18/window_017 ok
[18:12:15] foresight 2023-07-23_11-23-18/window_015 ok
[18:12:15] foresight 2023-07-23_11-23-18/window_019 ok
[18:12:15] foresight 2023-07-23_11-23-18/window_016 ok
[18:12:16] foresight 2023-07-23_11-23-18/window_020 ok
[18:12:17] foresight 2023-07-23_11-52-09/window_005 ok
[18:12:17] foresight 2023-07-23_11-52-09/window_004 ok
[18:12:19] foresight 2023-07-23_11-52-09/window_002 ok
[18:12:19] foresight 2023-07-23_11-52-09/window_003 ok
[18:12:19] foresight 2023-07-23_11-52-09/window_008 ok
[18:12:19] foresight 2023-07-23_11-52-09/window_007 ok
[18:12:19] foresight 2023-07-23_11-52-09/window_010 ok
[18:12:19] foresight 2023-07-23_11-52-09/window_009 ok
[18:12:21] foresight 2023-07-23_11-52-09/window_012 ok
[18:12:21] foresight 2023-07-23_11-23-18/window_018 ok
[18:12:21] foresight 2023-07-23_11-23-18/window_021 ok
[18:12:21] foresight 2023-07-23_11-52-09/window_001 ok
[18:12:22] foresight 2023-07-23_11-52-09/window_013 ok
[18:12:23] foresight 2023-07-23_11-52-09/window_015 ok
[18:12:23] foresight 2023-07-23_11-52-09/window_016 ok
[18:12:23] foresight 2023-07-23_11-52-09/window_006 ok
[18:12:23] foresight 2023-07-23_11-52-09/window_014 ok
[18:12:23] foresight 2023-07-23_11-52-09/window_018 ok
[18:12:24] foresight 2023-07-23_11-52-09/window_011 ok
[18:12:25] foresight 2023-07-23_11-52-09/window_017 ok
[18:12:25] foresight 2023-07-23_12-52-39/window_001 ok
[18:12:25] foresight 2023-07-23_11-52-09/window_020 ok
[18:12:27] foresight 2023-07-23_11-52-09/window_021 ok
[18:12:27] foresight 2023-07-23_11-52-09/window_019 ok
[18:12:29] foresight 2023-07-23_12-52-39/window_008 ok
[18:12:29] foresight 2023-07-23_12-52-39/window_004 ok
[18:12:29] foresight 2023-07-23_12-52-39/window_006 ok
[18:12:29] foresight 2023-07-23_12-52-39/window_005 ok
[18:12:30] foresight 2023-07-23_12-52-39/window_007 ok
[18:12:30] foresight t1/window_001 ok
[18:12:30] foresight 2023-07-23_12-52-39/window_003 ok
[18:12:30] foresight t1/window_002 ok
[18:12:31] foresight t1/window_003 ok
[18:12:31] foresight t1/window_007 ok
[18:12:32] foresight t1/window_004 ok
[18:12:32] foresight t1/window_008 ok
[18:12:33] foresight 2023-07-23_12-52-39/window_002 ok
[18:12:34] foresight t1/window_010 ok
[18:12:34] foresight 2023-07-23_12-52-39/window_009 ok
[18:12:34] foresight t2/window_002 ok
[18:12:35] foresight t1/window_012 ok
[18:12:36] foresight t1/window_011 ok
[18:12:38] foresight t1/window_009 ok
[18:12:39] foresight t2/window_007 ok
[18:12:39] foresight t2/window_004 ok
[18:12:39] foresight t1/window_006 ok
[18:12:39] foresight t2/window_009 ok
[18:12:39] foresight t2/window_005 ok
[18:12:40] foresight t1/window_005 ok
[18:12:40] foresight t2/window_003 ok
[18:12:41] foresight t2/window_001 ok
[18:12:41] foresight t2/window_014 ok
[18:12:41] foresight t2/window_016 ok
[18:12:41] foresight t2/window_015 ok
[18:12:41] foresight t2/window_011 ok
[18:12:41] hindsight 2023-07-20_18-12-05/window_000 flagged
[18:12:43] foresight t2/window_018 ok
[18:12:44] foresight t2/window_020 ok
[18:12:44] foresight t2/window_006 ok
[18:12:44] foresight t2/window_010 ok
[18:12:45] foresight t2/window_021 ok
[18:12:45] foresight t2/window_022 ok
[18:12:45] foresight t2/window_013 ok
[18:12:46] foresight t2/window_008 ok
[18:12:46] foresight t2/window_012 ok
[18:12:48] foresight t2/window_019 ok
[18:12:48] foresight t2/window_017 ok
[18:12:48] foresight t2/window_026 ok
[18:12:49] foresight t2/window_024 ok
[18:12:49] foresight t2/window_025 ok
[18:12:49] foresight t2/window_028 ok
[18:12:49] foresight t2/window_023 ok
[18:12:50] foresight t2/window_027 ok
[18:12:50] foresight t2/window_031 ok
[18:12:51] foresight t2/window_032 ok
[18:12:51] foresight t2/window_033 ok
[18:12:53] foresight t2/window_034 ok
[18:12:55] foresight t2/window_029 ok
[18:12:55] foresight t2/window_030 ok
[18:12:57] hindsight 2023-07-20_18-12-05/window_001 ok
[18:12:59] hindsight 2023-07-20_18-12-05/window_002 ok
[18:13:00] hindsight 2023-07-20_18-12-05/window_005 ok
[18:13:00] hindsight 2023-07-21_12-38-15/window_000 flagged
[18:13:00] hindsight 2023-07-20_18-12-05/window_007 ok
[18:13:00] hindsight 2023-07-20_18-12-05/window_006 ok
[18:13:01] hindsight 2023-07-20_18-12-05/window_008 ok
[18:13:01] hindsight 2023-07-20_18-12-05/window_004 ok
[18:13:02] hindsight 2023-07-20_18-12-05/window_003 ok
[18:13:03] hindsight 2023-07-20_18-12-05/window_009 ok
[18:13:03] hindsight 2023-07-20_18-12-05/window_016 ok
[18:13:04] hindsight 2023-07-20_18-12-05/window_011 ok
[18:13:04] hindsight 2023-07-20_18-12-05/window_013 ok
[18:13:04] hindsight 2023-07-20_18-12-05/window_010 ok
[18:13:05] hindsight 2023-07-20_18-12-05/window_015 ok
[18:13:06] hindsight 2023-07-20_18-12-05/window_021 ok
[18:13:06] hindsight 2023-07-20_18-12-05/window_019 ok
[18:13:06] hindsight 2023-07-21_12-58-11/window_000 flagged
[18:13:06] hindsight 2023-07-20_18-12-05/window_020 ok
[18:13:06] hindsight 2023-07-20_18-12-05/window_012 ok
[18:13:07] hindsight 2023-07-20_18-12-05/window_014 ok
[18:13:07] hindsight 2023-07-20_18-12-05/window_018 ok
[18:13:08] hindsight 2023-07-20_18-12-05/window_017 ok
[18:13:08] hindsight 2023-07-20_18-12-05/window_025 ok
[18:13:09] hindsight 2023-07-20_18-12-05/window_022 ok
[18:13:11] hindsight 2023-07-20_18-12-05/window_023 ok
[18:13:12] hindsight 2023-07-20_18-12-05/window_024 ok
[18:13:13] hindsight 2023-07-20_18-12-05/window_026 ok
[18:13:15] hindsight 2023-07-21_12-38-15/window_003 ok
[18:13:15] hindsight 2023-07-21_12-38-15/window_004 ok
[18:13:17] hindsight 2023-07-21_12-38-15/window_002 ok
[18:13:17] hindsight 2023-07-21_12-38-15/window_001 ok
[18:13:18] hindsight 2023-07-21_12-38-15/window_006 ok
[18:13:18] hindsight 2023-07-21_12-38-15/window_013 ok
[18:13:20] hindsight 2023-07-21_12-38-15/window_007 ok
[18:13:20] hindsight 2023-07-21_12-38-15/window_005 ok
[18:13:20] hindsight 2023-07-21_12-38-15/window_010 ok
[18:13:21] hindsight 2023-07-21_12-38-15/window_008 ok
[18:13:21] hindsight 2023-07-21_12-58-11/window_002 ok
[18:13:21] hindsight 2023-07-21_12-38-15/window_009 ok
[18:13:21] hindsight 2023-07-21_12-58-11/window_001 ok
[18:13:21] hindsight 2023-07-21_12-38-15/window_012 ok
[18:13:22] hindsight 2023-07-21_12-58-11/window_003 ok
[18:13:23] hindsight 2023-07-21_12-58-11/window_004 ok
[18:13:23] hindsight 2023-07-21_12-38-15/window_011 ok
[18:13:24] hindsight 2023-07-21_12-58-11/window_007 ok
[18:13:24] hindsight 2023-07-21_12-58-11/window_008 ok
[18:13:24] hindsight 2023-07-21_12-58-11/window_006 ok
[18:13:25] hindsight 2023-07-21_12-58-11/window_005 ok
[18:13:25] hindsight 2023-07-21_12-58-11/window_011 ok
[18:13:28] hindsight 2023-07-21_12-58-11/window_010 ok
[18:13:28] hindsight 2023-07-21_12-58-11/window_009 ok
[18:13:29] hindsight 2023-07-21_12-58-11/window_015 ok
[18:13:30] hindsight 2023-07-21_12-58-11/window_017 ok
[18:13:31] hindsight 2023-07-21_12-58-11/window_023 ok
[18:13:31] hindsight 2023-07-21_12-58-11/window_012 ok
[18:13:31] hindsight 2023-07-21_13-43-00/window_000 flagged
[18:13:31] hindsight 2023-07-21_12-58-11/window_013 ok
[18:13:32] hindsight 2023-07-21_12-58-11/window_024 ok
[18:13:32] hindsight 2023-07-21_12-58-11/window_028 ok
[18:13:33] hindsight 2023-07-21_12-58-11/window_014 ok
[18:13:34] hindsight 2023-07-21_12-58-11/window_022 ok
[18:13:36] hindsight 2023-07-21_12-58-11/window_032 ok
[18:13:36] hindsight 2023-07-21_12-58-11/window_016 ok
[18:13:36] hindsight 2023-07-21_12-58-11/window_021 ok
[18:13:36] hindsight 2023-07-21_12-58-11/window_018 ok
[18:13:36] hindsight 2023-07-21_13-59-14/window_000 flagged
[18:13:36] hindsight 2023-07-21_12-58-11/window_019 ok
[18:13:37] hindsight 2023-07-21_12-58-11/window_020 ok
[18:13:38] hindsight 2023-07-21_12-58-11/window_029 ok
[18:13:39] hindsight 2023-07-21_12-58-11/window_026 ok
[18:13:39] hindsight 2023-07-21_12-58-11/window_025 ok
[18:13:39] hindsight 2023-07-21_14-08-29/window_000 flagged
[18:13:40] hindsight 2023-07-21_12-58-11/window_027 ok
[18:13:41] hindsight 2023-07-21_12-58-11/window_030 ok
[18:13:41] hindsight 2023-07-21_12-58-11/window_031 ok
[18:13:42] hindsight 2023-07-21_12-58-11/window_033 ok
[18:13:42] hindsight 2023-07-21_12-58-11/window_034 ok
[18:13:42] hindsight 2023-07-21_12-58-11/window_037 ok
[18:13:45] hindsight 2023-07-21_12-58-11/window_036 ok
[18:13:45] hindsight 2023-07-21_13-43-00/window_001 ok
[18:13:46] hindsight 2023-07-21_12-58-11/window_035 ok
[18:13:47] hindsight 2023-07-21_13-43-00/window_003 ok
[18:13:47] hindsight 2023-07-21_12-58-11/window_038 ok
[18:13:47] hindsight 2023-07-21_13-43-00/window_002 ok
[18:13:47] hindsight 2023-07-21_13-43-00/window_004 ok
[18:13:48] hindsight 2023-07-21_13-43-00/window_007 ok
[18:13:49] hindsight 2023-07-21_13-43-00/window_005 ok
[18:13:50] hindsight 2023-07-21_13-43-00/window_006 ok
[18:13:51] hindsight 2023-07-21_13-43-00/window_009 ok
[18:13:51] hindsight 2023-07-21_13-59-14/window_001 ok
[18:13:52] hindsight 2023-07-21_13-59-14/window_005 ok
[18:13:53] hindsight 2023-07-21_13-59-14/window_002 ok
[18:13:53] hindsight 2023-07-21_13-59-14/window_004 ok
[18:13:54] hindsight 2023-07-21_13-59-14/window_003 ok
[18:13:54] hindsight 2023-07-21_13-43-00/window_008 ok
[18:13:54] hindsight 2023-07-21_14-08-29/window_004 ok
[18:13:55] hindsight 2023-07-21_14-08-29/window_001 ok
[18:13:57] hindsight 2023-07-21_14-08-29/window_002 ok
[18:13:57] hindsight 2023-07-21_14-08-29/window_003 ok
[18:13:57] hindsight 2023-07-21_14-08-29/window_007 ok
[18:13:57] hindsight 2023-07-21_14-44-56/window_000 flagged
[18:13:58] hindsight 2023-07-21_14-08-29/window_006 ok
[18:13:59] hindsight 2023-07-21_14-08-29/window_005 ok
[18:14:00] hindsight 2023-07-21_14-08-29/window_009 ok
[18:14:00] hindsight 2023-07-21_17-07-00/window_000 flagged
[18:14:01] hindsight 2023-07-21_14-08-29/window_011 ok
[18:14:02] hindsight 2023-07-21_14-08-29/window_008 ok
[18:14:02] hindsight 2023-07-21_14-08-29/window_014 ok
[18:14:03] hindsight 2023-07-21_14-08-29/window_015 ok
[18:14:03] hindsight 2023-07-21_14-08-29/window_010 ok
[18:14:04] hindsight 2023-07-21_14-08-29/window_012 ok
[18:14:04] hindsight 2023-07-21_14-08-29/window_013 ok
[18:14:05] hindsight 2023-07-21_14-08-29/window_016 ok
[18:14:06] hindsight 2023-07-21_14-08-29/window_018 ok
[18:14:07] hindsight 2023-07-21_14-08-29/window_019 ok
[18:14:07] hindsight 2023-07-21_14-08-29/window_023 ok
[18:14:07] hindsight 2023-07-21_14-08-29/window_017 ok
[18:14:09] hindsight 2023-07-21_14-08-29/window_021 ok
[18:14:09] hindsight 2023-07-21_14-08-29/window_022 ok
[18:14:09] hindsight 2023-07-21_14-08-29/window_020 ok
[18:14:09] hindsight 2023-07-21_14-08-29/window_026 ok
[18:14:10] hindsight 2023-07-21_14-08-29/window_024 ok
[18:14:10] hindsight 2023-07-21_14-08-29/window_025 ok
[18:14:11] hindsight 2023-07-21_14-44-56/window_001 ok
[18:14:13] hindsight 2023-07-21_14-08-29/window_027 ok
[18:14:14] hindsight 2023-07-21_17-07-00/window_001 ok
[18:14:15] hindsight 2023-07-21_14-08-29/window_028 ok
[18:14:15] hindsight 2023-07-21_17-07-00/window_023 flagged
[18:14:15] hindsight 2023-07-21_17-07-00/window_024 flagged
[18:14:15] hindsight 2023-07-21_17-34-18/window_000 flagged
[18:14:16] hindsight 2023-07-21_14-44-56/window_002 ok
[18:14:17] hindsight 2023-07-21_14-44-56/window_003 ok
[18:14:17] hindsight 2023-07-21_17-07-00/window_006 ok
[18:14:17] hindsight 2023-07-21_17-07-00/window_002 ok
[18:14:18] hindsight 2023-07-21_17-07-00/window_003 ok
[18:14:18] hindsight 2023-07-21_17-07-00/window_004 ok
[18:14:19] hindsight 2023-07-21_17-07-00/window_008 ok
[18:14:19] hindsight 2023-07-21_17-07-00/window_012 ok
[18:14:19] hindsight 2023-07-21_17-45-42/window_000 flagged
[18:14:19] hindsight 2023-07-21_17-07-00/window_007 ok
[18:14:19] hindsight 2023-07-21_17-07-00/window_005 ok
[18:14:20] hindsight 2023-07-21_17-07-00/window_009 ok
[18:14:20] hindsight 2023-07-21_17-07-00/window_014 ok
[18:14:22] hindsight 2023-07-21_17-07-00/window_013 ok
[18:14:23] hindsight 2023-07-21_17-07-00/window_011 ok
[18:14:23] hindsight 2023-07-21_17-07-00/window_010 ok
[18:14:25] hindsight 2023-07-21_17-07-00/window_015 ok
[18:14:26] hindsight 2023-07-21_17-07-00/window_017 ok
[18:14:26] hindsight 2023-07-21_17-07-00/window_016 ok
[18:14:27] hindsight 2023-07-21_17-07-00/window_018 ok
[18:14:28] hindsight 2023-07-21_17-07-00/window_020 ok
[18:14:29] hindsight 2023-07-21_17-07-00/window_019 ok
[18:14:29] hindsight 2023-07-21_17-34-18/window_005 ok
[18:14:30] hindsight 2023-07-21_17-07-00/window_022 ok
[18:14:30] hindsight 2023-07-21_17-34-18/window_004 ok
[18:14:30] hindsight 2023-07-21_17-07-00/window_021 ok
[18:14:31] hindsight 2023-07-21_17-45-42/window_002 ok
[18:14:32] hindsight 2023-07-21_17-45-42/window_001 ok
[18:14:32] hindsight 2023-07-21_17-34-18/window_003 ok
[18:14:32] hindsight 2023-07-21_17-34-18/window_001 ok
[18:14:32] hindsight 2023-07-21_17-34-18/window_006 ok
[18:14:33] hindsight 2023-07-21_17-34-18/window_002 ok
[18:14:33] hindsight 2023-07-21_17-34-18/window_008 ok
[18:14:34] hindsight 2023-07-21_17-45-42/window_004 ok
[18:14:34] hindsight 2023-07-22_13-00-57/window_000 flagged
[18:14:34] hindsight 2023-07-21_17-45-42/window_003 ok
[18:14:34] hindsight 2023-07-21_17-34-18/window_007 ok
[18:14:36] hindsight 2023-07-21_17-45-42/window_012 ok
[18:14:38] hindsight 2023-07-21_17-45-42/window_005 ok
[18:14:38] hindsight 2023-07-21_17-45-42/window_008 ok
[18:14:38] hindsight 2023-07-22_13-00-57/window_006 flagged
[18:14:39] hindsight 2023-07-21_17-45-42/window_007 ok
[18:14:39] hindsight 2023-07-22_13-28-55/window_000 flagged
[18:14:39] hindsight 2023-07-21_17-45-42/window_006 ok
[18:14:40] hindsight 2023-07-21_17-45-42/window_011 ok
[18:14:41] hindsight 2023-07-21_17-45-42/window_009 ok
[18:14:41] hindsight 2023-07-21_17-45-42/window_010 ok
[18:14:42] hindsight 2023-07-21_17-45-42/window_017 ok
[18:14:44] hindsight 2023-07-21_17-45-42/window_013 ok
[18:14:45] hindsight 2023-07-21_17-45-42/window_016 ok
[18:14:46] hindsight 2023-07-22_13-00-57/window_007 ok
[18:14:46] hindsight 2023-07-21_17-45-42/window_015 ok
[18:14:46] hindsight 2023-07-21_17-45-42/window_014 ok
[18:14:47] hindsight 2023-07-22_13-00-57/window_004 ok
[18:14:47] hindsight 2023-07-21_17-45-42/window_021 ok
[18:14:47] hindsight 2023-07-22_13-00-57/window_005 ok
[18:14:47] hindsight 2023-07-21_17-45-42/window_019 ok
[18:14:48] hindsight 2023-07-21_17-45-42/window_023 ok
[18:14:48] hindsight 2023-07-22_13-00-57/window_001 ok
[18:14:48] hindsight 2023-07-21_17-45-42/window_020 ok
[18:14:48] hindsight 2023-07-21_17-45-42/window_018 ok
[18:14:49] hindsight 2023-07-21_17-45-42/window_024 ok
[18:14:49] hindsight 2023-07-22_13-00-57/window_002 ok
[18:14:49] hindsight 2023-07-21_17-45-42/window_025 ok
[18:14:50] hindsight 2023-07-21_17-45-42/window_022 ok
[18:14:50] hindsight 2023-07-22_16-24-27/window_000 flagged
[18:14:51] hindsight 2023-07-22_13-00-57/window_003 ok
[18:14:54] hindsight 2023-07-22_13-28-55/window_002 ok
[18:14:56] hindsight 2023-07-22_13-28-55/window_001 ok
[18:14:56] hindsight 2023-07-22_13-28-55/window_003 ok
[18:14:58] hindsight 2023-07-22_13-28-55/window_006 ok
[18:14:58] hindsight 2023-07-22_13-28-55/window_004 ok
[18:14:58] hindsight 2023-07-22_13-28-55/window_005 ok
[18:15:01] hindsight 2023-07-22_13-28-55/window_008 ok
[18:15:01] hindsight 2023-07-22_13-28-55/window_021 ok
[18:15:01] hindsight 2023-07-22_13-28-55/window_007 ok
[18:15:01] hindsight 2023-07-22_13-28-55/window_009 ok
[18:15:02] hindsight 2023-07-22_13-28-55/window_017 ok
[18:15:02] hindsight 2023-07-22_13-28-55/window_013 ok
[18:15:03] hindsight 2023-07-22_13-28-55/window_012 ok
[18:15:03] hindsight 2023-07-22_13-28-55/window_011 ok
[18:15:03] hindsight 2023-07-22_13-28-55/window_010 ok
[18:15:03] hindsight 2023-07-22_13-28-55/window_019 ok
[18:15:04] hindsight 2023-07-22_13-28-55/window_015 ok
[18:15:04] hindsight 2023-07-22_13-28-55/window_014 ok
[18:15:04] hindsight 2023-07-22_13-28-55/window_018 ok
[18:15:05] hindsight 2023-07-22_13-28-55/window_020 ok
[18:15:05] hindsight 2023-07-22_13-28-55/window_016 ok
[18:15:06] hindsight 2023-07-22_16-24-27/window_001 ok
[18:15:07] hindsight 2023-07-22_13-28-55/window_022 ok
[18:15:07] hindsight 2023-07-22_16-24-27/window_002 ok
[18:15:09] hindsight 2023-07-22_16-24-27/window_003 ok
[18:15:11] hindsight 2023-07-22_16-24-27/window_004 ok
[18:15:13] hindsight 2023-07-22_16-24-27/window_006 ok
[18:15:14] hindsight 2023-07-22_16-24-27/window_005 ok
[18:15:14] hindsight 2023-07-22_16-24-27/window_008 ok
[18:15:15] hindsight 2023-07-22_16-24-27/window_007 ok
[18:15:16] hindsight 2023-07-22_16-24-27/window_011 ok
[18:15:17] hindsight 2023-07-22_16-24-27/window_010 ok
[18:15:17] hindsight 2023-07-22_16-24-27/window_014 ok
[18:15:18] hindsight 2023-07-22_16-24-27/window_013 ok
[18:15:18] hindsight 2023-07-22_16-24-27/window_012 ok
[18:15:18] hindsight 2023-07-22_16-24-27/window_009 ok
[18:15:18] hindsight 2023-07-22_16-24-27/window_017 ok
[18:15:19] hindsight 2023-07-22_16-24-27/window_016 ok
[18:15:19] hindsight 2023-07-22_16-24-27/window_018 ok
[18:15:19] hindsight 2023-07-22_16-24-27/window_015 ok
[18:15:20] hindsight 2023-07-22_16-24-27/window_019 ok
[18:15:20] hindsight 2023-07-22_16-24-27/window_020 ok
[18:15:21] hindsight 2023-07-22_16-24-27/window_021 ok
[18:15:22] hindsight 2023-07-22_16-24-27/window_022 ok
[18:15:22] hindsight 2023-07-22_16-24-27/window_027 ok
[18:15:22] hindsight 2023-07-22_16-24-27/window_023 ok
[18:15:23] hindsight 2023-07-22_16-24-27/window_026 ok
[18:15:23] hindsight 2023-07-22_16-24-27/window_025 ok
[18:15:23] hindsight 2023-07-22_16-24-27/window_024 ok
[18:15:27] hindsight 2023-07-22_16-24-27/window_028 ok
[18:15:27] hindsight 2023-07-22_17-18-36/window_000 flagged
[18:15:27] hindsight 2023-07-22_17-31-58/window_000 flagged
[18:15:28] hindsight 2023-07-22_16-24-27/window_029 ok
[18:15:28] hindsight 2023-07-22_17-38-50/window_000 flagged
[18:15:29] hindsight 2023-07-22_16-24-27/window_030 ok
[18:15:30] hindsight 2023-07-22_16-24-27/window_034 ok
[18:15:31] hindsight 2023-07-22_16-24-27/window_032 ok
[18:15:31] hindsight 2023-07-22_16-24-27/window_031 ok
[18:15:32] hindsight 2023-07-22_16-24-27/window_038 ok
[18:15:32] hindsight 2023-07-22_16-24-27/window_033 ok
[18:15:32] hindsight 2023-07-22_16-24-27/window_036 ok
[18:15:33] hindsight 2023-07-22_16-24-27/window_037 ok
[18:15:33] hindsight 2023-07-22_16-24-27/window_039 ok
[18:15:33] hindsight 2023-07-22_16-24-27/window_040 ok
[18:15:34] hindsight 2023-07-22_16-24-27/window_035 ok
[18:15:34] hindsight 2023-07-22_16-24-27/window_041 ok
[18:15:35] hindsight 2023-07-22_16-24-27/window_049 ok
[18:15:36] hindsight 2023-07-22_16-24-27/window_050 ok
[18:15:36] hindsight 2023-07-23_11-23-18/window_000 flagged
[18:15:36] hindsight 2023-07-22_16-24-27/window_044 ok
[18:15:36] hindsight 2023-07-22_16-24-27/window_042 ok
[18:15:37] hindsight 2023-07-22_16-24-27/window_043 ok
[18:15:38] hindsight 2023-07-22_16-24-27/window_046 ok
[18:15:38] hindsight 2023-07-22_16-24-27/window_045 ok
[18:15:38] hindsight 2023-07-22_16-24-27/window_047 ok
[18:15:39] hindsight 2023-07-22_16-24-27/window_048 ok
[18:15:39] hindsight 2023-07-22_16-24-27/window_051 ok
[18:15:42] hindsight 2023-07-22_17-38-50/window_001 ok
[18:15:43] hindsight 2023-07-22_17-38-50/window_008 ok
[18:15:43] hindsight 2023-07-22_17-31-58/window_001 ok
[18:15:43] hindsight 2023-07-22_17-38-50/window_002 ok
[18:15:44] hindsight 2023-07-22_17-38-50/window_003 ok
[18:15:46] hindsight 2023-07-22_17-38-50/window_004 ok
[18:15:47] hindsight 2023-07-22_17-38-50/window_005 ok
[18:15:47] hindsight 2023-07-22_17-38-50/window_007 ok
[18:15:48] hindsight 2023-07-22_17-38-50/window_006 ok
[18:15:49] hindsight 2023-07-22_17-38-50/window_009 ok
[18:15:50] hindsight 2023-07-22_17-38-50/window_012 ok
[18:15:50] hindsight 2023-07-22_17-38-50/window_010 ok
[18:15:50] hindsight 2023-07-22_17-38-50/window_013 ok
[18:15:50] hindsight 2023-07-23_11-52-09/window_000 unscoreable
[18:15:51] hindsight 2023-07-22_17-38-50/window_011 ok
[18:15:52] hindsight 2023-07-23_11-23-18/window_002 ok
[18:15:53] hindsight 2023-07-22_17-38-50/window_014 ok
[18:15:53] hindsight 2023-07-23_11-23-18/window_003 ok
[18:15:53] hindsight 2023-07-23_11-23-18/window_001 ok
[18:15:53] hindsight 2023-07-23_11-23-18/window_005 ok
[18:15:53] hindsight 2023-07-23_11-23-18/window_004 ok
[18:15:56] hindsight 2023-07-23_11-23-18/window_009 ok
[18:15:56] hindsight 2023-07-23_11-23-18/window_008 ok
[18:15:57] hindsight 2023-07-23_11-23-18/window_007 ok
[18:15:57] hindsight 2023-07-23_11-23-18/window_006 ok
[18:15:57] hindsight 2023-07-23_11-23-18/window_010 ok
[18:15:58] hindsight 2023-07-23_11-23-18/window_013 ok
[18:15:59] hindsight 2023-07-23_11-23-18/window_011 ok
[18:16:00] hindsight 2023-07-23_11-23-18/window_012 ok
[18:16:00] hindsight 2023-07-23_11-23-18/window_014 ok
[18:16:02] hindsight 2023-07-23_11-23-18/window_017 ok
[18:16:03] hindsight 2023-07-23_11-23-18/window_016 ok
[18:16:03] hindsight 2023-07-23_11-23-18/window_015 ok
[18:16:04] hindsight 2023-07-23_11-23-18/window_018 ok
[18:16:05] hindsight 2023-07-23_11-23-18/window_021 ok
[18:16:05] hindsight 2023-07-23_12-52-39/window_000 flagged
[18:16:05] hindsight 2023-07-23_11-52-09/window_010 ok
[18:16:05] hindsight 2023-07-23_11-23-18/window_019 ok
[18:16:07] hindsight 2023-07-23_11-52-09/window_002 ok
[18:16:08] hindsight 2023-07-23_11-23-18/window_020 ok
[18:16:08] hindsight 2023-07-23_11-52-09/window_001 ok
[18:16:08] hindsight 2023-07-23_11-52-09/window_005 ok
[18:16:08] hindsight 2023-07-23_11-52-09/window_007 ok
[18:16:09] hindsight 2023-07-23_11-52-09/window_006 ok
[18:16:09] hindsight 2023-07-23_11-52-09/window_003 ok
[18:16:09] hindsight t1/window_000 flagged
[18:16:10] hindsight 2023-07-23_11-52-09/window_011 ok
[18:16:10] hindsight 2023-07-23_11-52-09/window_009 ok
[18:16:10] hindsight 2023-07-23_11-52-09/window_008 ok
[18:16:11] hindsight 2023-07-23_11-52-09/window_004 ok
[18:16:14] hindsight 2023-07-23_11-52-09/window_012 ok
[18:16:15] hindsight 2023-07-23_11-52-09/window_017 ok
[18:16:16] hindsight 2023-07-23_11-52-09/window_013 ok
[18:16:16] hindsight 2023-07-23_11-52-09/window_014 ok
[18:16:17] hindsight 2023-07-23_11-52-09/window_016 ok
[18:16:17] hindsight 2023-07-23_11-52-09/window_018 ok
[18:16:17] hindsight 2023-07-23_11-52-09/window_015 ok
[18:16:18] hindsight 2023-07-23_11-52-09/window_019 ok
[18:16:18] hindsight t2/window_000 unscoreable
[18:16:20] hindsight 2023-07-23_11-52-09/window_021 ok
[18:16:20] hindsight 2023-07-23_11-52-09/window_020 ok
[18:16:21] hindsight 2023-07-23_12-52-39/window_001 ok
[18:16:22] hindsight 2023-07-23_12-52-39/window_002 ok
[18:16:22] hindsight 2023-07-23_12-52-39/window_005 ok
[18:16:22] hindsight 2023-07-23_12-52-39/window_003 ok
[18:16:23] hindsight 2023-07-23_12-52-39/window_004 ok
[18:16:23] hindsight 2023-07-23_12-52-39/window_007 ok
[18:16:23] hindsight 2023-07-23_12-52-39/window_009 ok
[18:16:23] hindsight 2023-07-23_12-52-39/window_006 ok
[18:16:24] hindsight 2023-07-23_12-52-39/window_008 ok
[18:16:26] hindsight t1/window_004 ok
[18:16:26] hindsight t1/window_001 ok
[18:16:26] hindsight t1/window_003 ok
[18:16:27] hindsight t1/window_002 ok
[18:16:27] hindsight t1/window_005 ok
[18:16:28] hindsight t1/window_012 ok
[18:16:29] hindsight t1/window_006 ok
[18:16:30] hindsight t1/window_007 ok
[18:16:31] hindsight t1/window_009 ok
[18:16:32] hindsight t1/window_008 ok
[18:16:34] hindsight t1/window_010 ok
[18:16:34] hindsight t2/window_002 ok
[18:16:35] hindsight t2/window_011 ok
[18:16:35] hindsight t1/window_011 ok
[18:16:35] hindsight t2/window_004 ok
[18:16:36] hindsight t2/window_001 ok
[18:16:36] hindsight t2/window_003 ok
[18:16:37] hindsight t2/window_010 ok
[18:16:38] hindsight t2/window_005 ok
[18:16:39] hindsight t2/window_017 ok
[18:16:39] hindsight t2/window_009 ok
[18:16:40] hindsight t2/window_007 ok
[18:16:40] hindsight t2/window_006 ok
[18:16:40] hindsight t2/window_008 ok
[18:16:40] hindsight t2/window_014 ok
[18:16:40] hindsight t2/window_013 ok
[18:16:40] hindsight t2/window_015 ok
[18:16:42] hindsight t2/window_012 ok
[18:16:42] hindsight t2/window_016 ok
[18:16:43] hindsight t2/window_019 ok
[18:16:43] hindsight t2/window_018 ok
[18:16:45] hindsight t2/window_022 ok
[18:16:45] hindsight t2/window_020 ok
[18:16:46] hindsight t2/window_021 ok
[18:16:47] hindsight t2/window_025 ok
[18:16:47] hindsight t2/window_023 ok
[18:16:48] hindsight t2/window_024 ok
[18:16:48] hindsight t2/window_026 ok
[18:16:48] hindsight t2/window_027 ok
[18:16:49] hindsight t2/window_028 ok
[18:16:49] hindsight t2/window_029 ok
[18:16:49] hindsight t2/window_032 ok
[18:16:49] hindsight t2/window_031 ok
[18:16:50] hindsight t2/window_030 ok
[18:16:51] hindsight t2/window_034 ok
[18:16:51] hindsight t2/window_033 ok

== foresight: 363 windows, median sigma points 5041
  clark-corr  relE 1.98e-03 relSD 0.027 sd/mc 0.995 cvar med 0.0045 p95 0.120
  clark       relE 1.98e-03 relSD 0.060 sd/mc 0.940 cvar med 0.0087 p95 0.261
  fosm        relE 2.35e-02 relSD 0.039 sd/mc 1.001 cvar med 0.0126 p95 0.810
  unscented   relE 1.43e-01 relSD 15.770 sd/mc 16.770 cvar med 1.0912 p95 8.617
  mc-32       relE 1.26e-02 relSD 0.097 sd/mc 0.981 cvar med 0.0082 p95 0.358
  ut-1.0      relE 1.43e-01 relSD 15.770 sd/mc 16.770 cvar med 1.0912 p95 8.617
  ut-0.3      relE 9.11e-02 relSD 3.670 sd/mc 4.670 cvar med 0.2876 p95 2.369
  ut-0.1      relE 3.86e-02 relSD 1.134 sd/mc 2.134 cvar med 0.0843 p95 0.953
  ut-0.03     relE 9.71e-03 relSD 0.417 sd/mc 1.417 cvar med 0.0268 p95 1.216
  ut-0.01     relE 2.48e-02 relSD 0.461 sd/mc 1.461 cvar med 0.0285 p95 2.141
  paired: {'clark-corr_E_below_ut': 362, 'clark-corr_sd_below_ut': 363, 'clark-corr_cvar_below_ut': 363, 'ut_E_below_fosm': 55}

== hindsight: 368 windows, median sigma points 6553
  clark-corr  relE 8.47e-04 relSD 0.019 sd/mc 1.012 cvar med 0.0019 p95 0.159
  clark       relE 8.47e-04 relSD 0.036 sd/mc 0.964 cvar med 0.0054 p95 0.261
  fosm        relE 1.45e-02 relSD 0.026 sd/mc 0.996 cvar med 0.0075 p95 0.921
  unscented   relE 7.26e-02 relSD 8.517 sd/mc 9.517 cvar med 0.5575 p95 9.403
  mc-32       relE 1.01e-02 relSD 0.087 sd/mc 0.991 cvar med 0.0083 p95 0.455
  ut-1.0      relE 7.26e-02 relSD 8.517 sd/mc 9.517 cvar med 0.5575 p95 9.403
  ut-0.3      relE 4.21e-02 relSD 2.223 sd/mc 3.223 cvar med 0.1434 p95 2.509
  ut-0.1      relE 1.68e-02 relSD 0.697 sd/mc 1.697 cvar med 0.0428 p95 0.945
  ut-0.03     relE 4.28e-03 relSD 0.260 sd/mc 1.260 cvar med 0.0159 p95 1.028
  ut-0.01     relE 1.41e-02 relSD 0.324 sd/mc 1.324 cvar med 0.0217 p95 1.780
  paired: {'clark-corr_E_below_ut': 363, 'clark-corr_sd_below_ut': 368, 'clark-corr_cvar_below_ut': 368, 'ut_E_below_fosm': 65}
wrote out/v2/unscented_scaled
