763 windows, 16 workers
[16:58:11] foresight 2023-07-20_18-12-05/window_003 flagged
[16:58:16] foresight 2023-07-20_18-12-05/window_009 ok
[16:58:17] foresight 2023-07-20_18-12-05/window_014 ok
[16:58:17] foresight 2023-07-20_18-12-05/window_004 ok
[16:58:17] foresight 2023-07-20_18-12-05/window_013 ok
[16:58:17] foresight 2023-07-20_18-12-05/window_010 ok
[16:58:18] foresight 2023-07-20_18-12-05/window_012 ok
[16:58:18] foresight 2023-07-20_18-12-05/window_011 ok
[16:58:18] foresight 2023-07-20_18-12-05/window_006 ok
[16:58:18] foresight 2023-07-20_18-12-05/window_015 ok
[16:58:18] foresight 2023-07-20_18-12-05/window_002 ok
[16:58:19] foresight 2023-07-20_18-12-05/window_007 ok
[16:58:19] foresight 2023-07-20_18-12-05/window_005 ok
[16:58:21] foresight 2023-07-20_18-12-05/window_016 ok
[16:58:27] foresight 2023-07-20_18-12-05/window_017 ok
[16:58:29] foresight 2023-07-20_18-12-05/window_001 ok
[16:58:32] foresight 2023-07-21_12-38-15/window_001 ok
[16:58:32] foresight 2023-07-20_18-12-05/window_008 ok
[16:58:34] foresight 2023-07-20_18-12-05/window_018 ok
[16:58:34] foresight 2023-07-20_18-12-05/window_019 ok
[16:58:35] foresight 2023-07-21_12-38-15/window_002 ok
[16:58:36] foresight 2023-07-21_12-38-15/window_003 ok
[16:58:37] foresight 2023-07-21_12-38-15/window_004 ok
[16:58:37] foresight 2023-07-20_18-12-05/window_022 ok
[16:58:37] foresight 2023-07-20_18-12-05/window_024 ok
[16:58:37] foresight 2023-07-20_18-12-05/window_021 ok
[16:58:38] foresight 2023-07-20_18-12-05/window_020 ok
[16:58:41] foresight 2023-07-20_18-12-05/window_025 ok
[16:58:44] foresight 2023-07-20_18-12-05/window_023 ok
[16:58:46] foresight 2023-07-21_12-38-15/window_008 ok
[16:58:47] foresight 2023-07-20_18-12-05/window_026 ok
[16:58:47] foresight 2023-07-21_12-38-15/window_010 ok
[16:58:50] foresight 2023-07-21_12-38-15/window_009 ok
[16:58:52] foresight 2023-07-21_12-38-15/window_011 ok
[16:58:54] foresight 2023-07-21_12-58-11/window_002 ok
[16:58:54] foresight 2023-07-21_12-38-15/window_005 ok
[16:58:56] foresight 2023-07-21_12-38-15/window_007 ok
[16:58:57] foresight 2023-07-21_12-58-11/window_004 ok
[16:58:57] foresight 2023-07-21_12-38-15/window_013 ok
[16:58:57] foresight 2023-07-21_12-58-11/window_001 ok
[16:58:58] foresight 2023-07-21_12-38-15/window_006 ok
[16:59:01] foresight 2023-07-21_12-38-15/window_012 ok
[16:59:01] foresight 2023-07-21_12-58-11/window_005 ok
[16:59:03] foresight 2023-07-21_12-58-11/window_006 ok
[16:59:06] foresight 2023-07-21_12-58-11/window_007 ok
[16:59:06] foresight 2023-07-21_12-58-11/window_003 ok
[16:59:08] foresight 2023-07-21_12-58-11/window_008 ok
[16:59:08] foresight 2023-07-21_12-58-11/window_010 ok
[16:59:09] foresight 2023-07-21_12-58-11/window_009 ok
[16:59:13] foresight 2023-07-21_12-58-11/window_013 ok
[16:59:16] foresight 2023-07-21_12-58-11/window_011 ok
[16:59:17] foresight 2023-07-21_12-58-11/window_012 ok
[16:59:19] foresight 2023-07-21_12-58-11/window_016 ok
[16:59:19] foresight 2023-07-21_12-58-11/window_020 ok
[16:59:20] foresight 2023-07-21_12-58-11/window_015 ok
[16:59:21] foresight 2023-07-21_12-58-11/window_017 ok
[16:59:21] foresight 2023-07-21_12-58-11/window_014 ok
[16:59:24] foresight 2023-07-21_12-58-11/window_025 ok
[16:59:27] foresight 2023-07-21_12-58-11/window_022 ok
[16:59:27] foresight 2023-07-21_12-58-11/window_028 ok
[16:59:28] foresight 2023-07-21_12-58-11/window_024 ok
[16:59:29] foresight 2023-07-21_12-58-11/window_018 ok
[16:59:29] foresight 2023-07-21_12-58-11/window_023 ok
[16:59:30] foresight 2023-07-21_12-58-11/window_026 ok
[16:59:30] foresight 2023-07-21_12-58-11/window_021 ok
[16:59:31] foresight 2023-07-21_12-58-11/window_019 ok
[16:59:35] foresight 2023-07-21_12-58-11/window_027 ok
[16:59:36] foresight 2023-07-21_12-58-11/window_030 ok
[16:59:38] foresight 2023-07-21_12-58-11/window_031 ok
[16:59:39] foresight 2023-07-21_12-58-11/window_034 ok
[16:59:41] foresight 2023-07-21_12-58-11/window_032 ok
[16:59:43] foresight 2023-07-21_12-58-11/window_029 ok
[16:59:44] foresight 2023-07-21_12-58-11/window_033 ok
[16:59:44] foresight 2023-07-21_12-58-11/window_035 ok
[16:59:48] foresight 2023-07-21_12-58-11/window_038 ok
[16:59:51] foresight 2023-07-21_13-43-00/window_002 ok
[16:59:51] foresight 2023-07-21_13-43-00/window_005 ok
[16:59:52] foresight 2023-07-21_12-58-11/window_037 ok
[16:59:53] foresight 2023-07-21_12-58-11/window_036 ok
[16:59:56] foresight 2023-07-21_13-59-14/window_001 ok
[16:59:56] foresight 2023-07-21_13-43-00/window_001 ok
[16:59:57] foresight 2023-07-21_13-43-00/window_008 ok
[16:59:59] foresight 2023-07-21_13-43-00/window_009 ok
[17:00:00] foresight 2023-07-21_13-43-00/window_006 ok
[17:00:00] foresight 2023-07-21_13-43-00/window_004 ok
[17:00:00] foresight 2023-07-21_13-59-14/window_004 ok
[17:00:02] foresight 2023-07-21_13-43-00/window_003 ok
[17:00:03] foresight 2023-07-21_13-59-14/window_003 ok
[17:00:06] foresight 2023-07-21_13-43-00/window_007 ok
[17:00:10] foresight 2023-07-21_13-59-14/window_002 ok
[17:00:10] foresight 2023-07-21_13-59-14/window_005 ok
[17:00:11] foresight 2023-07-21_14-08-29/window_001 ok
[17:00:15] foresight 2023-07-21_14-08-29/window_006 ok
[17:00:15] foresight 2023-07-21_14-08-29/window_011 ok
[17:00:18] foresight 2023-07-21_14-08-29/window_003 ok
[17:00:18] foresight 2023-07-21_14-08-29/window_009 ok
[17:00:19] foresight 2023-07-21_14-08-29/window_012 ok
[17:00:20] foresight 2023-07-21_14-08-29/window_008 ok
[17:00:20] foresight 2023-07-21_14-08-29/window_004 ok
[17:00:22] foresight 2023-07-21_14-08-29/window_005 ok
[17:00:22] foresight 2023-07-21_14-08-29/window_002 ok
[17:00:26] foresight 2023-07-21_14-08-29/window_010 ok
[17:00:26] foresight 2023-07-21_14-08-29/window_014 ok
[17:00:27] foresight 2023-07-21_14-08-29/window_016 ok
[17:00:27] foresight 2023-07-21_14-44-56/window_001 flagged
[17:00:27] foresight 2023-07-21_14-08-29/window_015 ok
[17:00:27] foresight 2023-07-21_14-08-29/window_007 ok
[17:00:28] foresight 2023-07-21_14-08-29/window_013 ok
[17:00:31] foresight 2023-07-21_14-08-29/window_017 ok
[17:00:33] foresight 2023-07-21_14-08-29/window_019 ok
[17:00:33] foresight 2023-07-21_14-08-29/window_018 ok
[17:00:37] foresight 2023-07-21_14-08-29/window_020 ok
[17:00:37] foresight 2023-07-21_14-08-29/window_022 ok
[17:00:37] foresight 2023-07-21_14-08-29/window_024 ok
[17:00:39] foresight 2023-07-21_14-44-56/window_002 ok
[17:00:40] foresight 2023-07-21_14-44-56/window_003 ok
[17:00:43] foresight 2023-07-21_14-08-29/window_028 ok
[17:00:44] foresight 2023-07-21_14-08-29/window_025 ok
[17:00:44] foresight 2023-07-21_14-08-29/window_026 ok
[17:00:45] foresight 2023-07-21_14-08-29/window_027 ok
[17:00:46] foresight 2023-07-21_14-08-29/window_023 ok
[17:00:48] foresight 2023-07-21_14-08-29/window_021 ok
[17:00:48] foresight 2023-07-21_17-07-00/window_003 ok
[17:00:49] foresight 2023-07-21_17-07-00/window_004 ok
[17:00:50] foresight 2023-07-21_17-07-00/window_002 ok
[17:00:51] foresight 2023-07-21_17-07-00/window_007 ok
[17:00:51] foresight 2023-07-21_17-07-00/window_001 ok
[17:00:52] foresight 2023-07-21_17-07-00/window_006 ok
[17:00:53] foresight 2023-07-21_17-07-00/window_005 ok
[17:00:53] foresight 2023-07-21_17-07-00/window_023 flagged
[17:00:53] foresight 2023-07-21_17-07-00/window_024 flagged
[17:00:54] foresight 2023-07-21_17-07-00/window_008 ok
[17:00:54] foresight 2023-07-21_17-34-18/window_002 flagged
[17:00:56] foresight 2023-07-21_17-07-00/window_009 ok
[17:00:58] foresight 2023-07-21_17-07-00/window_010 ok
[17:00:59] foresight 2023-07-21_17-07-00/window_011 ok
[17:01:00] foresight 2023-07-21_17-07-00/window_018 ok
[17:01:00] foresight 2023-07-21_17-34-18/window_003 ok
[17:01:01] foresight 2023-07-21_17-07-00/window_012 ok
[17:01:01] foresight 2023-07-21_17-07-00/window_016 ok
[17:01:03] foresight 2023-07-21_17-07-00/window_013 ok
[17:01:03] foresight 2023-07-21_17-07-00/window_017 ok
[17:01:04] foresight 2023-07-21_17-07-00/window_014 ok
[17:01:05] foresight 2023-07-21_17-07-00/window_020 ok
[17:01:06] foresight 2023-07-21_17-34-18/window_004 ok
[17:01:06] foresight 2023-07-21_17-07-00/window_021 ok
[17:01:07] foresight 2023-07-21_17-34-18/window_001 ok
[17:01:09] foresight 2023-07-21_17-07-00/window_022 ok
[17:01:10] foresight 2023-07-21_17-07-00/window_015 ok
[17:01:14] foresight 2023-07-21_17-07-00/window_019 ok
[17:01:14] foresight 2023-07-21_17-34-18/window_005 ok
[17:01:15] foresight 2023-07-21_17-34-18/window_006 ok
[17:01:16] foresight 2023-07-21_17-34-18/window_008 ok
[17:01:16] foresight 2023-07-21_17-34-18/window_007 ok
[17:01:19] foresight 2023-07-21_17-45-42/window_002 ok
[17:01:21] foresight 2023-07-21_17-45-42/window_009 ok
[17:01:21] foresight 2023-07-21_17-45-42/window_004 ok
[17:01:21] foresight 2023-07-21_17-45-42/window_005 ok
[17:01:22] foresight 2023-07-21_17-45-42/window_008 ok
[17:01:22] foresight 2023-07-21_17-45-42/window_021 flagged
[17:01:23] foresight 2023-07-21_17-45-42/window_006 ok
[17:01:23] foresight 2023-07-21_17-45-42/window_007 ok
[17:01:24] foresight 2023-07-21_17-45-42/window_003 ok
[17:01:25] foresight 2023-07-21_17-45-42/window_001 ok
[17:01:27] foresight 2023-07-21_17-45-42/window_011 ok
[17:01:28] foresight 2023-07-21_17-45-42/window_022 flagged
[17:01:31] foresight 2023-07-21_17-45-42/window_013 ok
[17:01:31] foresight 2023-07-21_17-45-42/window_016 ok
[17:01:31] foresight 2023-07-21_17-45-42/window_010 ok
[17:01:31] foresight 2023-07-22_13-00-57/window_006 flagged
[17:01:32] foresight 2023-07-21_17-45-42/window_012 ok
[17:01:34] foresight 2023-07-21_17-45-42/window_014 ok
[17:01:38] foresight 2023-07-21_17-45-42/window_023 ok
[17:01:38] foresight 2023-07-21_17-45-42/window_020 ok
[17:01:39] foresight 2023-07-22_13-00-57/window_001 ok
[17:01:39] foresight 2023-07-21_17-45-42/window_024 ok
[17:01:40] foresight 2023-07-22_13-00-57/window_007 ok
[17:01:40] foresight 2023-07-21_17-45-42/window_015 ok
[17:01:40] foresight 2023-07-21_17-45-42/window_017 ok
[17:01:41] foresight 2023-07-21_17-45-42/window_019 ok
[17:01:44] foresight 2023-07-21_17-45-42/window_025 ok
[17:01:46] foresight 2023-07-21_17-45-42/window_018 ok
[17:01:46] foresight 2023-07-22_13-00-57/window_005 ok
[17:01:46] foresight 2023-07-22_13-00-57/window_004 ok
[17:01:47] foresight 2023-07-22_13-00-57/window_003 ok
[17:01:50] foresight 2023-07-22_13-28-55/window_001 ok
[17:01:53] foresight 2023-07-22_13-00-57/window_002 ok
[17:01:53] foresight 2023-07-22_13-28-55/window_002 ok
[17:01:54] foresight 2023-07-22_13-28-55/window_003 ok
[17:01:56] foresight 2023-07-22_13-28-55/window_004 ok
[17:01:57] foresight 2023-07-22_13-28-55/window_007 ok
[17:01:57] foresight 2023-07-22_13-28-55/window_005 ok
[17:01:57] foresight 2023-07-22_13-28-55/window_008 ok
[17:01:58] foresight 2023-07-22_13-28-55/window_006 ok
[17:02:02] foresight 2023-07-22_13-28-55/window_011 ok
[17:02:03] foresight 2023-07-22_13-28-55/window_015 ok
[17:02:05] foresight 2023-07-22_13-28-55/window_012 ok
[17:02:05] foresight 2023-07-22_13-28-55/window_013 ok
[17:02:06] foresight 2023-07-22_13-28-55/window_014 ok
[17:02:08] foresight 2023-07-22_13-28-55/window_009 ok
[17:02:08] foresight 2023-07-22_13-28-55/window_016 ok
[17:02:11] foresight 2023-07-22_13-28-55/window_017 ok
[17:02:11] foresight 2023-07-22_13-28-55/window_010 ok
[17:02:13] foresight 2023-07-22_13-28-55/window_022 ok
[17:02:16] foresight 2023-07-22_16-24-27/window_002 ok
[17:02:16] foresight 2023-07-22_13-28-55/window_019 ok
[17:02:16] foresight 2023-07-22_13-28-55/window_018 ok
[17:02:17] foresight 2023-07-22_13-28-55/window_020 ok
[17:02:17] foresight 2023-07-22_13-28-55/window_021 ok
[17:02:18] foresight 2023-07-22_16-24-27/window_003 ok
[17:02:19] foresight 2023-07-22_16-24-27/window_005 ok
[17:02:19] foresight 2023-07-22_16-24-27/window_004 ok
[17:02:19] foresight 2023-07-22_16-24-27/window_001 ok
[17:02:23] foresight 2023-07-22_16-24-27/window_010 ok
[17:02:25] foresight 2023-07-22_16-24-27/window_009 ok
[17:02:26] foresight 2023-07-22_16-24-27/window_007 ok
[17:02:28] foresight 2023-07-22_16-24-27/window_012 ok
[17:02:29] foresight 2023-07-22_16-24-27/window_014 ok
[17:02:30] foresight 2023-07-22_16-24-27/window_015 ok
[17:02:31] foresight 2023-07-22_16-24-27/window_018 ok
[17:02:31] foresight 2023-07-22_16-24-27/window_008 ok
[17:02:33] foresight 2023-07-22_16-24-27/window_017 ok
[17:02:33] foresight 2023-07-22_16-24-27/window_013 ok
[17:02:34] foresight 2023-07-22_16-24-27/window_006 ok
[17:02:34] foresight 2023-07-22_16-24-27/window_011 ok
[17:02:35] foresight 2023-07-22_16-24-27/window_020 ok
[17:02:37] foresight 2023-07-22_16-24-27/window_021 ok
[17:02:40] foresight 2023-07-22_16-24-27/window_019 ok
[17:02:40] foresight 2023-07-22_16-24-27/window_023 ok
[17:02:40] foresight 2023-07-22_16-24-27/window_024 ok
[17:02:41] foresight 2023-07-22_16-24-27/window_022 ok
[17:02:43] foresight 2023-07-22_16-24-27/window_026 ok
[17:02:43] foresight 2023-07-22_16-24-27/window_016 ok
[17:02:48] foresight 2023-07-22_16-24-27/window_029 ok
[17:02:50] foresight 2023-07-22_16-24-27/window_033 ok
[17:02:51] foresight 2023-07-22_16-24-27/window_032 ok
[17:02:51] foresight 2023-07-22_16-24-27/window_031 ok
[17:02:52] foresight 2023-07-22_16-24-27/window_034 ok
[17:02:54] foresight 2023-07-22_16-24-27/window_027 ok
[17:02:55] foresight 2023-07-22_16-24-27/window_025 ok
[17:02:58] foresight 2023-07-22_16-24-27/window_037 ok
[17:02:59] foresight 2023-07-22_16-24-27/window_028 ok
[17:02:59] foresight 2023-07-22_16-24-27/window_036 ok
[17:03:00] foresight 2023-07-22_16-24-27/window_041 ok
[17:03:00] foresight 2023-07-22_16-24-27/window_040 ok
[17:03:01] foresight 2023-07-22_16-24-27/window_038 ok
[17:03:03] foresight 2023-07-22_16-24-27/window_030 ok
[17:03:04] foresight 2023-07-22_16-24-27/window_035 ok
[17:03:07] foresight 2023-07-22_16-24-27/window_039 ok
[17:03:09] foresight 2023-07-22_16-24-27/window_042 ok
[17:03:09] foresight 2023-07-22_16-24-27/window_044 ok
[17:03:11] foresight 2023-07-22_16-24-27/window_045 ok
[17:03:12] foresight 2023-07-22_16-24-27/window_047 ok
[17:03:15] foresight 2023-07-22_16-24-27/window_048 ok
[17:03:15] foresight 2023-07-22_17-31-58/window_001 ok
[17:03:17] foresight 2023-07-22_16-24-27/window_043 ok
[17:03:18] foresight 2023-07-22_17-38-50/window_004 ok
[17:03:19] foresight 2023-07-22_16-24-27/window_049 ok
[17:03:19] foresight 2023-07-22_17-38-50/window_001 ok
[17:03:19] foresight 2023-07-22_17-38-50/window_002 ok
[17:03:20] foresight 2023-07-22_17-38-50/window_003 ok
[17:03:20] foresight 2023-07-22_16-24-27/window_051 ok
[17:03:21] foresight 2023-07-22_16-24-27/window_050 ok
[17:03:22] foresight 2023-07-22_16-24-27/window_046 ok
[17:03:22] foresight 2023-07-22_17-38-50/window_007 ok
[17:03:25] foresight 2023-07-22_17-38-50/window_005 ok
[17:03:26] foresight 2023-07-22_17-38-50/window_006 ok
[17:03:27] foresight 2023-07-22_17-38-50/window_011 ok
[17:03:27] foresight 2023-07-22_17-38-50/window_010 ok
[17:03:30] foresight 2023-07-22_17-38-50/window_008 ok
[17:03:31] foresight 2023-07-22_17-38-50/window_012 ok
[17:03:35] foresight 2023-07-22_17-38-50/window_014 ok
[17:03:35] foresight 2023-07-22_17-38-50/window_009 ok
[17:03:37] foresight 2023-07-22_17-38-50/window_013 ok
[17:03:37] foresight 2023-07-23_11-23-18/window_001 ok
[17:03:37] foresight 2023-07-23_11-23-18/window_005 ok
[17:03:38] foresight 2023-07-23_11-23-18/window_007 ok
[17:03:39] foresight 2023-07-23_11-23-18/window_003 ok
[17:03:39] foresight 2023-07-23_11-23-18/window_002 ok
[17:03:39] foresight 2023-07-23_11-23-18/window_004 ok
[17:03:40] foresight 2023-07-23_11-23-18/window_006 ok
[17:03:41] foresight 2023-07-23_11-23-18/window_010 ok
[17:03:42] foresight 2023-07-23_11-23-18/window_008 ok
[17:03:43] foresight 2023-07-23_11-23-18/window_013 ok
[17:03:44] foresight 2023-07-23_11-23-18/window_011 ok
[17:03:44] foresight 2023-07-23_11-23-18/window_009 ok
[17:03:50] foresight 2023-07-23_11-23-18/window_012 ok
[17:03:50] foresight 2023-07-23_11-23-18/window_019 ok
[17:03:51] foresight 2023-07-23_11-23-18/window_015 ok
[17:03:52] foresight 2023-07-23_11-23-18/window_014 ok
[17:03:56] foresight 2023-07-23_11-23-18/window_020 ok
[17:03:56] foresight 2023-07-23_11-23-18/window_016 ok
[17:03:58] foresight 2023-07-23_11-23-18/window_017 ok
[17:03:58] foresight 2023-07-23_11-52-09/window_002 ok
[17:04:00] foresight 2023-07-23_11-52-09/window_004 ok
[17:04:00] foresight 2023-07-23_11-52-09/window_005 ok
[17:04:00] foresight 2023-07-23_11-52-09/window_003 ok
[17:04:02] foresight 2023-07-23_11-52-09/window_007 ok
[17:04:03] foresight 2023-07-23_11-23-18/window_018 ok
[17:04:03] foresight 2023-07-23_11-52-09/window_009 ok
[17:04:04] foresight 2023-07-23_11-23-18/window_021 ok
[17:04:06] foresight 2023-07-23_11-52-09/window_010 ok
[17:04:08] foresight 2023-07-23_11-52-09/window_008 ok
[17:04:09] foresight 2023-07-23_11-52-09/window_001 ok
[17:04:09] foresight 2023-07-23_11-52-09/window_012 ok
[17:04:11] foresight 2023-07-23_11-52-09/window_006 ok
[17:04:13] foresight 2023-07-23_11-52-09/window_015 ok
[17:04:13] foresight 2023-07-23_11-52-09/window_013 ok
[17:04:13] foresight 2023-07-23_11-52-09/window_018 ok
[17:04:14] foresight 2023-07-23_11-52-09/window_017 ok
[17:04:17] foresight 2023-07-23_11-52-09/window_014 ok
[17:04:17] foresight 2023-07-23_11-52-09/window_011 ok
[17:04:17] foresight 2023-07-23_11-52-09/window_021 ok
[17:04:18] foresight 2023-07-23_11-52-09/window_016 ok
[17:04:19] foresight 2023-07-23_11-52-09/window_020 ok
[17:04:20] foresight 2023-07-23_12-52-39/window_001 ok
[17:04:25] foresight 2023-07-23_11-52-09/window_019 ok
[17:04:27] foresight 2023-07-23_12-52-39/window_004 ok
[17:04:28] foresight 2023-07-23_12-52-39/window_008 ok
[17:04:30] foresight 2023-07-23_12-52-39/window_006 ok
[17:04:30] foresight 2023-07-23_12-52-39/window_005 ok
[17:04:30] foresight 2023-07-23_12-52-39/window_007 ok
[17:04:32] foresight 2023-07-23_12-52-39/window_003 ok
[17:04:33] foresight t1/window_001 ok
[17:04:34] foresight t1/window_004 ok
[17:04:35] foresight t1/window_003 ok
[17:04:36] foresight t1/window_002 ok
[17:04:37] foresight 2023-07-23_12-52-39/window_002 ok
[17:04:38] foresight t1/window_007 ok
[17:04:38] foresight 2023-07-23_12-52-39/window_009 ok
[17:04:44] foresight t1/window_008 ok
[17:04:45] foresight t1/window_011 ok
[17:04:46] foresight t1/window_010 ok
[17:04:48] foresight t1/window_012 ok
[17:04:48] foresight t1/window_006 ok
[17:04:48] foresight t2/window_002 ok
[17:04:48] foresight t1/window_005 ok
[17:04:49] foresight t2/window_004 ok
[17:04:50] foresight t2/window_007 ok
[17:04:50] foresight t2/window_005 ok
[17:04:51] foresight t1/window_009 ok
[17:04:54] foresight t2/window_009 ok
[17:04:55] foresight t2/window_006 ok
[17:04:57] foresight t2/window_003 ok
[17:04:57] foresight t2/window_001 ok
[17:05:02] foresight t2/window_008 ok
[17:05:03] foresight t2/window_011 ok
[17:05:05] foresight t2/window_015 ok
[17:05:05] foresight t2/window_016 ok
[17:05:06] foresight t2/window_014 ok
[17:05:06] foresight t2/window_010 ok
[17:05:07] foresight t2/window_020 ok
[17:05:07] foresight t2/window_018 ok
[17:05:12] foresight t2/window_022 ok
[17:05:12] foresight t2/window_017 ok
[17:05:12] foresight t2/window_012 ok
[17:05:12] hindsight 2023-07-20_18-12-05/window_000 flagged
[17:05:12] foresight t2/window_013 ok
[17:05:13] foresight t2/window_021 ok
[17:05:14] foresight t2/window_019 ok
[17:05:15] foresight t2/window_024 ok
[17:05:16] foresight t2/window_023 ok
[17:05:19] foresight t2/window_027 ok
[17:05:19] foresight t2/window_025 ok
[17:05:20] foresight t2/window_026 ok
[17:05:20] foresight t2/window_032 ok
[17:05:21] foresight t2/window_028 ok
[17:05:22] foresight t2/window_031 ok
[17:05:26] foresight t2/window_030 ok
[17:05:29] foresight t2/window_033 ok
[17:05:31] foresight t2/window_034 ok
[17:05:35] foresight t2/window_029 ok
[17:05:38] hindsight 2023-07-20_18-12-05/window_001 ok
[17:05:39] hindsight 2023-07-20_18-12-05/window_003 ok
[17:05:41] hindsight 2023-07-20_18-12-05/window_002 ok
[17:05:43] hindsight 2023-07-20_18-12-05/window_005 ok
[17:05:44] hindsight 2023-07-20_18-12-05/window_004 ok
[17:05:46] hindsight 2023-07-20_18-12-05/window_006 ok
[17:05:48] hindsight 2023-07-20_18-12-05/window_011 ok
[17:05:49] hindsight 2023-07-20_18-12-05/window_010 ok
[17:05:50] hindsight 2023-07-20_18-12-05/window_008 ok
[17:05:50] hindsight 2023-07-20_18-12-05/window_007 ok
[17:05:50] hindsight 2023-07-20_18-12-05/window_009 ok
[17:05:50] hindsight 2023-07-21_12-38-15/window_000 flagged
[17:05:52] hindsight 2023-07-20_18-12-05/window_013 ok
[17:05:52] hindsight 2023-07-20_18-12-05/window_012 ok
[17:05:58] hindsight 2023-07-20_18-12-05/window_014 ok
[17:06:00] hindsight 2023-07-20_18-12-05/window_016 ok
[17:06:02] hindsight 2023-07-20_18-12-05/window_015 ok
[17:06:08] hindsight 2023-07-20_18-12-05/window_017 ok
[17:06:11] hindsight 2023-07-20_18-12-05/window_018 ok
[17:06:11] hindsight 2023-07-20_18-12-05/window_019 ok
[17:06:12] hindsight 2023-07-20_18-12-05/window_020 ok
[17:06:15] hindsight 2023-07-20_18-12-05/window_025 ok
[17:06:16] hindsight 2023-07-20_18-12-05/window_021 ok
[17:06:16] hindsight 2023-07-20_18-12-05/window_026 ok
[17:06:17] hindsight 2023-07-20_18-12-05/window_022 ok
[17:06:17] hindsight 2023-07-21_12-58-11/window_000 flagged
[17:06:18] hindsight 2023-07-21_12-38-15/window_001 ok
[17:06:19] hindsight 2023-07-21_12-38-15/window_002 ok
[17:06:19] hindsight 2023-07-20_18-12-05/window_023 ok
[17:06:19] hindsight 2023-07-20_18-12-05/window_024 ok
[17:06:23] hindsight 2023-07-21_12-38-15/window_003 ok
[17:06:30] hindsight 2023-07-21_12-38-15/window_004 ok
[17:06:33] hindsight 2023-07-21_12-38-15/window_005 ok
[17:06:35] hindsight 2023-07-21_12-38-15/window_006 ok
[17:06:37] hindsight 2023-07-21_12-38-15/window_009 ok
[17:06:39] hindsight 2023-07-21_12-38-15/window_012 ok
[17:06:39] hindsight 2023-07-21_12-38-15/window_010 ok
[17:06:40] hindsight 2023-07-21_12-38-15/window_007 ok
[17:06:40] hindsight 2023-07-21_12-38-15/window_013 ok
[17:06:40] hindsight 2023-07-21_12-38-15/window_008 ok
[17:06:43] hindsight 2023-07-21_12-58-11/window_003 ok
[17:06:45] hindsight 2023-07-21_12-58-11/window_001 ok
[17:06:46] hindsight 2023-07-21_12-38-15/window_011 ok
[17:06:47] hindsight 2023-07-21_12-58-11/window_002 ok
[17:06:51] hindsight 2023-07-21_12-58-11/window_005 ok
[17:06:51] hindsight 2023-07-21_12-58-11/window_004 ok
[17:06:55] hindsight 2023-07-21_12-58-11/window_006 ok
[17:07:00] hindsight 2023-07-21_12-58-11/window_007 ok
[17:07:04] hindsight 2023-07-21_12-58-11/window_011 ok
[17:07:05] hindsight 2023-07-21_12-58-11/window_009 ok
[17:07:05] hindsight 2023-07-21_12-58-11/window_008 ok
[17:07:06] hindsight 2023-07-21_12-58-11/window_015 ok
[17:07:07] hindsight 2023-07-21_12-58-11/window_010 ok
[17:07:08] hindsight 2023-07-21_12-58-11/window_017 ok
[17:07:10] hindsight 2023-07-21_12-58-11/window_016 ok
[17:07:11] hindsight 2023-07-21_12-58-11/window_012 ok
[17:07:12] hindsight 2023-07-21_12-58-11/window_013 ok
[17:07:13] hindsight 2023-07-21_12-58-11/window_014 ok
[17:07:16] hindsight 2023-07-21_12-58-11/window_019 ok
[17:07:18] hindsight 2023-07-21_12-58-11/window_018 ok
[17:07:20] hindsight 2023-07-21_12-58-11/window_020 ok
[17:07:23] hindsight 2023-07-21_12-58-11/window_028 ok
[17:07:23] hindsight 2023-07-21_12-58-11/window_021 ok
[17:07:23] hindsight 2023-07-21_12-58-11/window_023 ok
[17:07:23] hindsight 2023-07-21_13-43-00/window_000 flagged
[17:07:24] hindsight 2023-07-21_12-58-11/window_022 ok
[17:07:24] hindsight 2023-07-21_12-58-11/window_024 ok
[17:07:31] hindsight 2023-07-21_12-58-11/window_032 ok
[17:07:34] hindsight 2023-07-21_12-58-11/window_026 ok
[17:07:34] hindsight 2023-07-21_12-58-11/window_025 ok
[17:07:35] hindsight 2023-07-21_12-58-11/window_027 ok
[17:07:37] hindsight 2023-07-21_12-58-11/window_029 ok
[17:07:43] hindsight 2023-07-21_12-58-11/window_031 ok
[17:07:44] hindsight 2023-07-21_12-58-11/window_030 ok
[17:07:44] hindsight 2023-07-21_13-59-14/window_000 flagged
[17:07:45] hindsight 2023-07-21_12-58-11/window_033 ok
[17:07:46] hindsight 2023-07-21_12-58-11/window_034 ok
[17:07:48] hindsight 2023-07-21_13-43-00/window_001 ok
[17:07:49] hindsight 2023-07-21_12-58-11/window_037 ok
[17:07:50] hindsight 2023-07-21_12-58-11/window_036 ok
[17:07:50] hindsight 2023-07-21_14-08-29/window_000 flagged
[17:07:51] hindsight 2023-07-21_12-58-11/window_035 ok
[17:07:53] hindsight 2023-07-21_13-43-00/window_002 ok
[17:07:54] hindsight 2023-07-21_12-58-11/window_038 ok
[17:07:57] hindsight 2023-07-21_13-43-00/window_003 ok
[17:07:59] hindsight 2023-07-21_13-43-00/window_004 ok
[17:08:03] hindsight 2023-07-21_13-43-00/window_008 ok
[17:08:04] hindsight 2023-07-21_13-43-00/window_007 ok
[17:08:04] hindsight 2023-07-21_13-43-00/window_006 ok
[17:08:05] hindsight 2023-07-21_13-43-00/window_005 ok
[17:08:07] hindsight 2023-07-21_13-59-14/window_005 ok
[17:08:10] hindsight 2023-07-21_13-59-14/window_002 ok
[17:08:15] hindsight 2023-07-21_13-59-14/window_003 ok
[17:08:15] hindsight 2023-07-21_13-59-14/window_001 ok
[17:08:17] hindsight 2023-07-21_13-43-00/window_009 ok
[17:08:18] hindsight 2023-07-21_13-59-14/window_004 ok
[17:08:19] hindsight 2023-07-21_14-08-29/window_003 ok
[17:08:20] hindsight 2023-07-21_14-08-29/window_001 ok
[17:08:20] hindsight 2023-07-21_14-08-29/window_002 ok
[17:08:22] hindsight 2023-07-21_14-08-29/window_004 ok
[17:08:23] hindsight 2023-07-21_14-08-29/window_005 ok
[17:08:26] hindsight 2023-07-21_14-08-29/window_006 ok
[17:08:32] hindsight 2023-07-21_14-08-29/window_007 ok
[17:08:33] hindsight 2023-07-21_14-08-29/window_010 ok
[17:08:34] hindsight 2023-07-21_14-08-29/window_009 ok
[17:08:34] hindsight 2023-07-21_14-08-29/window_008 ok
[17:08:36] hindsight 2023-07-21_14-08-29/window_011 ok
[17:08:37] hindsight 2023-07-21_14-08-29/window_012 ok
[17:08:39] hindsight 2023-07-21_14-08-29/window_019 ok
[17:08:39] hindsight 2023-07-21_14-44-56/window_000 flagged
[17:08:39] hindsight 2023-07-21_14-08-29/window_016 ok
[17:08:40] hindsight 2023-07-21_14-08-29/window_015 ok
[17:08:41] hindsight 2023-07-21_14-08-29/window_013 ok
[17:08:41] hindsight 2023-07-21_17-07-00/window_000 flagged
[17:08:41] hindsight 2023-07-21_14-08-29/window_014 ok
[17:08:44] hindsight 2023-07-21_14-08-29/window_021 ok
[17:08:46] hindsight 2023-07-21_14-08-29/window_022 ok
[17:08:48] hindsight 2023-07-21_14-08-29/window_020 ok
[17:08:49] hindsight 2023-07-21_14-08-29/window_023 ok
[17:08:50] hindsight 2023-07-21_14-08-29/window_018 ok
[17:08:50] hindsight 2023-07-21_14-08-29/window_026 ok
[17:08:50] hindsight 2023-07-21_14-08-29/window_017 ok
[17:08:56] hindsight 2023-07-21_17-07-00/window_001 ok
[17:09:00] hindsight 2023-07-21_14-08-29/window_024 ok
[17:09:00] hindsight 2023-07-21_14-08-29/window_028 ok
[17:09:00] hindsight 2023-07-21_14-08-29/window_025 ok
[17:09:02] hindsight 2023-07-21_14-08-29/window_027 ok
[17:09:04] hindsight 2023-07-21_17-07-00/window_002 ok
[17:09:05] hindsight 2023-07-21_14-44-56/window_001 ok
[17:09:09] hindsight 2023-07-21_14-44-56/window_002 ok
[17:09:10] hindsight 2023-07-21_14-44-56/window_003 ok
[17:09:11] hindsight 2023-07-21_17-07-00/window_004 ok
[17:09:11] hindsight 2023-07-21_17-07-00/window_003 ok
[17:09:14] hindsight 2023-07-21_17-07-00/window_005 ok
[17:09:15] hindsight 2023-07-21_17-07-00/window_006 ok
[17:09:18] hindsight 2023-07-21_17-07-00/window_007 ok
[17:09:18] hindsight 2023-07-21_17-07-00/window_023 flagged
[17:09:18] hindsight 2023-07-21_17-07-00/window_024 flagged
[17:09:18] hindsight 2023-07-21_17-34-18/window_000 flagged
[17:09:19] hindsight 2023-07-21_17-07-00/window_008 ok
[17:09:22] hindsight 2023-07-21_17-07-00/window_014 ok
[17:09:22] hindsight 2023-07-21_17-07-00/window_009 ok
[17:09:23] hindsight 2023-07-21_17-07-00/window_012 ok
[17:09:25] hindsight 2023-07-21_17-07-00/window_010 ok
[17:09:25] hindsight 2023-07-21_17-07-00/window_011 ok
[17:09:26] hindsight 2023-07-21_17-07-00/window_013 ok
[17:09:31] hindsight 2023-07-21_17-07-00/window_015 ok
[17:09:31] hindsight 2023-07-21_17-45-42/window_000 flagged
[17:09:34] hindsight 2023-07-21_17-07-00/window_016 ok
[17:09:37] hindsight 2023-07-21_17-07-00/window_017 ok
[17:09:38] hindsight 2023-07-21_17-07-00/window_018 ok
[17:09:40] hindsight 2023-07-21_17-34-18/window_005 ok
[17:09:41] hindsight 2023-07-21_17-07-00/window_021 ok
[17:09:42] hindsight 2023-07-21_17-07-00/window_020 ok
[17:09:42] hindsight 2023-07-21_17-07-00/window_019 ok
[17:09:43] hindsight 2023-07-21_17-34-18/window_001 ok
[17:09:46] hindsight 2023-07-21_17-07-00/window_022 ok
[17:09:48] hindsight 2023-07-21_17-34-18/window_002 ok
[17:09:50] hindsight 2023-07-21_17-34-18/window_003 ok
[17:09:50] hindsight 2023-07-21_17-34-18/window_004 ok
[17:09:51] hindsight 2023-07-21_17-34-18/window_006 ok
[17:09:55] hindsight 2023-07-21_17-45-42/window_002 ok
[17:09:55] hindsight 2023-07-21_17-34-18/window_008 ok
[17:09:55] hindsight 2023-07-21_17-45-42/window_001 ok
[17:09:56] hindsight 2023-07-21_17-34-18/window_007 ok
[17:10:06] hindsight 2023-07-21_17-45-42/window_006 ok
[17:10:06] hindsight 2023-07-21_17-45-42/window_003 ok
[17:10:07] hindsight 2023-07-21_17-45-42/window_008 ok
[17:10:08] hindsight 2023-07-21_17-45-42/window_004 ok
[17:10:10] hindsight 2023-07-21_17-45-42/window_005 ok
[17:10:10] hindsight 2023-07-21_17-45-42/window_007 ok
[17:10:13] hindsight 2023-07-21_17-45-42/window_012 ok
[17:10:14] hindsight 2023-07-21_17-45-42/window_009 ok
[17:10:14] hindsight 2023-07-22_13-00-57/window_000 flagged
[17:10:17] hindsight 2023-07-21_17-45-42/window_010 ok
[17:10:19] hindsight 2023-07-21_17-45-42/window_013 ok
[17:10:19] hindsight 2023-07-21_17-45-42/window_011 ok
[17:10:20] hindsight 2023-07-21_17-45-42/window_017 ok
[17:10:24] hindsight 2023-07-21_17-45-42/window_015 ok
[17:10:24] hindsight 2023-07-22_13-00-57/window_006 flagged
[17:10:24] hindsight 2023-07-21_17-45-42/window_014 ok
[17:10:24] hindsight 2023-07-22_13-28-55/window_000 flagged
[17:10:26] hindsight 2023-07-21_17-45-42/window_016 ok
[17:10:28] hindsight 2023-07-21_17-45-42/window_018 ok
[17:10:37] hindsight 2023-07-22_13-00-57/window_007 ok
[17:10:37] hindsight 2023-07-22_13-00-57/window_005 ok
[17:10:37] hindsight 2023-07-21_17-45-42/window_019 ok
[17:10:38] hindsight 2023-07-21_17-45-42/window_020 ok
[17:10:38] hindsight 2023-07-21_17-45-42/window_021 ok
[17:10:39] hindsight 2023-07-22_13-00-57/window_001 ok
[17:10:40] hindsight 2023-07-21_17-45-42/window_022 ok
[17:10:41] hindsight 2023-07-22_13-00-57/window_004 ok
[17:10:42] hindsight 2023-07-21_17-45-42/window_023 ok
[17:10:42] hindsight 2023-07-21_17-45-42/window_024 ok
[17:10:43] hindsight 2023-07-21_17-45-42/window_025 ok
[17:10:48] hindsight 2023-07-22_13-00-57/window_002 ok
[17:10:48] hindsight 2023-07-22_13-00-57/window_003 ok
[17:10:55] hindsight 2023-07-22_13-28-55/window_001 ok
[17:10:55] hindsight 2023-07-22_13-28-55/window_002 ok
[17:10:58] hindsight 2023-07-22_13-28-55/window_007 ok
[17:10:59] hindsight 2023-07-22_13-28-55/window_003 ok
[17:11:00] hindsight 2023-07-22_13-28-55/window_008 ok
[17:11:02] hindsight 2023-07-22_13-28-55/window_005 ok
[17:11:06] hindsight 2023-07-22_13-28-55/window_012 ok
[17:11:06] hindsight 2023-07-22_16-24-27/window_000 flagged
[17:11:07] hindsight 2023-07-22_13-28-55/window_006 ok
[17:11:08] hindsight 2023-07-22_13-28-55/window_013 ok
[17:11:08] hindsight 2023-07-22_13-28-55/window_009 ok
[17:11:09] hindsight 2023-07-22_13-28-55/window_004 ok
[17:11:09] hindsight 2023-07-22_13-28-55/window_014 ok
[17:11:10] hindsight 2023-07-22_13-28-55/window_010 ok
[17:11:11] hindsight 2023-07-22_13-28-55/window_011 ok
[17:11:16] hindsight 2023-07-22_13-28-55/window_021 ok
[17:11:19] hindsight 2023-07-22_13-28-55/window_015 ok
[17:11:19] hindsight 2023-07-22_13-28-55/window_019 ok
[17:11:20] hindsight 2023-07-22_13-28-55/window_018 ok
[17:11:21] hindsight 2023-07-22_13-28-55/window_016 ok
[17:11:21] hindsight 2023-07-22_13-28-55/window_017 ok
[17:11:27] hindsight 2023-07-22_13-28-55/window_020 ok
[17:11:34] hindsight 2023-07-22_13-28-55/window_022 ok
[17:11:38] hindsight 2023-07-22_16-24-27/window_006 ok
[17:11:39] hindsight 2023-07-22_16-24-27/window_001 ok
[17:11:39] hindsight 2023-07-22_16-24-27/window_002 ok
[17:11:40] hindsight 2023-07-22_16-24-27/window_004 ok
[17:11:40] hindsight 2023-07-22_16-24-27/window_007 ok
[17:11:40] hindsight 2023-07-22_16-24-27/window_003 ok
[17:11:42] hindsight 2023-07-22_16-24-27/window_008 ok
[17:11:42] hindsight 2023-07-22_16-24-27/window_005 ok
[17:11:43] hindsight 2023-07-22_16-24-27/window_009 ok
[17:11:47] hindsight 2023-07-22_16-24-27/window_010 ok
[17:11:49] hindsight 2023-07-22_16-24-27/window_014 ok
[17:11:49] hindsight 2023-07-22_16-24-27/window_011 ok
[17:11:49] hindsight 2023-07-22_16-24-27/window_012 ok
[17:11:50] hindsight 2023-07-22_16-24-27/window_013 ok
[17:11:59] hindsight 2023-07-22_16-24-27/window_015 ok
[17:12:00] hindsight 2023-07-22_16-24-27/window_016 ok
[17:12:02] hindsight 2023-07-22_16-24-27/window_021 ok
[17:12:04] hindsight 2023-07-22_16-24-27/window_019 ok
[17:12:05] hindsight 2023-07-22_16-24-27/window_020 ok
[17:12:07] hindsight 2023-07-22_16-24-27/window_023 ok
[17:12:10] hindsight 2023-07-22_16-24-27/window_017 ok
[17:12:10] hindsight 2023-07-22_16-24-27/window_026 ok
[17:12:10] hindsight 2023-07-22_16-24-27/window_025 ok
[17:12:10] hindsight 2023-07-22_16-24-27/window_024 ok
[17:12:10] hindsight 2023-07-22_16-24-27/window_018 ok
[17:12:12] hindsight 2023-07-22_16-24-27/window_022 ok
[17:12:13] hindsight 2023-07-22_16-24-27/window_029 ok
[17:12:13] hindsight 2023-07-22_16-24-27/window_027 ok
[17:12:18] hindsight 2023-07-22_16-24-27/window_028 ok
[17:12:22] hindsight 2023-07-22_16-24-27/window_030 ok
[17:12:23] hindsight 2023-07-22_16-24-27/window_034 ok
[17:12:26] hindsight 2023-07-22_16-24-27/window_032 ok
[17:12:29] hindsight 2023-07-22_16-24-27/window_031 ok
[17:12:30] hindsight 2023-07-22_16-24-27/window_035 ok
[17:12:31] hindsight 2023-07-22_16-24-27/window_033 ok
[17:12:34] hindsight 2023-07-22_16-24-27/window_038 ok
[17:12:34] hindsight 2023-07-22_17-18-36/window_000 flagged
[17:12:34] hindsight 2023-07-22_17-31-58/window_000 flagged
[17:12:36] hindsight 2023-07-22_16-24-27/window_036 ok
[17:12:36] hindsight 2023-07-22_17-38-50/window_000 flagged
[17:12:36] hindsight 2023-07-22_16-24-27/window_039 ok
[17:12:39] hindsight 2023-07-22_16-24-27/window_040 ok
[17:12:40] hindsight 2023-07-22_16-24-27/window_042 ok
[17:12:41] hindsight 2023-07-22_16-24-27/window_041 ok
[17:12:41] hindsight 2023-07-22_16-24-27/window_037 ok
[17:12:43] hindsight 2023-07-22_16-24-27/window_043 ok
[17:12:44] hindsight 2023-07-22_16-24-27/window_044 ok
[17:12:49] hindsight 2023-07-22_16-24-27/window_045 ok
[17:12:49] hindsight 2023-07-22_16-24-27/window_049 ok
[17:12:51] hindsight 2023-07-22_16-24-27/window_047 ok
[17:12:51] hindsight 2023-07-22_16-24-27/window_050 ok
[17:12:52] hindsight 2023-07-22_16-24-27/window_048 ok
[17:12:54] hindsight 2023-07-22_16-24-27/window_046 ok
[17:13:00] hindsight 2023-07-22_17-31-58/window_001 ok
[17:13:00] hindsight 2023-07-22_16-24-27/window_051 ok
[17:13:00] hindsight 2023-07-23_11-23-18/window_000 flagged
[17:13:04] hindsight 2023-07-22_17-38-50/window_002 ok
[17:13:05] hindsight 2023-07-22_17-38-50/window_008 ok
[17:13:06] hindsight 2023-07-22_17-38-50/window_001 ok
[17:13:10] hindsight 2023-07-22_17-38-50/window_004 ok
[17:13:11] hindsight 2023-07-22_17-38-50/window_006 ok
[17:13:11] hindsight 2023-07-22_17-38-50/window_005 ok
[17:13:12] hindsight 2023-07-22_17-38-50/window_003 ok
[17:13:13] hindsight 2023-07-22_17-38-50/window_007 ok
[17:13:17] hindsight 2023-07-22_17-38-50/window_009 ok
[17:13:21] hindsight 2023-07-22_17-38-50/window_010 ok
[17:13:21] hindsight 2023-07-22_17-38-50/window_011 ok
[17:13:22] hindsight 2023-07-22_17-38-50/window_012 ok
[17:13:23] hindsight 2023-07-22_17-38-50/window_014 ok
[17:13:24] hindsight 2023-07-22_17-38-50/window_013 ok
[17:13:31] hindsight 2023-07-23_11-23-18/window_002 ok
[17:13:33] hindsight 2023-07-23_11-23-18/window_001 ok
[17:13:35] hindsight 2023-07-23_11-23-18/window_003 ok
[17:13:36] hindsight 2023-07-23_11-23-18/window_004 ok
[17:13:39] hindsight 2023-07-23_11-23-18/window_005 ok
[17:13:41] hindsight 2023-07-23_11-23-18/window_008 ok
[17:13:41] hindsight 2023-07-23_11-52-09/window_000 unscoreable
[17:13:42] hindsight 2023-07-23_11-23-18/window_006 ok
[17:13:44] hindsight 2023-07-23_11-23-18/window_007 ok
[17:13:45] hindsight 2023-07-23_11-23-18/window_009 ok
[17:13:45] hindsight 2023-07-23_11-23-18/window_010 ok
[17:13:47] hindsight 2023-07-23_11-23-18/window_012 ok
[17:13:48] hindsight 2023-07-23_11-23-18/window_014 ok
[17:13:50] hindsight 2023-07-23_11-23-18/window_011 ok
[17:13:53] hindsight 2023-07-23_11-23-18/window_013 ok
[17:13:55] hindsight 2023-07-23_11-23-18/window_015 ok
[17:13:56] hindsight 2023-07-23_11-23-18/window_016 ok
[17:14:02] hindsight 2023-07-23_11-23-18/window_017 ok
[17:14:03] hindsight 2023-07-23_11-23-18/window_021 ok
[17:14:04] hindsight 2023-07-23_11-23-18/window_020 ok
[17:14:05] hindsight 2023-07-23_11-23-18/window_018 ok
[17:14:07] hindsight 2023-07-23_11-23-18/window_019 ok
[17:14:10] hindsight 2023-07-23_11-52-09/window_001 ok
[17:14:10] hindsight 2023-07-23_11-52-09/window_003 ok
[17:14:11] hindsight 2023-07-23_11-52-09/window_005 ok
[17:14:11] hindsight 2023-07-23_11-52-09/window_010 ok
[17:14:13] hindsight 2023-07-23_11-52-09/window_002 ok
[17:14:14] hindsight 2023-07-23_11-52-09/window_006 ok
[17:14:14] hindsight 2023-07-23_12-52-39/window_000 flagged
[17:14:15] hindsight 2023-07-23_11-52-09/window_004 ok
[17:14:16] hindsight 2023-07-23_11-52-09/window_007 ok
[17:14:17] hindsight 2023-07-23_11-52-09/window_011 ok
[17:14:17] hindsight 2023-07-23_11-52-09/window_008 ok
[17:14:19] hindsight 2023-07-23_11-52-09/window_009 ok
[17:14:23] hindsight 2023-07-23_11-52-09/window_013 ok
[17:14:31] hindsight 2023-07-23_11-52-09/window_014 ok
[17:14:32] hindsight 2023-07-23_11-52-09/window_012 ok
[17:14:33] hindsight 2023-07-23_11-52-09/window_015 ok
[17:14:33] hindsight t1/window_000 flagged
[17:14:33] hindsight 2023-07-23_12-52-39/window_001 ok
[17:14:33] hindsight 2023-07-23_11-52-09/window_021 ok
[17:14:33] hindsight 2023-07-23_11-52-09/window_018 ok
[17:14:34] hindsight 2023-07-23_11-52-09/window_016 ok
[17:14:34] hindsight 2023-07-23_12-52-39/window_002 ok
[17:14:34] hindsight 2023-07-23_11-52-09/window_020 ok
[17:14:35] hindsight 2023-07-23_11-52-09/window_019 ok
[17:14:39] hindsight 2023-07-23_12-52-39/window_003 ok
[17:14:39] hindsight 2023-07-23_11-52-09/window_017 ok
[17:14:39] hindsight 2023-07-23_12-52-39/window_005 ok
[17:14:44] hindsight 2023-07-23_12-52-39/window_007 ok
[17:14:44] hindsight 2023-07-23_12-52-39/window_006 ok
[17:14:44] hindsight t2/window_000 unscoreable
[17:14:45] hindsight 2023-07-23_12-52-39/window_004 ok
[17:14:53] hindsight 2023-07-23_12-52-39/window_009 ok
[17:14:53] hindsight t1/window_001 ok
[17:14:57] hindsight 2023-07-23_12-52-39/window_008 ok
[17:14:58] hindsight t1/window_003 ok
[17:14:59] hindsight t1/window_002 ok
[17:15:00] hindsight t1/window_006 ok
[17:15:00] hindsight t1/window_012 ok
[17:15:00] hindsight t1/window_005 ok
[17:15:02] hindsight t1/window_010 ok
[17:15:02] hindsight t1/window_011 ok
[17:15:03] hindsight t1/window_008 ok
[17:15:03] hindsight t1/window_007 ok
[17:15:03] hindsight t1/window_004 ok
[17:15:05] hindsight t1/window_009 ok
[17:15:09] hindsight t2/window_001 ok
[17:15:11] hindsight t2/window_002 ok
[17:15:19] hindsight t2/window_004 ok
[17:15:20] hindsight t2/window_003 ok
[17:15:25] hindsight t2/window_007 ok
[17:15:25] hindsight t2/window_011 ok
[17:15:26] hindsight t2/window_010 ok
[17:15:28] hindsight t2/window_012 ok
[17:15:28] hindsight t2/window_014 ok
[17:15:29] hindsight t2/window_009 ok
[17:15:29] hindsight t2/window_005 ok
[17:15:29] hindsight t2/window_008 ok
[17:15:30] hindsight t2/window_006 ok
[17:15:32] hindsight t2/window_016 ok
[17:15:32] hindsight t2/window_013 ok
[17:15:32] hindsight t2/window_015 ok
[17:15:38] hindsight t2/window_017 ok
[17:15:42] hindsight t2/window_018 ok
[17:15:48] hindsight t2/window_019 ok
[17:15:53] hindsight t2/window_020 ok
[17:15:56] hindsight t2/window_026 ok
[17:15:57] hindsight t2/window_021 ok
[17:15:57] hindsight t2/window_023 ok
[17:15:57] hindsight t2/window_027 ok
[17:15:57] hindsight t2/window_022 ok
[17:15:59] hindsight t2/window_024 ok
[17:16:01] hindsight t2/window_025 ok
[17:16:01] hindsight t2/window_032 ok
[17:16:02] hindsight t2/window_030 ok
[17:16:02] hindsight t2/window_031 ok
[17:16:02] hindsight t2/window_028 ok
[17:16:02] hindsight t2/window_029 ok
[17:16:04] hindsight t2/window_033 ok
[17:16:06] hindsight t2/window_034 ok

== foresight: 363 windows; referee skew median 0.28, excess kurtosis 0.17
  clark-corr  relE 1.98e-03 relSD 0.027 sd/mc 0.995 | CVaR abs err med q90/95/99 0.0045 / 0.0067 / 0.0122 | rel med 0.011 / 0.015 / 0.026
  clark       relE 1.98e-03 relSD 0.060 sd/mc 0.940 | CVaR abs err med q90/95/99 0.0087 / 0.0110 / 0.0183 | rel med 0.019 / 0.025 / 0.038
  fosm        relE 2.35e-02 relSD 0.039 sd/mc 1.001 | CVaR abs err med q90/95/99 0.0126 / 0.0136 / 0.0161 | rel med 0.027 / 0.029 / 0.035
  mc-moments  relE 4.81e-10 relSD 0.007 sd/mc 0.995 | CVaR abs err med q90/95/99 0.0038 / 0.0058 / 0.0114 | rel med 0.010 / 0.015 / 0.027
  decomposition: fold sd err vs true-moment quadratic form 0.053; Gaussian quadratic-form sd err on true moments 0.007
  Gaussian CVaR on the referee's own moments, rel err median q90/95/99: 0.009 / 0.014 / 0.026; p95: 0.035 / 0.053 / 0.103

== hindsight: 368 windows; referee skew median 0.21, excess kurtosis 0.09
  clark-corr  relE 8.47e-04 relSD 0.019 sd/mc 1.012 | CVaR abs err med q90/95/99 0.0019 / 0.0032 / 0.0061 | rel med 0.005 / 0.008 / 0.014
  clark       relE 8.47e-04 relSD 0.036 sd/mc 0.964 | CVaR abs err med q90/95/99 0.0054 / 0.0073 / 0.0110 | rel med 0.011 / 0.015 / 0.023
  fosm        relE 1.45e-02 relSD 0.026 sd/mc 0.996 | CVaR abs err med q90/95/99 0.0075 / 0.0088 / 0.0095 | rel med 0.013 / 0.015 / 0.018
  mc-moments  relE 4.82e-10 relSD 0.003 sd/mc 0.999 | CVaR abs err med q90/95/99 0.0023 / 0.0037 / 0.0067 | rel med 0.006 / 0.009 / 0.017
  decomposition: fold sd err vs true-moment quadratic form 0.034; Gaussian quadratic-form sd err on true moments 0.003
  Gaussian CVaR on the referee's own moments, rel err median q90/95/99: 0.006 / 0.009 / 0.017; p95: 0.029 / 0.043 / 0.076
wrote out/v2/tail_decomp
