763 windows, 24 workers
[18:02:23] foresight 2023-07-20_18-12-05/window_003 flagged
[18:02:27] foresight 2023-07-20_18-12-05/window_009 ok
[18:02:27] foresight 2023-07-20_18-12-05/window_019 ok
[18:02:27] foresight 2023-07-20_18-12-05/window_014 ok
[18:02:27] foresight 2023-07-20_18-12-05/window_006 ok
[18:02:27] foresight 2023-07-20_18-12-05/window_013 ok
[18:02:27] foresight 2023-07-20_18-12-05/window_017 ok
[18:02:27] foresight 2023-07-20_18-12-05/window_002 ok
[18:02:28] foresight 2023-07-20_18-12-05/window_010 ok
[18:02:28] foresight 2023-07-20_18-12-05/window_012 ok
[18:02:28] foresight 2023-07-20_18-12-05/window_022 ok
[18:02:28] foresight 2023-07-20_18-12-05/window_004 ok
[18:02:29] foresight 2023-07-20_18-12-05/window_015 ok
[18:02:29] foresight 2023-07-20_18-12-05/window_011 ok
[18:02:29] foresight 2023-07-20_18-12-05/window_007 ok
[18:02:29] foresight 2023-07-20_18-12-05/window_005 ok
[18:02:29] foresight 2023-07-20_18-12-05/window_018 ok
[18:02:29] foresight 2023-07-20_18-12-05/window_024 ok
[18:02:29] foresight 2023-07-20_18-12-05/window_016 ok
[18:02:29] foresight 2023-07-20_18-12-05/window_020 ok
[18:02:30] foresight 2023-07-20_18-12-05/window_021 ok
[18:02:33] foresight 2023-07-20_18-12-05/window_001 ok
[18:02:33] foresight 2023-07-20_18-12-05/window_023 ok
[18:02:34] foresight 2023-07-21_12-38-15/window_001 ok
[18:02:34] foresight 2023-07-20_18-12-05/window_008 ok
[18:02:35] foresight 2023-07-21_12-38-15/window_003 ok
[18:02:36] foresight 2023-07-20_18-12-05/window_025 ok
[18:02:36] foresight 2023-07-21_12-38-15/window_002 ok
[18:02:37] foresight 2023-07-21_12-38-15/window_008 ok
[18:02:37] foresight 2023-07-21_12-38-15/window_004 ok
[18:02:38] foresight 2023-07-21_12-38-15/window_010 ok
[18:02:38] foresight 2023-07-21_12-38-15/window_009 ok
[18:02:38] foresight 2023-07-21_12-58-11/window_005 ok
[18:02:39] foresight 2023-07-21_12-58-11/window_002 ok
[18:02:39] foresight 2023-07-21_12-58-11/window_004 ok
[18:02:39] foresight 2023-07-21_12-38-15/window_011 ok
[18:02:39] foresight 2023-07-21_12-58-11/window_006 ok
[18:02:40] foresight 2023-07-21_12-38-15/window_005 ok
[18:02:40] foresight 2023-07-21_12-38-15/window_006 ok
[18:02:40] foresight 2023-07-21_12-58-11/window_001 ok
[18:02:41] foresight 2023-07-21_12-38-15/window_007 ok
[18:02:41] foresight 2023-07-20_18-12-05/window_026 ok
[18:02:41] foresight 2023-07-21_12-38-15/window_013 ok
[18:02:42] foresight 2023-07-21_12-38-15/window_012 ok
[18:02:42] foresight 2023-07-21_12-58-11/window_007 ok
[18:02:43] foresight 2023-07-21_12-58-11/window_010 ok
[18:02:44] foresight 2023-07-21_12-58-11/window_003 ok
[18:02:44] foresight 2023-07-21_12-58-11/window_008 ok
[18:02:45] foresight 2023-07-21_12-58-11/window_009 ok
[18:02:45] foresight 2023-07-21_12-58-11/window_013 ok
[18:02:47] foresight 2023-07-21_12-58-11/window_012 ok
[18:02:48] foresight 2023-07-21_12-58-11/window_016 ok
[18:02:48] foresight 2023-07-21_12-58-11/window_011 ok
[18:02:48] foresight 2023-07-21_12-58-11/window_017 ok
[18:02:49] foresight 2023-07-21_12-58-11/window_015 ok
[18:02:50] foresight 2023-07-21_12-58-11/window_022 ok
[18:02:50] foresight 2023-07-21_12-58-11/window_026 ok
[18:02:50] foresight 2023-07-21_12-58-11/window_028 ok
[18:02:50] foresight 2023-07-21_12-58-11/window_020 ok
[18:02:51] foresight 2023-07-21_12-58-11/window_024 ok
[18:02:51] foresight 2023-07-21_12-58-11/window_031 ok
[18:02:51] foresight 2023-07-21_12-58-11/window_027 ok
[18:02:51] foresight 2023-07-21_12-58-11/window_025 ok
[18:02:52] foresight 2023-07-21_12-58-11/window_023 ok
[18:02:52] foresight 2023-07-21_12-58-11/window_014 ok
[18:02:53] foresight 2023-07-21_12-58-11/window_030 ok
[18:02:53] foresight 2023-07-21_12-58-11/window_018 ok
[18:02:54] foresight 2023-07-21_12-58-11/window_033 ok
[18:02:54] foresight 2023-07-21_12-58-11/window_035 ok
[18:02:55] foresight 2023-07-21_12-58-11/window_021 ok
[18:02:55] foresight 2023-07-21_12-58-11/window_034 ok
[18:02:56] foresight 2023-07-21_12-58-11/window_019 ok
[18:02:56] foresight 2023-07-21_12-58-11/window_029 ok
[18:02:56] foresight 2023-07-21_12-58-11/window_032 ok
[18:02:58] foresight 2023-07-21_13-43-00/window_002 ok
[18:02:59] foresight 2023-07-21_12-58-11/window_037 ok
[18:02:59] foresight 2023-07-21_12-58-11/window_038 ok
[18:03:00] foresight 2023-07-21_13-43-00/window_008 ok
[18:03:00] foresight 2023-07-21_12-58-11/window_036 ok
[18:03:00] foresight 2023-07-21_13-43-00/window_005 ok
[18:03:01] foresight 2023-07-21_13-43-00/window_009 ok
[18:03:01] foresight 2023-07-21_13-59-14/window_003 ok
[18:03:02] foresight 2023-07-21_13-43-00/window_004 ok
[18:03:02] foresight 2023-07-21_13-59-14/window_001 ok
[18:03:02] foresight 2023-07-21_13-43-00/window_001 ok
[18:03:02] foresight 2023-07-21_13-59-14/window_004 ok
[18:03:02] foresight 2023-07-21_13-43-00/window_006 ok
[18:03:04] foresight 2023-07-21_13-59-14/window_002 ok
[18:03:05] foresight 2023-07-21_13-59-14/window_005 ok
[18:03:06] foresight 2023-07-21_14-08-29/window_006 ok
[18:03:06] foresight 2023-07-21_13-43-00/window_003 ok
[18:03:06] foresight 2023-07-21_13-43-00/window_007 ok
[18:03:06] foresight 2023-07-21_14-08-29/window_001 ok
[18:03:08] foresight 2023-07-21_14-08-29/window_009 ok
[18:03:08] foresight 2023-07-21_14-08-29/window_008 ok
[18:03:08] foresight 2023-07-21_14-08-29/window_003 ok
[18:03:08] foresight 2023-07-21_14-44-56/window_001 flagged
[18:03:08] foresight 2023-07-21_14-08-29/window_011 ok
[18:03:09] foresight 2023-07-21_14-08-29/window_005 ok
[18:03:09] foresight 2023-07-21_14-08-29/window_012 ok
[18:03:09] foresight 2023-07-21_14-08-29/window_004 ok
[18:03:10] foresight 2023-07-21_14-08-29/window_002 ok
[18:03:10] foresight 2023-07-21_14-08-29/window_016 ok
[18:03:10] foresight 2023-07-21_14-08-29/window_007 ok
[18:03:11] foresight 2023-07-21_14-08-29/window_010 ok
[18:03:11] foresight 2023-07-21_14-08-29/window_015 ok
[18:03:11] foresight 2023-07-21_14-08-29/window_014 ok
[18:03:11] foresight 2023-07-21_14-08-29/window_019 ok
[18:03:11] foresight 2023-07-21_14-08-29/window_018 ok
[18:03:12] foresight 2023-07-21_14-08-29/window_017 ok
[18:03:12] foresight 2023-07-21_14-08-29/window_020 ok
[18:03:15] foresight 2023-07-21_14-44-56/window_002 ok
[18:03:15] foresight 2023-07-21_14-08-29/window_013 ok
[18:03:15] foresight 2023-07-21_14-08-29/window_022 ok
[18:03:15] foresight 2023-07-21_14-08-29/window_024 ok
[18:03:16] foresight 2023-07-21_14-44-56/window_003 ok
[18:03:17] foresight 2023-07-21_14-08-29/window_025 ok
[18:03:17] foresight 2023-07-21_14-08-29/window_027 ok
[18:03:18] foresight 2023-07-21_14-08-29/window_028 ok
[18:03:18] foresight 2023-07-21_14-08-29/window_023 ok
[18:03:19] foresight 2023-07-21_14-08-29/window_026 ok
[18:03:19] foresight 2023-07-21_17-07-00/window_023 flagged
[18:03:19] foresight 2023-07-21_17-07-00/window_024 flagged
[18:03:20] foresight 2023-07-21_14-08-29/window_021 ok
[18:03:20] foresight 2023-07-21_17-34-18/window_002 flagged
[18:03:20] foresight 2023-07-21_17-07-00/window_005 ok
[18:03:20] foresight 2023-07-21_17-07-00/window_007 ok
[18:03:20] foresight 2023-07-21_17-07-00/window_003 ok
[18:03:20] foresight 2023-07-21_17-07-00/window_002 ok
[18:03:20] foresight 2023-07-21_17-07-00/window_009 ok
[18:03:20] foresight 2023-07-21_17-07-00/window_011 ok
[18:03:21] foresight 2023-07-21_17-07-00/window_001 ok
[18:03:21] foresight 2023-07-21_17-07-00/window_008 ok
[18:03:21] foresight 2023-07-21_17-07-00/window_004 ok
[18:03:21] foresight 2023-07-21_17-07-00/window_010 ok
[18:03:23] foresight 2023-07-21_17-07-00/window_012 ok
[18:03:23] foresight 2023-07-21_17-07-00/window_006 ok
[18:03:25] foresight 2023-07-21_17-07-00/window_018 ok
[18:03:25] foresight 2023-07-21_17-34-18/window_003 ok
[18:03:25] foresight 2023-07-21_17-34-18/window_004 ok
[18:03:25] foresight 2023-07-21_17-07-00/window_016 ok
[18:03:25] foresight 2023-07-21_17-07-00/window_017 ok
[18:03:25] foresight 2023-07-21_17-07-00/window_013 ok
[18:03:26] foresight 2023-07-21_17-07-00/window_020 ok
[18:03:27] foresight 2023-07-21_17-07-00/window_014 ok
[18:03:28] foresight 2023-07-21_17-07-00/window_019 ok
[18:03:29] foresight 2023-07-21_17-34-18/window_005 ok
[18:03:29] foresight 2023-07-21_17-34-18/window_001 ok
[18:03:29] foresight 2023-07-21_17-07-00/window_021 ok
[18:03:30] foresight 2023-07-21_17-34-18/window_006 ok
[18:03:30] foresight 2023-07-21_17-34-18/window_008 ok
[18:03:30] foresight 2023-07-21_17-45-42/window_021 flagged
[18:03:30] foresight 2023-07-21_17-34-18/window_007 ok
[18:03:30] foresight 2023-07-21_17-45-42/window_004 ok
[18:03:31] foresight 2023-07-21_17-07-00/window_022 ok
[18:03:31] foresight 2023-07-21_17-07-00/window_015 ok
[18:03:31] foresight 2023-07-21_17-45-42/window_002 ok
[18:03:31] foresight 2023-07-21_17-45-42/window_006 ok
[18:03:31] foresight 2023-07-21_17-45-42/window_001 ok
[18:03:32] foresight 2023-07-21_17-45-42/window_005 ok
[18:03:32] foresight 2023-07-21_17-45-42/window_007 ok
[18:03:32] foresight 2023-07-22_13-00-57/window_006 flagged
[18:03:33] foresight 2023-07-21_17-45-42/window_011 ok
[18:03:35] foresight 2023-07-21_17-45-42/window_008 ok
[18:03:35] foresight 2023-07-21_17-45-42/window_009 ok
[18:03:35] foresight 2023-07-21_17-45-42/window_013 ok
[18:03:35] foresight 2023-07-21_17-45-42/window_022 flagged
[18:03:36] foresight 2023-07-21_17-45-42/window_003 ok
[18:03:36] foresight 2023-07-21_17-45-42/window_014 ok
[18:03:36] foresight 2023-07-22_13-00-57/window_007 ok
[18:03:37] foresight 2023-07-21_17-45-42/window_012 ok
[18:03:38] foresight 2023-07-21_17-45-42/window_010 ok
[18:03:38] foresight 2023-07-22_13-00-57/window_001 ok
[18:03:38] foresight 2023-07-21_17-45-42/window_016 ok
[18:03:39] foresight 2023-07-21_17-45-42/window_023 ok
[18:03:40] foresight 2023-07-21_17-45-42/window_024 ok
[18:03:40] foresight 2023-07-21_17-45-42/window_015 ok
[18:03:40] foresight 2023-07-21_17-45-42/window_020 ok
[18:03:40] foresight 2023-07-22_13-00-57/window_005 ok
[18:03:41] foresight 2023-07-21_17-45-42/window_025 ok
[18:03:41] foresight 2023-07-21_17-45-42/window_019 ok
[18:03:41] foresight 2023-07-21_17-45-42/window_017 ok
[18:03:41] foresight 2023-07-22_13-00-57/window_003 ok
[18:03:42] foresight 2023-07-22_13-28-55/window_001 ok
[18:03:43] foresight 2023-07-22_13-00-57/window_002 ok
[18:03:43] foresight 2023-07-21_17-45-42/window_018 ok
[18:03:43] foresight 2023-07-22_13-00-57/window_004 ok
[18:03:43] foresight 2023-07-22_13-28-55/window_003 ok
[18:03:43] foresight 2023-07-22_13-28-55/window_004 ok
[18:03:44] foresight 2023-07-22_13-28-55/window_002 ok
[18:03:44] foresight 2023-07-22_13-28-55/window_008 ok
[18:03:45] foresight 2023-07-22_13-28-55/window_007 ok
[18:03:46] foresight 2023-07-22_13-28-55/window_006 ok
[18:03:46] foresight 2023-07-22_13-28-55/window_005 ok
[18:03:48] foresight 2023-07-22_13-28-55/window_012 ok
[18:03:48] foresight 2023-07-22_13-28-55/window_011 ok
[18:03:49] foresight 2023-07-22_13-28-55/window_016 ok
[18:03:50] foresight 2023-07-22_13-28-55/window_013 ok
[18:03:50] foresight 2023-07-22_13-28-55/window_015 ok
[18:03:50] foresight 2023-07-22_13-28-55/window_017 ok
[18:03:50] foresight 2023-07-22_13-28-55/window_014 ok
[18:03:51] foresight 2023-07-22_13-28-55/window_009 ok
[18:03:51] foresight 2023-07-22_13-28-55/window_022 ok
[18:03:51] foresight 2023-07-22_16-24-27/window_004 ok
[18:03:52] foresight 2023-07-22_16-24-27/window_002 ok
[18:03:52] foresight 2023-07-22_13-28-55/window_010 ok
[18:03:52] foresight 2023-07-22_16-24-27/window_005 ok
[18:03:53] foresight 2023-07-22_13-28-55/window_018 ok
[18:03:53] foresight 2023-07-22_13-28-55/window_020 ok
[18:03:53] foresight 2023-07-22_16-24-27/window_003 ok
[18:03:54] foresight 2023-07-22_13-28-55/window_019 ok
[18:03:54] foresight 2023-07-22_13-28-55/window_021 ok
[18:03:55] foresight 2023-07-22_16-24-27/window_007 ok
[18:03:56] foresight 2023-07-22_16-24-27/window_001 ok
[18:03:56] foresight 2023-07-22_16-24-27/window_010 ok
[18:03:56] foresight 2023-07-22_16-24-27/window_009 ok
[18:03:58] foresight 2023-07-22_16-24-27/window_015 ok
[18:03:58] foresight 2023-07-22_16-24-27/window_012 ok
[18:03:58] foresight 2023-07-22_16-24-27/window_008 ok
[18:03:58] foresight 2023-07-22_16-24-27/window_013 ok
[18:03:58] foresight 2023-07-22_16-24-27/window_014 ok
[18:03:59] foresight 2023-07-22_16-24-27/window_018 ok
[18:04:00] foresight 2023-07-22_16-24-27/window_017 ok
[18:04:00] foresight 2023-07-22_16-24-27/window_020 ok
[18:04:01] foresight 2023-07-22_16-24-27/window_023 ok
[18:04:01] foresight 2023-07-22_16-24-27/window_006 ok
[18:04:01] foresight 2023-07-22_16-24-27/window_022 ok
[18:04:01] foresight 2023-07-22_16-24-27/window_024 ok
[18:04:02] foresight 2023-07-22_16-24-27/window_021 ok
[18:04:02] foresight 2023-07-22_16-24-27/window_019 ok
[18:04:03] foresight 2023-07-22_16-24-27/window_011 ok
[18:04:04] foresight 2023-07-22_16-24-27/window_029 ok
[18:04:05] foresight 2023-07-22_16-24-27/window_026 ok
[18:04:05] foresight 2023-07-22_16-24-27/window_016 ok
[18:04:06] foresight 2023-07-22_16-24-27/window_032 ok
[18:04:07] foresight 2023-07-22_16-24-27/window_031 ok
[18:04:08] foresight 2023-07-22_16-24-27/window_027 ok
[18:04:08] foresight 2023-07-22_16-24-27/window_037 ok
[18:04:08] foresight 2023-07-22_16-24-27/window_036 ok
[18:04:09] foresight 2023-07-22_16-24-27/window_033 ok
[18:04:09] foresight 2023-07-22_16-24-27/window_038 ok
[18:04:09] foresight 2023-07-22_16-24-27/window_025 ok
[18:04:09] foresight 2023-07-22_16-24-27/window_028 ok
[18:04:09] foresight 2023-07-22_16-24-27/window_034 ok
[18:04:09] foresight 2023-07-22_16-24-27/window_040 ok
[18:04:10] foresight 2023-07-22_16-24-27/window_044 ok
[18:04:10] foresight 2023-07-22_16-24-27/window_041 ok
[18:04:11] foresight 2023-07-22_16-24-27/window_030 ok
[18:04:12] foresight 2023-07-22_16-24-27/window_042 ok
[18:04:13] foresight 2023-07-22_16-24-27/window_047 ok
[18:04:13] foresight 2023-07-22_16-24-27/window_039 ok
[18:04:14] foresight 2023-07-22_16-24-27/window_048 ok
[18:04:14] foresight 2023-07-22_16-24-27/window_045 ok
[18:04:14] foresight 2023-07-22_16-24-27/window_035 ok
[18:04:16] foresight 2023-07-22_16-24-27/window_049 ok
[18:04:16] foresight 2023-07-22_17-31-58/window_001 ok
[18:04:17] foresight 2023-07-22_16-24-27/window_043 ok
[18:04:17] foresight 2023-07-22_16-24-27/window_051 ok
[18:04:18] foresight 2023-07-22_17-38-50/window_006 ok
[18:04:18] foresight 2023-07-22_16-24-27/window_046 ok
[18:04:18] foresight 2023-07-22_17-38-50/window_007 ok
[18:04:18] foresight 2023-07-22_17-38-50/window_002 ok
[18:04:18] foresight 2023-07-22_17-38-50/window_011 ok
[18:04:18] foresight 2023-07-22_17-38-50/window_004 ok
[18:04:18] foresight 2023-07-22_17-38-50/window_001 ok
[18:04:18] foresight 2023-07-22_17-38-50/window_003 ok
[18:04:19] foresight 2023-07-22_17-38-50/window_005 ok
[18:04:19] foresight 2023-07-22_16-24-27/window_050 ok
[18:04:19] foresight 2023-07-22_17-38-50/window_010 ok
[18:04:20] foresight 2023-07-22_17-38-50/window_008 ok
[18:04:20] foresight 2023-07-22_17-38-50/window_012 ok
[18:04:20] foresight 2023-07-22_17-38-50/window_014 ok
[18:04:22] foresight 2023-07-22_17-38-50/window_013 ok
[18:04:22] foresight 2023-07-23_11-23-18/window_004 ok
[18:04:23] foresight 2023-07-23_11-23-18/window_001 ok
[18:04:23] foresight 2023-07-23_11-23-18/window_002 ok
[18:04:24] foresight 2023-07-23_11-23-18/window_003 ok
[18:04:25] foresight 2023-07-22_17-38-50/window_009 ok
[18:04:25] foresight 2023-07-23_11-23-18/window_006 ok
[18:04:26] foresight 2023-07-23_11-23-18/window_008 ok
[18:04:26] foresight 2023-07-23_11-23-18/window_014 ok
[18:04:26] foresight 2023-07-23_11-23-18/window_007 ok
[18:04:27] foresight 2023-07-23_11-23-18/window_005 ok
[18:04:27] foresight 2023-07-23_11-23-18/window_011 ok
[18:04:27] foresight 2023-07-23_11-23-18/window_010 ok
[18:04:27] foresight 2023-07-23_11-23-18/window_012 ok
[18:04:27] foresight 2023-07-23_11-23-18/window_009 ok
[18:04:28] foresight 2023-07-23_11-23-18/window_015 ok
[18:04:28] foresight 2023-07-23_11-23-18/window_013 ok
[18:04:29] foresight 2023-07-23_11-23-18/window_019 ok
[18:04:29] foresight 2023-07-23_11-23-18/window_017 ok
[18:04:29] foresight 2023-07-23_11-23-18/window_020 ok
[18:04:29] foresight 2023-07-23_11-23-18/window_016 ok
[18:04:32] foresight 2023-07-23_11-52-09/window_003 ok
[18:04:32] foresight 2023-07-23_11-52-09/window_004 ok
[18:04:33] foresight 2023-07-23_11-52-09/window_005 ok
[18:04:33] foresight 2023-07-23_11-52-09/window_001 ok
[18:04:33] foresight 2023-07-23_11-52-09/window_002 ok
[18:04:33] foresight 2023-07-23_11-23-18/window_021 ok
[18:04:34] foresight 2023-07-23_11-52-09/window_010 ok
[18:04:34] foresight 2023-07-23_11-52-09/window_008 ok
[18:04:34] foresight 2023-07-23_11-23-18/window_018 ok
[18:04:35] foresight 2023-07-23_11-52-09/window_009 ok
[18:04:35] foresight 2023-07-23_11-52-09/window_016 ok
[18:04:35] foresight 2023-07-23_11-52-09/window_007 ok
[18:04:36] foresight 2023-07-23_11-52-09/window_012 ok
[18:04:36] foresight 2023-07-23_11-52-09/window_014 ok
[18:04:36] foresight 2023-07-23_11-52-09/window_013 ok
[18:04:36] foresight 2023-07-23_11-52-09/window_015 ok
[18:04:37] foresight 2023-07-23_11-52-09/window_018 ok
[18:04:37] foresight 2023-07-23_11-52-09/window_017 ok
[18:04:38] foresight 2023-07-23_11-52-09/window_020 ok
[18:04:39] foresight 2023-07-23_12-52-39/window_001 ok
[18:04:39] foresight 2023-07-23_11-52-09/window_006 ok
[18:04:40] foresight 2023-07-23_11-52-09/window_011 ok
[18:04:40] foresight 2023-07-23_11-52-09/window_021 ok
[18:04:41] foresight 2023-07-23_11-52-09/window_019 ok
[18:04:41] foresight 2023-07-23_12-52-39/window_004 ok
[18:04:42] foresight 2023-07-23_12-52-39/window_007 ok
[18:04:42] foresight 2023-07-23_12-52-39/window_005 ok
[18:04:42] foresight t1/window_001 ok
[18:04:43] foresight 2023-07-23_12-52-39/window_008 ok
[18:04:44] foresight 2023-07-23_12-52-39/window_006 ok
[18:04:44] foresight 2023-07-23_12-52-39/window_003 ok
[18:04:45] foresight t1/window_002 ok
[18:04:45] foresight t1/window_007 ok
[18:04:45] foresight t1/window_003 ok
[18:04:45] foresight t1/window_004 ok
[18:04:45] foresight t1/window_008 ok
[18:04:47] foresight 2023-07-23_12-52-39/window_002 ok
[18:04:48] foresight t1/window_010 ok
[18:04:48] foresight 2023-07-23_12-52-39/window_009 ok
[18:04:49] foresight t1/window_011 ok
[18:04:49] foresight t1/window_009 ok
[18:04:50] foresight t1/window_012 ok
[18:04:50] foresight t2/window_002 ok
[18:04:51] foresight t2/window_005 ok
[18:04:51] foresight t2/window_007 ok
[18:04:52] foresight t1/window_006 ok
[18:04:52] foresight t2/window_004 ok
[18:04:53] foresight t1/window_005 ok
[18:04:53] foresight t2/window_009 ok
[18:04:54] foresight t2/window_003 ok
[18:04:54] foresight t2/window_014 ok
[18:04:54] foresight t2/window_016 ok
[18:04:54] foresight t2/window_006 ok
[18:04:55] foresight t2/window_015 ok
[18:04:55] foresight t2/window_011 ok
[18:04:55] hindsight 2023-07-20_18-12-05/window_000 flagged
[18:04:56] foresight t2/window_001 ok
[18:04:56] foresight t2/window_010 ok
[18:04:57] foresight t2/window_018 ok
[18:04:58] foresight t2/window_020 ok
[18:04:58] foresight t2/window_013 ok
[18:04:58] foresight t2/window_008 ok
[18:04:59] foresight t2/window_022 ok
[18:04:59] foresight t2/window_021 ok
[18:04:59] foresight t2/window_024 ok
[18:05:00] foresight t2/window_025 ok
[18:05:00] foresight t2/window_023 ok
[18:05:00] foresight t2/window_026 ok
[18:05:01] foresight t2/window_017 ok
[18:05:01] foresight t2/window_019 ok
[18:05:01] foresight t2/window_012 ok
[18:05:02] foresight t2/window_027 ok
[18:05:04] foresight t2/window_031 ok
[18:05:04] foresight t2/window_033 ok
[18:05:04] foresight t2/window_028 ok
[18:05:04] foresight t2/window_032 ok
[18:05:06] foresight t2/window_034 ok
[18:05:08] foresight t2/window_030 ok
[18:05:09] foresight t2/window_029 ok
[18:05:10] hindsight 2023-07-20_18-12-05/window_001 ok
[18:05:11] hindsight 2023-07-20_18-12-05/window_003 ok
[18:05:11] hindsight 2023-07-20_18-12-05/window_004 ok
[18:05:11] hindsight 2023-07-21_12-38-15/window_000 flagged
[18:05:13] hindsight 2023-07-20_18-12-05/window_002 ok
[18:05:15] hindsight 2023-07-20_18-12-05/window_012 ok
[18:05:15] hindsight 2023-07-20_18-12-05/window_006 ok
[18:05:15] hindsight 2023-07-20_18-12-05/window_011 ok
[18:05:15] hindsight 2023-07-20_18-12-05/window_008 ok
[18:05:15] hindsight 2023-07-20_18-12-05/window_014 ok
[18:05:15] hindsight 2023-07-20_18-12-05/window_013 ok
[18:05:15] hindsight 2023-07-20_18-12-05/window_007 ok
[18:05:16] hindsight 2023-07-20_18-12-05/window_005 ok
[18:05:16] hindsight 2023-07-20_18-12-05/window_009 ok
[18:05:16] hindsight 2023-07-20_18-12-05/window_016 ok
[18:05:17] hindsight 2023-07-20_18-12-05/window_010 ok
[18:05:18] hindsight 2023-07-20_18-12-05/window_019 ok
[18:05:18] hindsight 2023-07-21_12-58-11/window_000 flagged
[18:05:18] hindsight 2023-07-20_18-12-05/window_015 ok
[18:05:19] hindsight 2023-07-20_18-12-05/window_020 ok
[18:05:20] hindsight 2023-07-20_18-12-05/window_017 ok
[18:05:20] hindsight 2023-07-20_18-12-05/window_021 ok
[18:05:21] hindsight 2023-07-20_18-12-05/window_022 ok
[18:05:21] hindsight 2023-07-20_18-12-05/window_018 ok
[18:05:22] hindsight 2023-07-20_18-12-05/window_023 ok
[18:05:22] hindsight 2023-07-20_18-12-05/window_025 ok
[18:05:24] hindsight 2023-07-20_18-12-05/window_026 ok
[18:05:25] hindsight 2023-07-20_18-12-05/window_024 ok
[18:05:27] hindsight 2023-07-21_12-38-15/window_001 ok
[18:05:28] hindsight 2023-07-21_12-38-15/window_002 ok
[18:05:30] hindsight 2023-07-21_12-38-15/window_013 ok
[18:05:30] hindsight 2023-07-21_12-38-15/window_004 ok
[18:05:30] hindsight 2023-07-21_12-38-15/window_007 ok
[18:05:30] hindsight 2023-07-21_12-38-15/window_005 ok
[18:05:31] hindsight 2023-07-21_12-38-15/window_003 ok
[18:05:31] hindsight 2023-07-21_12-38-15/window_010 ok
[18:05:31] hindsight 2023-07-21_12-38-15/window_006 ok
[18:05:32] hindsight 2023-07-21_12-38-15/window_008 ok
[18:05:32] hindsight 2023-07-21_12-38-15/window_009 ok
[18:05:32] hindsight 2023-07-21_12-38-15/window_011 ok
[18:05:32] hindsight 2023-07-21_12-38-15/window_012 ok
[18:05:34] hindsight 2023-07-21_12-58-11/window_003 ok
[18:05:34] hindsight 2023-07-21_12-58-11/window_001 ok
[18:05:35] hindsight 2023-07-21_12-58-11/window_004 ok
[18:05:36] hindsight 2023-07-21_12-58-11/window_007 ok
[18:05:36] hindsight 2023-07-21_12-58-11/window_002 ok
[18:05:37] hindsight 2023-07-21_12-58-11/window_005 ok
[18:05:37] hindsight 2023-07-21_12-58-11/window_011 ok
[18:05:38] hindsight 2023-07-21_12-58-11/window_009 ok
[18:05:38] hindsight 2023-07-21_12-58-11/window_006 ok
[18:05:38] hindsight 2023-07-21_12-58-11/window_008 ok
[18:05:39] hindsight 2023-07-21_12-58-11/window_010 ok
[18:05:41] hindsight 2023-07-21_12-58-11/window_015 ok
[18:05:41] hindsight 2023-07-21_12-58-11/window_024 ok
[18:05:43] hindsight 2023-07-21_12-58-11/window_017 ok
[18:05:43] hindsight 2023-07-21_12-58-11/window_013 ok
[18:05:43] hindsight 2023-07-21_13-43-00/window_000 flagged
[18:05:44] hindsight 2023-07-21_12-58-11/window_012 ok
[18:05:44] hindsight 2023-07-21_12-58-11/window_023 ok
[18:05:45] hindsight 2023-07-21_12-58-11/window_028 ok
[18:05:45] hindsight 2023-07-21_12-58-11/window_016 ok
[18:05:45] hindsight 2023-07-21_12-58-11/window_014 ok
[18:05:46] hindsight 2023-07-21_12-58-11/window_019 ok
[18:05:47] hindsight 2023-07-21_12-58-11/window_022 ok
[18:05:47] hindsight 2023-07-21_12-58-11/window_018 ok
[18:05:47] hindsight 2023-07-21_12-58-11/window_020 ok
[18:05:47] hindsight 2023-07-21_13-59-14/window_000 flagged
[18:05:48] hindsight 2023-07-21_12-58-11/window_032 ok
[18:05:49] hindsight 2023-07-21_12-58-11/window_021 ok
[18:05:49] hindsight 2023-07-21_12-58-11/window_025 ok
[18:05:50] hindsight 2023-07-21_12-58-11/window_029 ok
[18:05:51] hindsight 2023-07-21_12-58-11/window_026 ok
[18:05:51] hindsight 2023-07-21_14-08-29/window_000 flagged
[18:05:51] hindsight 2023-07-21_12-58-11/window_027 ok
[18:05:52] hindsight 2023-07-21_12-58-11/window_037 ok
[18:05:52] hindsight 2023-07-21_12-58-11/window_033 ok
[18:05:53] hindsight 2023-07-21_12-58-11/window_030 ok
[18:05:54] hindsight 2023-07-21_12-58-11/window_031 ok
[18:05:54] hindsight 2023-07-21_12-58-11/window_034 ok
[18:05:54] hindsight 2023-07-21_12-58-11/window_035 ok
[18:05:56] hindsight 2023-07-21_12-58-11/window_036 ok
[18:05:57] hindsight 2023-07-21_13-43-00/window_001 ok
[18:05:58] hindsight 2023-07-21_13-43-00/window_004 ok
[18:05:59] hindsight 2023-07-21_12-58-11/window_038 ok
[18:05:59] hindsight 2023-07-21_13-43-00/window_003 ok
[18:06:00] hindsight 2023-07-21_13-43-00/window_002 ok
[18:06:00] hindsight 2023-07-21_13-43-00/window_005 ok
[18:06:00] hindsight 2023-07-21_13-43-00/window_006 ok
[18:06:01] hindsight 2023-07-21_13-59-14/window_005 ok
[18:06:02] hindsight 2023-07-21_13-43-00/window_007 ok
[18:06:03] hindsight 2023-07-21_13-59-14/window_001 ok
[18:06:03] hindsight 2023-07-21_13-43-00/window_009 ok
[18:06:03] hindsight 2023-07-21_14-08-29/window_003 ok
[18:06:03] hindsight 2023-07-21_13-59-14/window_004 ok
[18:06:04] hindsight 2023-07-21_13-43-00/window_008 ok
[18:06:04] hindsight 2023-07-21_13-59-14/window_003 ok
[18:06:04] hindsight 2023-07-21_13-59-14/window_002 ok
[18:06:06] hindsight 2023-07-21_14-08-29/window_004 ok
[18:06:06] hindsight 2023-07-21_14-08-29/window_001 ok
[18:06:07] hindsight 2023-07-21_14-08-29/window_005 ok
[18:06:08] hindsight 2023-07-21_14-08-29/window_007 ok
[18:06:08] hindsight 2023-07-21_14-44-56/window_000 flagged
[18:06:08] hindsight 2023-07-21_14-08-29/window_002 ok
[18:06:10] hindsight 2023-07-21_14-08-29/window_006 ok
[18:06:10] hindsight 2023-07-21_14-08-29/window_008 ok
[18:06:10] hindsight 2023-07-21_17-07-00/window_000 flagged
[18:06:12] hindsight 2023-07-21_14-08-29/window_009 ok
[18:06:13] hindsight 2023-07-21_14-08-29/window_010 ok
[18:06:14] hindsight 2023-07-21_14-08-29/window_013 ok
[18:06:14] hindsight 2023-07-21_14-08-29/window_011 ok
[18:06:15] hindsight 2023-07-21_14-08-29/window_012 ok
[18:06:16] hindsight 2023-07-21_14-08-29/window_015 ok
[18:06:16] hindsight 2023-07-21_14-08-29/window_021 ok
[18:06:17] hindsight 2023-07-21_14-08-29/window_017 ok
[18:06:17] hindsight 2023-07-21_14-08-29/window_018 ok
[18:06:17] hindsight 2023-07-21_14-08-29/window_016 ok
[18:06:17] hindsight 2023-07-21_14-08-29/window_014 ok
[18:06:18] hindsight 2023-07-21_14-08-29/window_019 ok
[18:06:18] hindsight 2023-07-21_14-08-29/window_023 ok
[18:06:20] hindsight 2023-07-21_14-08-29/window_022 ok
[18:06:20] hindsight 2023-07-21_14-08-29/window_020 ok
[18:06:20] hindsight 2023-07-21_14-08-29/window_026 ok
[18:06:20] hindsight 2023-07-21_14-08-29/window_024 ok
[18:06:21] hindsight 2023-07-21_14-08-29/window_027 ok
[18:06:21] hindsight 2023-07-21_14-08-29/window_025 ok
[18:06:22] hindsight 2023-07-21_17-07-00/window_001 ok
[18:06:22] hindsight 2023-07-21_14-44-56/window_001 ok
[18:06:24] hindsight 2023-07-21_14-08-29/window_028 ok
[18:06:24] hindsight 2023-07-21_17-07-00/window_023 flagged
[18:06:24] hindsight 2023-07-21_17-07-00/window_024 flagged
[18:06:24] hindsight 2023-07-21_17-34-18/window_000 flagged
[18:06:24] hindsight 2023-07-21_14-44-56/window_003 ok
[18:06:26] hindsight 2023-07-21_14-44-56/window_002 ok
[18:06:27] hindsight 2023-07-21_17-07-00/window_003 ok
[18:06:27] hindsight 2023-07-21_17-07-00/window_006 ok
[18:06:27] hindsight 2023-07-21_17-07-00/window_002 ok
[18:06:28] hindsight 2023-07-21_17-07-00/window_005 ok
[18:06:29] hindsight 2023-07-21_17-07-00/window_012 ok
[18:06:30] hindsight 2023-07-21_17-07-00/window_014 ok
[18:06:30] hindsight 2023-07-21_17-45-42/window_000 flagged
[18:06:30] hindsight 2023-07-21_17-07-00/window_004 ok
[18:06:31] hindsight 2023-07-21_17-07-00/window_008 ok
[18:06:32] hindsight 2023-07-21_17-07-00/window_011 ok
[18:06:33] hindsight 2023-07-21_17-07-00/window_007 ok
[18:06:33] hindsight 2023-07-21_17-07-00/window_013 ok
[18:06:33] hindsight 2023-07-21_17-07-00/window_010 ok
[18:06:33] hindsight 2023-07-21_17-07-00/window_009 ok
[18:06:33] hindsight 2023-07-21_17-07-00/window_015 ok
[18:06:34] hindsight 2023-07-21_17-07-00/window_016 ok
[18:06:36] hindsight 2023-07-21_17-07-00/window_020 ok
[18:06:36] hindsight 2023-07-21_17-07-00/window_018 ok
[18:06:37] hindsight 2023-07-21_17-07-00/window_022 ok
[18:06:37] hindsight 2023-07-21_17-07-00/window_019 ok
[18:06:38] hindsight 2023-07-21_17-07-00/window_017 ok
[18:06:38] hindsight 2023-07-21_17-34-18/window_005 ok
[18:06:38] hindsight 2023-07-21_17-07-00/window_021 ok
[18:06:39] hindsight 2023-07-21_17-34-18/window_002 ok
[18:06:40] hindsight 2023-07-21_17-34-18/window_004 ok
[18:06:40] hindsight 2023-07-21_17-45-42/window_002 ok
[18:06:41] hindsight 2023-07-21_17-34-18/window_001 ok
[18:06:42] hindsight 2023-07-21_17-34-18/window_003 ok
[18:06:42] hindsight 2023-07-21_17-45-42/window_001 ok
[18:06:43] hindsight 2023-07-21_17-45-42/window_003 ok
[18:06:44] hindsight 2023-07-21_17-34-18/window_006 ok
[18:06:44] hindsight 2023-07-21_17-34-18/window_007 ok
[18:06:44] hindsight 2023-07-22_13-00-57/window_000 flagged
[18:06:45] hindsight 2023-07-21_17-45-42/window_008 ok
[18:06:46] hindsight 2023-07-21_17-34-18/window_008 ok
[18:06:46] hindsight 2023-07-21_17-45-42/window_007 ok
[18:06:48] hindsight 2023-07-21_17-45-42/window_010 ok
[18:06:48] hindsight 2023-07-21_17-45-42/window_012 ok
[18:06:48] hindsight 2023-07-22_13-00-57/window_006 flagged
[18:06:48] hindsight 2023-07-21_17-45-42/window_006 ok
[18:06:48] hindsight 2023-07-22_13-28-55/window_000 flagged
[18:06:48] hindsight 2023-07-21_17-45-42/window_009 ok
[18:06:49] hindsight 2023-07-21_17-45-42/window_004 ok
[18:06:50] hindsight 2023-07-21_17-45-42/window_005 ok
[18:06:51] hindsight 2023-07-21_17-45-42/window_011 ok
[18:06:52] hindsight 2023-07-21_17-45-42/window_016 ok
[18:06:52] hindsight 2023-07-21_17-45-42/window_015 ok
[18:06:53] hindsight 2023-07-21_17-45-42/window_017 ok
[18:06:54] hindsight 2023-07-21_17-45-42/window_013 ok
[18:06:54] hindsight 2023-07-21_17-45-42/window_014 ok
[18:06:54] hindsight 2023-07-21_17-45-42/window_018 ok
[18:06:55] hindsight 2023-07-21_17-45-42/window_020 ok
[18:06:55] hindsight 2023-07-21_17-45-42/window_021 ok
[18:06:56] hindsight 2023-07-22_13-00-57/window_007 ok
[18:06:56] hindsight 2023-07-22_13-00-57/window_004 ok
[18:06:57] hindsight 2023-07-22_13-00-57/window_005 ok
[18:06:57] hindsight 2023-07-21_17-45-42/window_019 ok
[18:06:57] hindsight 2023-07-21_17-45-42/window_023 ok
[18:06:58] hindsight 2023-07-21_17-45-42/window_022 ok
[18:06:58] hindsight 2023-07-21_17-45-42/window_025 ok
[18:06:59] hindsight 2023-07-21_17-45-42/window_024 ok
[18:06:59] hindsight 2023-07-22_13-00-57/window_001 ok
[18:07:00] hindsight 2023-07-22_13-00-57/window_002 ok
[18:07:00] hindsight 2023-07-22_16-24-27/window_000 flagged
[18:07:00] hindsight 2023-07-22_13-00-57/window_003 ok
[18:07:04] hindsight 2023-07-22_13-28-55/window_001 ok
[18:07:04] hindsight 2023-07-22_13-28-55/window_002 ok
[18:07:06] hindsight 2023-07-22_13-28-55/window_003 ok
[18:07:06] hindsight 2023-07-22_13-28-55/window_004 ok
[18:07:07] hindsight 2023-07-22_13-28-55/window_006 ok
[18:07:08] hindsight 2023-07-22_13-28-55/window_005 ok
[18:07:09] hindsight 2023-07-22_13-28-55/window_009 ok
[18:07:09] hindsight 2023-07-22_13-28-55/window_007 ok
[18:07:09] hindsight 2023-07-22_13-28-55/window_015 ok
[18:07:10] hindsight 2023-07-22_13-28-55/window_008 ok
[18:07:10] hindsight 2023-07-22_13-28-55/window_010 ok
[18:07:11] hindsight 2023-07-22_13-28-55/window_021 ok
[18:07:11] hindsight 2023-07-22_13-28-55/window_012 ok
[18:07:11] hindsight 2023-07-22_13-28-55/window_019 ok
[18:07:11] hindsight 2023-07-22_13-28-55/window_011 ok
[18:07:11] hindsight 2023-07-22_13-28-55/window_018 ok
[18:07:11] hindsight 2023-07-22_13-28-55/window_013 ok
[18:07:12] hindsight 2023-07-22_13-28-55/window_014 ok
[18:07:13] hindsight 2023-07-22_13-28-55/window_016 ok
[18:07:13] hindsight 2023-07-22_13-28-55/window_017 ok
[18:07:14] hindsight 2023-07-22_13-28-55/window_020 ok
[18:07:14] hindsight 2023-07-22_16-24-27/window_001 ok
[18:07:15] hindsight 2023-07-22_13-28-55/window_022 ok
[18:07:17] hindsight 2023-07-22_16-24-27/window_002 ok
[18:07:18] hindsight 2023-07-22_16-24-27/window_003 ok
[18:07:20] hindsight 2023-07-22_16-24-27/window_004 ok
[18:07:21] hindsight 2023-07-22_16-24-27/window_005 ok
[18:07:22] hindsight 2023-07-22_16-24-27/window_008 ok
[18:07:23] hindsight 2023-07-22_16-24-27/window_006 ok
[18:07:24] hindsight 2023-07-22_16-24-27/window_009 ok
[18:07:24] hindsight 2023-07-22_16-24-27/window_007 ok
[18:07:25] hindsight 2023-07-22_16-24-27/window_010 ok
[18:07:25] hindsight 2023-07-22_16-24-27/window_011 ok
[18:07:26] hindsight 2023-07-22_16-24-27/window_014 ok
[18:07:26] hindsight 2023-07-22_16-24-27/window_015 ok
[18:07:26] hindsight 2023-07-22_16-24-27/window_012 ok
[18:07:26] hindsight 2023-07-22_16-24-27/window_018 ok
[18:07:27] hindsight 2023-07-22_16-24-27/window_013 ok
[18:07:27] hindsight 2023-07-22_16-24-27/window_019 ok
[18:07:28] hindsight 2023-07-22_16-24-27/window_016 ok
[18:07:28] hindsight 2023-07-22_16-24-27/window_020 ok
[18:07:29] hindsight 2023-07-22_16-24-27/window_017 ok
[18:07:29] hindsight 2023-07-22_16-24-27/window_021 ok
[18:07:29] hindsight 2023-07-22_16-24-27/window_022 ok
[18:07:29] hindsight 2023-07-22_16-24-27/window_024 ok
[18:07:30] hindsight 2023-07-22_16-24-27/window_023 ok
[18:07:30] hindsight 2023-07-22_16-24-27/window_025 ok
[18:07:31] hindsight 2023-07-22_16-24-27/window_027 ok
[18:07:32] hindsight 2023-07-22_16-24-27/window_026 ok
[18:07:35] hindsight 2023-07-22_16-24-27/window_028 ok
[18:07:35] hindsight 2023-07-22_17-18-36/window_000 flagged
[18:07:35] hindsight 2023-07-22_17-31-58/window_000 flagged
[18:07:36] hindsight 2023-07-22_16-24-27/window_034 ok
[18:07:36] hindsight 2023-07-22_17-38-50/window_000 flagged
[18:07:38] hindsight 2023-07-22_16-24-27/window_029 ok
[18:07:38] hindsight 2023-07-22_16-24-27/window_030 ok
[18:07:38] hindsight 2023-07-22_16-24-27/window_033 ok
[18:07:38] hindsight 2023-07-22_16-24-27/window_038 ok
[18:07:39] hindsight 2023-07-22_16-24-27/window_031 ok
[18:07:40] hindsight 2023-07-22_16-24-27/window_035 ok
[18:07:40] hindsight 2023-07-22_16-24-27/window_036 ok
[18:07:41] hindsight 2023-07-22_16-24-27/window_039 ok
[18:07:41] hindsight 2023-07-22_16-24-27/window_040 ok
[18:07:41] hindsight 2023-07-22_16-24-27/window_049 ok
[18:07:42] hindsight 2023-07-22_16-24-27/window_032 ok
[18:07:43] hindsight 2023-07-22_16-24-27/window_047 ok
[18:07:43] hindsight 2023-07-22_16-24-27/window_037 ok
[18:07:43] hindsight 2023-07-22_16-24-27/window_043 ok
[18:07:43] hindsight 2023-07-23_11-23-18/window_000 flagged
[18:07:43] hindsight 2023-07-22_16-24-27/window_046 ok
[18:07:43] hindsight 2023-07-22_16-24-27/window_041 ok
[18:07:44] hindsight 2023-07-22_16-24-27/window_050 ok
[18:07:44] hindsight 2023-07-22_16-24-27/window_045 ok
[18:07:44] hindsight 2023-07-22_16-24-27/window_044 ok
[18:07:44] hindsight 2023-07-22_16-24-27/window_042 ok
[18:07:45] hindsight 2023-07-22_16-24-27/window_048 ok
[18:07:46] hindsight 2023-07-22_16-24-27/window_051 ok
[18:07:49] hindsight 2023-07-22_17-31-58/window_001 ok
[18:07:51] hindsight 2023-07-22_17-38-50/window_008 ok
[18:07:52] hindsight 2023-07-22_17-38-50/window_005 ok
[18:07:53] hindsight 2023-07-22_17-38-50/window_001 ok
[18:07:53] hindsight 2023-07-22_17-38-50/window_003 ok
[18:07:53] hindsight 2023-07-22_17-38-50/window_002 ok
[18:07:53] hindsight 2023-07-22_17-38-50/window_004 ok
[18:07:55] hindsight 2023-07-22_17-38-50/window_007 ok
[18:07:55] hindsight 2023-07-22_17-38-50/window_006 ok
[18:07:55] hindsight 2023-07-22_17-38-50/window_009 ok
[18:07:57] hindsight 2023-07-22_17-38-50/window_010 ok
[18:07:57] hindsight 2023-07-22_17-38-50/window_012 ok
[18:07:58] hindsight 2023-07-23_11-23-18/window_003 ok
[18:07:58] hindsight 2023-07-23_11-52-09/window_000 unscoreable
[18:07:58] hindsight 2023-07-22_17-38-50/window_011 ok
[18:07:59] hindsight 2023-07-22_17-38-50/window_013 ok
[18:07:59] hindsight 2023-07-23_11-23-18/window_004 ok
[18:08:00] hindsight 2023-07-23_11-23-18/window_006 ok
[18:08:00] hindsight 2023-07-23_11-23-18/window_005 ok
[18:08:00] hindsight 2023-07-23_11-23-18/window_001 ok
[18:08:00] hindsight 2023-07-22_17-38-50/window_014 ok
[18:08:00] hindsight 2023-07-23_11-23-18/window_007 ok
[18:08:00] hindsight 2023-07-23_11-23-18/window_009 ok
[18:08:01] hindsight 2023-07-23_11-23-18/window_008 ok
[18:08:01] hindsight 2023-07-23_11-23-18/window_002 ok
[18:08:04] hindsight 2023-07-23_11-23-18/window_010 ok
[18:08:06] hindsight 2023-07-23_11-23-18/window_011 ok
[18:08:07] hindsight 2023-07-23_11-23-18/window_012 ok
[18:08:08] hindsight 2023-07-23_11-23-18/window_013 ok
[18:08:08] hindsight 2023-07-23_11-52-09/window_010 ok
[18:08:09] hindsight 2023-07-23_11-23-18/window_015 ok
[18:08:09] hindsight 2023-07-23_11-23-18/window_014 ok
[18:08:10] hindsight 2023-07-23_11-23-18/window_016 ok
[18:08:11] hindsight 2023-07-23_11-23-18/window_017 ok
[18:08:11] hindsight 2023-07-23_11-23-18/window_021 ok
[18:08:11] hindsight 2023-07-23_12-52-39/window_000 flagged
[18:08:11] hindsight 2023-07-23_11-23-18/window_019 ok
[18:08:11] hindsight 2023-07-23_11-52-09/window_001 ok
[18:08:12] hindsight 2023-07-23_11-23-18/window_018 ok
[18:08:12] hindsight 2023-07-23_11-23-18/window_020 ok
[18:08:13] hindsight 2023-07-23_11-52-09/window_002 ok
[18:08:13] hindsight 2023-07-23_11-52-09/window_003 ok
[18:08:13] hindsight 2023-07-23_11-52-09/window_011 ok
[18:08:16] hindsight 2023-07-23_11-52-09/window_008 ok
[18:08:16] hindsight 2023-07-23_11-52-09/window_007 ok
[18:08:16] hindsight t1/window_000 flagged
[18:08:16] hindsight 2023-07-23_11-52-09/window_012 ok
[18:08:16] hindsight 2023-07-23_11-52-09/window_006 ok
[18:08:16] hindsight 2023-07-23_11-52-09/window_005 ok
[18:08:17] hindsight 2023-07-23_11-52-09/window_009 ok
[18:08:17] hindsight 2023-07-23_11-52-09/window_004 ok
[18:08:18] hindsight 2023-07-23_11-52-09/window_013 ok
[18:08:22] hindsight 2023-07-23_11-52-09/window_015 ok
[18:08:22] hindsight 2023-07-23_11-52-09/window_014 ok
[18:08:23] hindsight 2023-07-23_11-52-09/window_017 ok
[18:08:24] hindsight 2023-07-23_11-52-09/window_018 ok
[18:08:24] hindsight 2023-07-23_11-52-09/window_016 ok
[18:08:25] hindsight 2023-07-23_11-52-09/window_021 ok
[18:08:25] hindsight t2/window_000 unscoreable
[18:08:26] hindsight 2023-07-23_11-52-09/window_020 ok
[18:08:27] hindsight 2023-07-23_12-52-39/window_001 ok
[18:08:27] hindsight 2023-07-23_11-52-09/window_019 ok
[18:08:27] hindsight 2023-07-23_12-52-39/window_002 ok
[18:08:27] hindsight 2023-07-23_12-52-39/window_004 ok
[18:08:27] hindsight 2023-07-23_12-52-39/window_003 ok
[18:08:28] hindsight 2023-07-23_12-52-39/window_007 ok
[18:08:28] hindsight 2023-07-23_12-52-39/window_009 ok
[18:08:28] hindsight 2023-07-23_12-52-39/window_006 ok
[18:08:28] hindsight 2023-07-23_12-52-39/window_008 ok
[18:08:29] hindsight 2023-07-23_12-52-39/window_005 ok
[18:08:31] hindsight t1/window_006 ok
[18:08:32] hindsight t1/window_002 ok
[18:08:32] hindsight t1/window_003 ok
[18:08:33] hindsight t1/window_004 ok
[18:08:33] hindsight t1/window_001 ok
[18:08:33] hindsight t1/window_007 ok
[18:08:34] hindsight t1/window_005 ok
[18:08:35] hindsight t1/window_012 ok
[18:08:36] hindsight t1/window_008 ok
[18:08:37] hindsight t1/window_009 ok
[18:08:38] hindsight t1/window_010 ok
[18:08:38] hindsight t1/window_011 ok
[18:08:40] hindsight t2/window_011 ok
[18:08:41] hindsight t2/window_002 ok
[18:08:42] hindsight t2/window_001 ok
[18:08:42] hindsight t2/window_008 ok
[18:08:42] hindsight t2/window_010 ok
[18:08:42] hindsight t2/window_003 ok
[18:08:42] hindsight t2/window_004 ok
[18:08:43] hindsight t2/window_007 ok
[18:08:44] hindsight t2/window_006 ok
[18:08:44] hindsight t2/window_005 ok
[18:08:45] hindsight t2/window_009 ok
[18:08:45] hindsight t2/window_012 ok
[18:08:46] hindsight t2/window_016 ok
[18:08:46] hindsight t2/window_013 ok
[18:08:47] hindsight t2/window_014 ok
[18:08:48] hindsight t2/window_015 ok
[18:08:48] hindsight t2/window_017 ok
[18:08:48] hindsight t2/window_020 ok
[18:08:49] hindsight t2/window_018 ok
[18:08:49] hindsight t2/window_019 ok
[18:08:50] hindsight t2/window_021 ok
[18:08:50] hindsight t2/window_022 ok
[18:08:52] hindsight t2/window_024 ok
[18:08:52] hindsight t2/window_023 ok
[18:08:52] hindsight t2/window_025 ok
[18:08:53] hindsight t2/window_027 ok
[18:08:53] hindsight t2/window_028 ok
[18:08:54] hindsight t2/window_032 ok
[18:08:54] hindsight t2/window_026 ok
[18:08:54] hindsight t2/window_029 ok
[18:08:54] hindsight t2/window_030 ok
[18:08:54] hindsight t2/window_034 ok
[18:08:54] hindsight t2/window_031 ok
[18:08:55] hindsight t2/window_033 ok

== foresight: 363 windows, median sigma points 5041
  clark-corr  relE 1.98e-03 relSD 0.027 sd/mc 0.995 cvar med 0.0045 p95 0.120
  clark       relE 1.98e-03 relSD 0.060 sd/mc 0.940 cvar med 0.0087 p95 0.261
  fosm        relE 2.35e-02 relSD 0.039 sd/mc 1.001 cvar med 0.0126 p95 0.810
  unscented   relE 1.43e-01 relSD 15.458 sd/mc 16.458 cvar med 1.0737 p95 8.574
  mc-32       relE 1.26e-02 relSD 0.097 sd/mc 0.981 cvar med 0.0082 p95 0.358
  paired: {'clark-corr_E_below_ut': 362, 'clark-corr_sd_below_ut': 363, 'clark-corr_cvar_below_ut': 363, 'ut_E_below_fosm': 55}

== hindsight: 368 windows, median sigma points 6553
  clark-corr  relE 8.47e-04 relSD 0.019 sd/mc 1.012 cvar med 0.0019 p95 0.159
  clark       relE 8.47e-04 relSD 0.036 sd/mc 0.964 cvar med 0.0054 p95 0.261
  fosm        relE 1.45e-02 relSD 0.026 sd/mc 0.996 cvar med 0.0075 p95 0.921
  unscented   relE 7.26e-02 relSD 8.317 sd/mc 9.317 cvar med 0.5436 p95 9.343
  mc-32       relE 1.01e-02 relSD 0.087 sd/mc 0.991 cvar med 0.0083 p95 0.455
  paired: {'clark-corr_E_below_ut': 363, 'clark-corr_sd_below_ut': 368, 'clark-corr_cvar_below_ut': 368, 'ut_E_below_fosm': 65}
wrote out/v2/unscented
